<html>
<body>
<pre>
<h1>µVision Build Log</h1>
<h2>Tool Versions:</h2>
IDE-Version: ¦ÌVision V5.38.0.0
Copyright (C) 2022 ARM Ltd and ARM Germany GmbH. All rights reserved.
License Information: 1 1, 1, LIC=WHYH9-427S1-EVJ1R-K1PBF-C3LTS-X8MY8
 
Tool Versions:
Toolchain:       MDK-ARM Plus  Version: 5.41.0.0
Toolchain Path:  D:\Keil_v5\ARM\Version5.06\Bin
C Compiler:      Armcc.exe V5.06 update 7 (build 960)
Assembler:       Armasm.exe V5.06 update 7 (build 960)
Linker/Locator:  ArmLink.exe V5.06 update 7 (build 960)
Library Manager: ArmAr.exe V5.06 update 7 (build 960)
Hex Converter:   FromElf.exe V5.06 update 7 (build 960)
CPU DLL:         SARMCM3.DLL V5.41.0.0
Dialog DLL:      DCM.DLL V1.17.5.0
Target DLL:      STLink\ST-LINKIII-KEIL_SWO.dll V3.3.0.0
Dialog DLL:      TCM.DLL V1.56.4.0
 
<h2>Project:</h2>
D:\ThreeToTwo\MDK-ARM\MOTOR.uvprojx
Project File Date:  01/24/2026

<h2>Output:</h2>
*** Using Compiler 'V5.06 update 7 (build 960)', folder: 'D:\Keil_v5\ARM\Version5.06\Bin'
Build target 'MOTOR'
compiling stm32g4xx_ll_adc.c...
compiling stm32g4xx_hal_rcc.c...
compiling stm32g4xx_hal.c...
compiling stm32g4xx_hal_exti.c...
compiling stm32g4xx_hal_msp.c...
compiling stm32g4xx_hal_flash_ramfunc.c...
compiling main.c...
compiling stm32g4xx_it.c...
compiling stm32g4xx_hal_dma_ex.c...
compiling stm32g4xx_hal_dma.c...
compiling stm32g4xx_hal_flash_ex.c...
compiling stm32g4xx_hal_flash.c...
compiling stm32g4xx_hal_gpio.c...
compiling stm32g4xx_hal_adc_ex.c...
compiling stm32g4xx_hal_rcc_ex.c...
compiling stm32g4xx_hal_adc.c...
compiling stm32g4xx_hal_cortex.c...
compiling led_task.c...
compiling system_stm32g4xx.c...
compiling stm32g4xx_hal_spi_ex.c...
compiling stm32g4xx_hal_spi.c...
compiling stm32g4xx_hal_pwr.c...
compiling usart_drv.c...
compiling stm32g4xx_hal_uart.c...
compiling usart_task.c...
compiling lcd_task.c...
compiling stm32g4xx_hal_uart_ex.c...
compiling lcd_drv.c...
compiling stm32g4xx_hal_tim_ex.c...
compiling stm32g4xx_hal_pwr_ex.c...
compiling stm32g4xx_hal_tim.c...
compiling motor_identify.c...
..\User\MotorControl\motor_identify.h(6): warning:  #1295-D: Deprecated declaration Motor_Identify - give arg types
  void Motor_Identify();
..\User\MotorControl\motor_identify.c: 1 warning, 0 errors
compiling motor_sensoruse.c...
compiling motor_publicdata.c...
compiling math_drv.c...
compiling stepper_foc.c...
compiling motor_system.c...
compiling sample_drv.c...
compiling speed_drv.c...
compiling pid_drv.c...
compiling motor_sensorless.c...
compiling encoder_drv.c...
compiling observer_drv.c...
compiling position_drv.c...
compiling foc_drv.c...
compiling global_control.c...
linking...
Program Size: Code=19276 RO-data=1080 RW-data=48 ZI-data=2576  
FromELF: creating hex file...
"MOTOR\MOTOR.axf" - 0 Error(s), 1 Warning(s).

<h2>Software Packages used:</h2>

Package Vendor: ARM
                https://www.keil.com/pack/ARM.CMSIS.6.1.0.pack
                ARM.CMSIS.6.1.0
                CMSIS (Common Microcontroller Software Interface Standard)
   * Component: CORE Version: 6.1.0

Package Vendor: Keil
                https://www.keil.com/pack/Keil.STM32G4xx_DFP.2.2.0.pack
                Keil.STM32G4xx_DFP.2.2.0
                STMicroelectronics STM32G4 Series Device Support

<h2>Collection of Component include folders:</h2>
  ./RTE/_MOTOR
  D:/Keil_v5/ARM/PACK/ARM/CMSIS/6.1.0/CMSIS/Core/Include

<h2>Collection of Component Files used:</h2>

   * Component: ARM::CMSIS:CORE:6.1.0
      Include file:  CMSIS/Core/Include/tz_context.h
Build Time Elapsed:  00:00:27
</pre>
</body>
</html>
