Component: ARM Compiler 5.06 update 7 (build 960) Tool: armlink [4d3601]

==============================================================================

Section Cross References

    startup_stm32g431xx.o(RESET) refers to startup_stm32g431xx.o(STACK) for __initial_sp
    startup_stm32g431xx.o(RESET) refers to startup_stm32g431xx.o(.text) for Reset_Handler
    startup_stm32g431xx.o(RESET) refers to stm32g4xx_it.o(i.NMI_Handler) for NMI_Handler
    startup_stm32g431xx.o(RESET) refers to stm32g4xx_it.o(i.HardFault_Handler) for HardFault_Handler
    startup_stm32g431xx.o(RESET) refers to stm32g4xx_it.o(i.MemManage_Handler) for MemManage_Handler
    startup_stm32g431xx.o(RESET) refers to stm32g4xx_it.o(i.BusFault_Handler) for BusFault_Handler
    startup_stm32g431xx.o(RESET) refers to stm32g4xx_it.o(i.UsageFault_Handler) for UsageFault_Handler
    startup_stm32g431xx.o(RESET) refers to stm32g4xx_it.o(i.SVC_Handler) for SVC_Handler
    startup_stm32g431xx.o(RESET) refers to stm32g4xx_it.o(i.DebugMon_Handler) for DebugMon_Handler
    startup_stm32g431xx.o(RESET) refers to stm32g4xx_it.o(i.PendSV_Handler) for PendSV_Handler
    startup_stm32g431xx.o(RESET) refers to stm32g4xx_it.o(i.SysTick_Handler) for SysTick_Handler
    startup_stm32g431xx.o(RESET) refers to stm32g4xx_it.o(i.ADC1_2_IRQHandler) for ADC1_2_IRQHandler
    startup_stm32g431xx.o(RESET) refers to stm32g4xx_it.o(i.TIM1_UP_TIM16_IRQHandler) for TIM1_UP_TIM16_IRQHandler
    startup_stm32g431xx.o(.text) refers to system_stm32g4xx.o(i.SystemInit) for SystemInit
    startup_stm32g431xx.o(.text) refers to entry.o(.ARM.Collect$$$$00000000) for __main
    main.o(i.MX_ADC2_Init) refers to memseta.o(.text) for __aeabi_memclr4
    main.o(i.MX_ADC2_Init) refers to stm32g4xx_hal_adc.o(i.HAL_ADC_Init) for HAL_ADC_Init
    main.o(i.MX_ADC2_Init) refers to stm32g4xx_hal_adc.o(i.HAL_ADC_ConfigChannel) for HAL_ADC_ConfigChannel
    main.o(i.MX_ADC2_Init) refers to stm32g4xx_hal_adc_ex.o(i.HAL_ADCEx_InjectedConfigChannel) for HAL_ADCEx_InjectedConfigChannel
    main.o(i.MX_ADC2_Init) refers to main.o(.bss) for .bss
    main.o(i.MX_GPIO_Init) refers to memseta.o(.text) for __aeabi_memclr4
    main.o(i.MX_GPIO_Init) refers to stm32g4xx_hal_gpio.o(i.HAL_GPIO_WritePin) for HAL_GPIO_WritePin
    main.o(i.MX_GPIO_Init) refers to stm32g4xx_hal_gpio.o(i.HAL_GPIO_Init) for HAL_GPIO_Init
    main.o(i.MX_SPI3_Init) refers to stm32g4xx_hal_spi.o(i.HAL_SPI_Init) for HAL_SPI_Init
    main.o(i.MX_SPI3_Init) refers to main.o(.bss) for .bss
    main.o(i.MX_TIM1_Init) refers to memseta.o(.text) for __aeabi_memclr4
    main.o(i.MX_TIM1_Init) refers to stm32g4xx_hal_tim.o(i.HAL_TIM_Base_Init) for HAL_TIM_Base_Init
    main.o(i.MX_TIM1_Init) refers to stm32g4xx_hal_tim.o(i.HAL_TIM_ConfigClockSource) for HAL_TIM_ConfigClockSource
    main.o(i.MX_TIM1_Init) refers to stm32g4xx_hal_tim.o(i.HAL_TIM_PWM_Init) for HAL_TIM_PWM_Init
    main.o(i.MX_TIM1_Init) refers to stm32g4xx_hal_tim_ex.o(i.HAL_TIMEx_MasterConfigSynchronization) for HAL_TIMEx_MasterConfigSynchronization
    main.o(i.MX_TIM1_Init) refers to stm32g4xx_hal_tim.o(i.HAL_TIM_PWM_ConfigChannel) for HAL_TIM_PWM_ConfigChannel
    main.o(i.MX_TIM1_Init) refers to stm32g4xx_hal_tim_ex.o(i.HAL_TIMEx_ConfigBreakDeadTime) for HAL_TIMEx_ConfigBreakDeadTime
    main.o(i.MX_TIM1_Init) refers to stm32g4xx_hal_msp.o(i.HAL_TIM_MspPostInit) for HAL_TIM_MspPostInit
    main.o(i.MX_TIM1_Init) refers to main.o(.bss) for .bss
    main.o(i.MX_TIM3_Init) refers to memseta.o(.text) for __aeabi_memclr4
    main.o(i.MX_TIM3_Init) refers to stm32g4xx_hal_tim.o(i.HAL_TIM_Encoder_Init) for HAL_TIM_Encoder_Init
    main.o(i.MX_TIM3_Init) refers to stm32g4xx_hal_tim_ex.o(i.HAL_TIMEx_MasterConfigSynchronization) for HAL_TIMEx_MasterConfigSynchronization
    main.o(i.MX_TIM3_Init) refers to main.o(.bss) for .bss
    main.o(i.MX_USART1_UART_Init) refers to stm32g4xx_hal_uart.o(i.HAL_UART_Init) for HAL_UART_Init
    main.o(i.MX_USART1_UART_Init) refers to stm32g4xx_hal_uart_ex.o(i.HAL_UARTEx_SetTxFifoThreshold) for HAL_UARTEx_SetTxFifoThreshold
    main.o(i.MX_USART1_UART_Init) refers to stm32g4xx_hal_uart_ex.o(i.HAL_UARTEx_SetRxFifoThreshold) for HAL_UARTEx_SetRxFifoThreshold
    main.o(i.MX_USART1_UART_Init) refers to stm32g4xx_hal_uart_ex.o(i.HAL_UARTEx_DisableFifoMode) for HAL_UARTEx_DisableFifoMode
    main.o(i.MX_USART1_UART_Init) refers to main.o(.bss) for .bss
    main.o(i.SystemClock_Config) refers to memseta.o(.text) for __aeabi_memclr4
    main.o(i.SystemClock_Config) refers to stm32g4xx_hal_pwr_ex.o(i.HAL_PWREx_ControlVoltageScaling) for HAL_PWREx_ControlVoltageScaling
    main.o(i.SystemClock_Config) refers to stm32g4xx_hal_rcc.o(i.HAL_RCC_OscConfig) for HAL_RCC_OscConfig
    main.o(i.SystemClock_Config) refers to stm32g4xx_hal_rcc.o(i.HAL_RCC_ClockConfig) for HAL_RCC_ClockConfig
    main.o(i.main) refers to stm32g4xx_hal.o(i.HAL_Init) for HAL_Init
    main.o(i.main) refers to main.o(i.SystemClock_Config) for SystemClock_Config
[...]
    ..\User\MotorControl\motor_publicdata.c  0x00000000   Number         0  motor_publicdata.o ABSOLUTE
    ..\User\MotorControl\motor_sensorless.c  0x00000000   Number         0  motor_sensorless.o ABSOLUTE
    ..\User\MotorControl\motor_sensoruse.c   0x00000000   Number         0  motor_sensoruse.o ABSOLUTE
    ..\User\MotorControl\motor_system.c      0x00000000   Number         0  motor_system.o ABSOLUTE
    ..\User\MotorControl\observer_drv.c      0x00000000   Number         0  observer_drv.o ABSOLUTE
    ..\User\MotorControl\pid_drv.c           0x00000000   Number         0  pid_drv.o ABSOLUTE
    ..\User\MotorControl\position_drv.c      0x00000000   Number         0  position_drv.o ABSOLUTE
    ..\User\MotorControl\sample_drv.c        0x00000000   Number         0  sample_drv.o ABSOLUTE
    ..\User\MotorControl\speed_drv.c         0x00000000   Number         0  speed_drv.o ABSOLUTE
    ..\User\UsartControl\usart_drv.c         0x00000000   Number         0  usart_drv.o ABSOLUTE
    ..\User\UsartControl\usart_task.c        0x00000000   Number         0  usart_task.o ABSOLUTE
    ..\\User\\GlobalControl\\global_control.c 0x00000000   Number         0  global_control.o ABSOLUTE
    ..\\User\\LcdControl\\lcd_drv.c          0x00000000   Number         0  lcd_drv.o ABSOLUTE
    ..\\User\\LcdControl\\lcd_task.c         0x00000000   Number         0  lcd_task.o ABSOLUTE
    ..\\User\\LedControl\\led_task.c         0x00000000   Number         0  led_task.o ABSOLUTE
    ..\\User\\MotorControl\\encoder_drv.c    0x00000000   Number         0  encoder_drv.o ABSOLUTE
    ..\\User\\MotorControl\\foc_drv.c        0x00000000   Number         0  foc_drv.o ABSOLUTE
    ..\\User\\MotorControl\\math_drv.c       0x00000000   Number         0  math_drv.o ABSOLUTE
    ..\\User\\MotorControl\\motor_identify.c 0x00000000   Number         0  motor_identify.o ABSOLUTE
    ..\\User\\MotorControl\\motor_publicdata.c 0x00000000   Number         0  motor_publicdata.o ABSOLUTE
    ..\\User\\MotorControl\\motor_sensorless.c 0x00000000   Number         0  motor_sensorless.o ABSOLUTE
    ..\\User\\MotorControl\\motor_sensoruse.c 0x00000000   Number         0  motor_sensoruse.o ABSOLUTE
    ..\\User\\MotorControl\\motor_system.c   0x00000000   Number         0  motor_system.o ABSOLUTE
    ..\\User\\MotorControl\\observer_drv.c   0x00000000   Number         0  observer_drv.o ABSOLUTE
    ..\\User\\MotorControl\\pid_drv.c        0x00000000   Number         0  pid_drv.o ABSOLUTE
    ..\\User\\MotorControl\\position_drv.c   0x00000000   Number         0  position_drv.o ABSOLUTE
    ..\\User\\MotorControl\\sample_drv.c     0x00000000   Number         0  sample_drv.o ABSOLUTE
    ..\\User\\MotorControl\\speed_drv.c      0x00000000   Number         0  speed_drv.o ABSOLUTE
    ..\\User\\UsartControl\\usart_drv.c      0x00000000   Number         0  usart_drv.o ABSOLUTE
    ..\\User\\UsartControl\\usart_task.c     0x00000000   Number         0  usart_task.o ABSOLUTE
    dc.s                                     0x00000000   Number         0  dc.o ABSOLUTE
    handlers.s                               0x00000000   Number         0  handlers.o ABSOLUTE
    init.s                                   0x00000000   Number         0  init.o ABSOLUTE
    startup_stm32g431xx.s                    0x00000000   Number         0  startup_stm32g431xx.o ABSOLUTE
    stepper_foc.c                            0x00000000   Number         0  stepper_foc.o ABSOLUTE
    stepper_foc.c                            0x00000000   Number         0  stepper_foc.o ABSOLUTE
    RESET                                    0x08000000   Section      472  startup_stm32g431xx.o(RESET)
    .ARM.Collect$$$$00000000                 0x080001d8   Section        0  entry.o(.ARM.Collect$$$$00000000)
    .ARM.Collect$$$$00000001                 0x080001d8   Section        4  entry2.o(.ARM.Collect$$$$00000001)
    .ARM.Collect$$$$00000004                 0x080001dc   Section        4  entry5.o(.ARM.Collect$$$$00000004)
    .ARM.Collect$$$$00000008                 0x080001e0   Section        0  entry7b.o(.ARM.Collect$$$$00000008)
    .ARM.Collect$$$$0000000A                 0x080001e0   Section        0  entry8b.o(.ARM.Collect$$$$0000000A)
    .ARM.Collect$$$$0000000B                 0x080001e0   Section        8  entry9a.o(.ARM.Collect$$$$0000000B)
    .ARM.Collect$$$$0000000E                 0x080001e8   Section        4  entry12b.o(.ARM.Collect$$$$0000000E)
    .ARM.Collect$$$$0000000F                 0x080001ec   Section        0  entry10a.o(.ARM.Collect$$$$0000000F)
    .ARM.Collect$$$$00000011                 0x080001ec   Section        0  entry11a.o(.ARM.Collect$$$$00000011)
    .ARM.Collect$$$$00002712                 0x080001ec   Section        4  entry2.o(.ARM.Collect$$$$00002712)
    __lit__00000000                          0x080001ec   Data           4  entry2.o(.ARM.Collect$$$$00002712)
    .text                                    0x080001f0   Section       36  startup_stm32g431xx.o(.text)
    $v0                                      0x080001f0   Number         0  startup_stm32g431xx.o(.text)
    .text                                    0x08000214   Section        0  uldiv.o(.text)
    .text                                    0x08000276   Section        0  memseta.o(.text)
    .text                                    0x0800029a   Section        0  dmul.o(.text)
    .text                                    0x0800037e   Section        0  f2d.o(.text)
    .text                                    0x080003a4   Section        0  d2f.o(.text)
    .text                                    0x080003dc   Section        0  llshl.o(.text)
    .text                                    0x080003fa   Section        0  llushr.o(.text)
    .text                                    0x0800041a   Section        0  fepilogue.o(.text)
    .text                                    0x0800041a   Section        0  iusefp.o(.text)
    .text                                    0x08000488   Section        0  depilogue.o(.text)
    .text                                    0x08000544   Section       36  init.o(.text)
    .text                                    0x08000568   Section        0  dadd.o(.text)
    .text                                    0x080006b6   Section        0  ddiv.o(.text)
    .text                                    0x08000794   Section        0  dflti.o(.text)
    .text                                    0x080007b6   Section        0  dfltui.o(.text)
    .text                                    0x080007d0   Section        0  dfixi.o(.text)
    .text                                    0x0800080e   Section        0  llsshr.o(.text)
    i.ADC1_2_IRQHandler                      0x08000834   Section        0  stm32g4xx_it.o(i.ADC1_2_IRQHandler)
    i.ADC_Enable                             0x08000840   Section        0  stm32g4xx_hal_adc.o(i.ADC_Enable)
    i.BusFault_Handler                       0x080008ec   Section        0  stm32g4xx_it.o(i.BusFault_Handler)
    i.DebugMon_Handler                       0x080008ee   Section        0  stm32g4xx_it.o(i.DebugMon_Handler)
    i.Error_Handler                          0x080008f0   Section        0  main.o(i.Error_Handler)
    i.Global_Init                            0x080008f4   Section        0  global_control.o(i.Global_Init)
    i.Global_Loop                            0x08000984   Section        0  global_control.o(i.Global_Loop)
    i.HAL_ADCEx_EndOfSamplingCallback        0x08000996   Section        0  stm32g4xx_hal_adc_ex.o(i.HAL_ADCEx_EndOfSamplingCallback)
    i.HAL_ADCEx_InjectedConfigChannel        0x08000998   Section        0  stm32g4xx_hal_adc_ex.o(i.HAL_ADCEx_InjectedConfigChannel)
    i.HAL_ADCEx_InjectedConvCpltCallback     0x08000ea8   Section        0  global_control.o(i.HAL_ADCEx_InjectedConvCpltCallback)
    i.HAL_ADCEx_InjectedQueueOverflowCallback 0x08000fe8   Section        0  stm32g4xx_hal_adc_ex.o(i.HAL_ADCEx_InjectedQueueOverflowCallback)
    i.HAL_ADCEx_InjectedStart_IT             0x08000fec   Section        0  stm32g4xx_hal_adc_ex.o(i.HAL_ADCEx_InjectedStart_IT)
    i.HAL_ADCEx_LevelOutOfWindow2Callback    0x08001114   Section        0  stm32g4xx_hal_adc_ex.o(i.HAL_ADCEx_LevelOutOfWindow2Callback)
    i.HAL_ADCEx_LevelOutOfWindow3Callback    0x08001116   Section        0  stm32g4xx_hal_adc_ex.o(i.HAL_ADCEx_LevelOutOfWindow3Callback)
    i.HAL_ADC_ConfigChannel                  0x08001118   Section        0  stm32g4xx_hal_adc.o(i.HAL_ADC_ConfigChannel)
    i.HAL_ADC_ConvCpltCallback               0x08001534   Section        0  stm32g4xx_hal_adc.o(i.HAL_ADC_ConvCpltCallback)
    i.HAL_ADC_ErrorCallback                  0x08001536   Section        0  stm32g4xx_hal_adc.o(i.HAL_ADC_ErrorCallback)
    i.HAL_ADC_IRQHandler                     0x08001538   Section        0  stm32g4xx_hal_adc.o(i.HAL_ADC_IRQHandler)
    i.HAL_ADC_Init                           0x080017a4   Section        0  stm32g4xx_hal_adc.o(i.HAL_ADC_Init)
    i.HAL_ADC_LevelOutOfWindowCallback       0x08001994   Section        0  stm32g4xx_hal_adc.o(i.HAL_ADC_LevelOutOfWindowCallback)
    i.HAL_ADC_MspInit                        0x08001998   Section        0  stm32g4xx_hal_msp.o(i.HAL_ADC_MspInit)
    i.HAL_Delay                              0x08001a60   Section        0  stm32g4xx_hal.o(i.HAL_Delay)
    i.HAL_GPIO_Init                          0x08001a84   Section        0  stm32g4xx_hal_gpio.o(i.HAL_GPIO_Init)
    i.HAL_GPIO_WritePin                      0x08001c34   Section        0  stm32g4xx_hal_gpio.o(i.HAL_GPIO_WritePin)
    i.HAL_GetTick                            0x08001c40   Section        0  stm32g4xx_hal.o(i.HAL_GetTick)
    i.HAL_IncTick                            0x08001c4c   Section        0  stm32g4xx_hal.o(i.HAL_IncTick)
    i.HAL_Init                               0x08001c5c   Section        0  stm32g4xx_hal.o(i.HAL_Init)
    i.HAL_InitTick                           0x08001c7c   Section        0  stm32g4xx_hal.o(i.HAL_InitTick)
    i.HAL_MspInit                            0x08001cc0   Section        0  stm32g4xx_hal_msp.o(i.HAL_MspInit)
    i.HAL_NVIC_EnableIRQ                     0x08001cf0   Section        0  stm32g4xx_hal_cortex.o(i.HAL_NVIC_EnableIRQ)
    i.HAL_NVIC_SetPriority                   0x08001d0c   Section        0  stm32g4xx_hal_cortex.o(i.HAL_NVIC_SetPriority)
    i.HAL_NVIC_SetPriorityGrouping           0x08001d4c   Section        0  stm32g4xx_hal_cortex.o(i.HAL_NVIC_SetPriorityGrouping)
    i.HAL_PWREx_ControlVoltageScaling        0x08001d70   Section        0  stm32g4xx_hal_pwr_ex.o(i.HAL_PWREx_ControlVoltageScaling)
    i.HAL_PWREx_DisableUCPDDeadBattery       0x08001e2c   Section        0  stm32g4xx_hal_pwr_ex.o(i.HAL_PWREx_DisableUCPDDeadBattery)
    i.HAL_RCCEx_PeriphCLKConfig              0x08001e3c   Section        0  stm32g4xx_hal_rcc_ex.o(i.HAL_RCCEx_PeriphCLKConfig)
    i.HAL_RCC_ClockConfig                    0x080020d8   Section        0  stm32g4xx_hal_rcc.o(i.HAL_RCC_ClockConfig)
    i.HAL_RCC_GetPCLK1Freq                   0x080022a4   Section        0  stm32g4xx_hal_rcc.o(i.HAL_RCC_GetPCLK1Freq)
    i.HAL_RCC_GetPCLK2Freq                   0x080022c8   Section        0  stm32g4xx_hal_rcc.o(i.HAL_RCC_GetPCLK2Freq)
    i.HAL_RCC_GetSysClockFreq                0x080022ec   Section        0  stm32g4xx_hal_rcc.o(i.HAL_RCC_GetSysClockFreq)
    i.HAL_RCC_OscConfig                      0x08002344   Section        0  stm32g4xx_hal_rcc.o(i.HAL_RCC_OscConfig)
    i.HAL_SPI_Init                           0x08002738   Section        0  stm32g4xx_hal_spi.o(i.HAL_SPI_Init)
    i.HAL_SPI_MspInit                        0x08002824   Section        0  stm32g4xx_hal_msp.o(i.HAL_SPI_MspInit)
    i.HAL_SPI_Transmit                       0x0800288c   Section        0  stm32g4xx_hal_spi.o(i.HAL_SPI_Transmit)
    i.HAL_SYSTICK_Config                     0x08002a16   Section        0  stm32g4xx_hal_cortex.o(i.HAL_SYSTICK_Config)
    i.HAL_TIMEx_Break2Callback               0x08002a3e   Section        0  stm32g4xx_hal_tim_ex.o(i.HAL_TIMEx_Break2Callback)
    i.HAL_TIMEx_BreakCallback                0x08002a40   Section        0  stm32g4xx_hal_tim_ex.o(i.HAL_TIMEx_BreakCallback)
    i.HAL_TIMEx_CommutCallback               0x08002a42   Section        0  stm32g4xx_hal_tim_ex.o(i.HAL_TIMEx_CommutCallback)
    i.HAL_TIMEx_ConfigBreakDeadTime          0x08002a44   Section        0  stm32g4xx_hal_tim_ex.o(i.HAL_TIMEx_ConfigBreakDeadTime)
    i.HAL_TIMEx_DirectionChangeCallback      0x08002ae0   Section        0  stm32g4xx_hal_tim_ex.o(i.HAL_TIMEx_DirectionChangeCallback)
    i.HAL_TIMEx_EncoderIndexCallback         0x08002ae2   Section        0  stm32g4xx_hal_tim_ex.o(i.HAL_TIMEx_EncoderIndexCallback)
    i.HAL_TIMEx_IndexErrorCallback           0x08002ae4   Section        0  stm32g4xx_hal_tim_ex.o(i.HAL_TIMEx_IndexErrorCallback)
    i.HAL_TIMEx_MasterConfigSynchronization  0x08002ae8   Section        0  stm32g4xx_hal_tim_ex.o(i.HAL_TIMEx_MasterConfigSynchronization)
    i.HAL_TIMEx_TransitionErrorCallback      0x08002b84   Section        0  stm32g4xx_hal_tim_ex.o(i.HAL_TIMEx_TransitionErrorCallback)
    i.HAL_TIM_Base_Init                      0x08002b86   Section        0  stm32g4xx_hal_tim.o(i.HAL_TIM_Base_Init)
    i.HAL_TIM_Base_MspInit                   0x08002be8   Section        0  stm32g4xx_hal_msp.o(i.HAL_TIM_Base_MspInit)
    i.HAL_TIM_Base_Start_IT                  0x08002c24   Section        0  stm32g4xx_hal_tim.o(i.HAL_TIM_Base_Start_IT)
    i.HAL_TIM_ConfigClockSource              0x08002c9c   Section        0  stm32g4xx_hal_tim.o(i.HAL_TIM_ConfigClockSource)
    i.HAL_TIM_Encoder_Init                   0x08002d9c   Section        0  stm32g4xx_hal_tim.o(i.HAL_TIM_Encoder_Init)
    i.HAL_TIM_Encoder_MspInit                0x08002e44   Section        0  stm32g4xx_hal_msp.o(i.HAL_TIM_Encoder_MspInit)
    i.HAL_TIM_Encoder_Start                  0x08002ea8   Section        0  stm32g4xx_hal_tim.o(i.HAL_TIM_Encoder_Start)
    i.HAL_TIM_IC_CaptureCallback             0x08002f3a   Section        0  stm32g4xx_hal_tim.o(i.HAL_TIM_IC_CaptureCallback)
    i.HAL_TIM_IRQHandler                     0x08002f3c   Section        0  stm32g4xx_hal_tim.o(i.HAL_TIM_IRQHandler)
    i.HAL_TIM_MspPostInit                    0x080030e0   Section        0  stm32g4xx_hal_msp.o(i.HAL_TIM_MspPostInit)
    i.HAL_TIM_OC_DelayElapsedCallback        0x08003134   Section        0  stm32g4xx_hal_tim.o(i.HAL_TIM_OC_DelayElapsedCallback)
    i.HAL_TIM_PWM_ConfigChannel              0x08003136   Section        0  stm32g4xx_hal_tim.o(i.HAL_TIM_PWM_ConfigChannel)
    i.HAL_TIM_PWM_Init                       0x0800325a   Section        0  stm32g4xx_hal_tim.o(i.HAL_TIM_PWM_Init)
    i.HAL_TIM_PWM_MspInit                    0x080032bc   Section        0  stm32g4xx_hal_tim.o(i.HAL_TIM_PWM_MspInit)
    i.HAL_TIM_PWM_PulseFinishedCallback      0x080032be   Section        0  stm32g4xx_hal_tim.o(i.HAL_TIM_PWM_PulseFinishedCallback)
    i.HAL_TIM_PWM_Start                      0x080032c0   Section        0  stm32g4xx_hal_tim.o(i.HAL_TIM_PWM_Start)
    i.HAL_TIM_PeriodElapsedCallback          0x080033c8   Section        0  global_control.o(i.HAL_TIM_PeriodElapsedCallback)
    i.HAL_TIM_TriggerCallback                0x08003408   Section        0  stm32g4xx_hal_tim.o(i.HAL_TIM_TriggerCallback)
    i.HAL_UARTEx_DisableFifoMode             0x0800340a   Section        0  stm32g4xx_hal_uart_ex.o(i.HAL_UARTEx_DisableFifoMode)
    i.HAL_UARTEx_SetRxFifoThreshold          0x08003448   Section        0  stm32g4xx_hal_uart_ex.o(i.HAL_UARTEx_SetRxFifoThreshold)
    i.HAL_UARTEx_SetTxFifoThreshold          0x08003494   Section        0  stm32g4xx_hal_uart_ex.o(i.HAL_UARTEx_SetTxFifoThreshold)
    i.HAL_UART_Init                          0x080034e0   Section        0  stm32g4xx_hal_uart.o(i.HAL_UART_Init)
    i.HAL_UART_MspInit                       0x0800354c   Section        0  stm32g4xx_hal_msp.o(i.HAL_UART_MspInit)
    i.HardFault_Handler                      0x080035c8   Section        0  stm32g4xx_it.o(i.HardFault_Handler)
    i.LCD_Address_Set                        0x080035ca   Section        0  lcd_drv.o(i.LCD_Address_Set)
    i.LCD_DrawPoint                          0x08003608   Section        0  lcd_drv.o(i.LCD_DrawPoint)
    i.LCD_Fill                               0x0800361e   Section        0  lcd_drv.o(i.LCD_Fill)
    i.LCD_Init                               0x0800365c   Section        0  lcd_drv.o(i.LCD_Init)
    i.LCD_ShowChar                           0x08003864   Section        0  lcd_drv.o(i.LCD_ShowChar)
    i.LCD_ShowIntNum                         0x08003974   Section        0  lcd_drv.o(i.LCD_ShowIntNum)
    i.LCD_WR_DATA                            0x080039f2   Section        0  lcd_drv.o(i.LCD_WR_DATA)
    i.LCD_WR_REG                             0x08003a08   Section        0  lcd_drv.o(i.LCD_WR_REG)
    i.LCD_Writ_Bus                           0x08003a30   Section        0  lcd_drv.o(i.LCD_Writ_Bus)
    i.LL_ADC_GetOffsetChannel                0x08003a60   Section        0  stm32g4xx_hal_adc.o(i.LL_ADC_GetOffsetChannel)
    LL_ADC_GetOffsetChannel                  0x08003a61   Thumb Code    12  stm32g4xx_hal_adc.o(i.LL_ADC_GetOffsetChannel)
    i.LL_ADC_GetOffsetChannel                0x08003a6c   Section        0  stm32g4xx_hal_adc_ex.o(i.LL_ADC_GetOffsetChannel)
    LL_ADC_GetOffsetChannel                  0x08003a6d   Thumb Code    12  stm32g4xx_hal_adc_ex.o(i.LL_ADC_GetOffsetChannel)
    i.LL_ADC_INJ_IsConversionOngoing         0x08003a78   Section        0  stm32g4xx_hal_adc.o(i.LL_ADC_INJ_IsConversionOngoing)
    LL_ADC_INJ_IsConversionOngoing           0x08003a79   Thumb Code     8  stm32g4xx_hal_adc.o(i.LL_ADC_INJ_IsConversionOngoing)
    i.LL_ADC_INJ_IsConversionOngoing         0x08003a80   Section        0  stm32g4xx_hal_adc_ex.o(i.LL_ADC_INJ_IsConversionOngoing)
    LL_ADC_INJ_IsConversionOngoing           0x08003a81   Thumb Code     8  stm32g4xx_hal_adc_ex.o(i.LL_ADC_INJ_IsConversionOngoing)
    i.LL_ADC_IsEnabled                       0x08003a88   Section        0  stm32g4xx_hal_adc.o(i.LL_ADC_IsEnabled)
    LL_ADC_IsEnabled                         0x08003a89   Thumb Code     8  stm32g4xx_hal_adc.o(i.LL_ADC_IsEnabled)
    i.LL_ADC_IsEnabled                       0x08003a90   Section        0  stm32g4xx_hal_adc_ex.o(i.LL_ADC_IsEnabled)
    LL_ADC_IsEnabled                         0x08003a91   Thumb Code     8  stm32g4xx_hal_adc_ex.o(i.LL_ADC_IsEnabled)
    i.LL_ADC_REG_IsConversionOngoing         0x08003a98   Section        0  stm32g4xx_hal_adc.o(i.LL_ADC_REG_IsConversionOngoing)
    LL_ADC_REG_IsConversionOngoing           0x08003a99   Thumb Code     8  stm32g4xx_hal_adc.o(i.LL_ADC_REG_IsConversionOngoing)
    i.LL_ADC_REG_IsConversionOngoing         0x08003aa0   Section        0  stm32g4xx_hal_adc_ex.o(i.LL_ADC_REG_IsConversionOngoing)
    LL_ADC_REG_IsConversionOngoing           0x08003aa1   Thumb Code     8  stm32g4xx_hal_adc_ex.o(i.LL_ADC_REG_IsConversionOngoing)
    i.LL_ADC_REG_IsTriggerSourceSWStart      0x08003aa8   Section        0  stm32g4xx_hal_adc.o(i.LL_ADC_REG_IsTriggerSourceSWStart)
    LL_ADC_REG_IsTriggerSourceSWStart        0x08003aa9   Thumb Code    16  stm32g4xx_hal_adc.o(i.LL_ADC_REG_IsTriggerSourceSWStart)
    i.LL_ADC_SetChannelSamplingTime          0x08003ab8   Section        0  stm32g4xx_hal_adc.o(i.LL_ADC_SetChannelSamplingTime)
    LL_ADC_SetChannelSamplingTime            0x08003ab9   Thumb Code    30  stm32g4xx_hal_adc.o(i.LL_ADC_SetChannelSamplingTime)
    i.LL_ADC_SetChannelSamplingTime          0x08003ad6   Section        0  stm32g4xx_hal_adc_ex.o(i.LL_ADC_SetChannelSamplingTime)
    LL_ADC_SetChannelSamplingTime            0x08003ad7   Thumb Code    30  stm32g4xx_hal_adc_ex.o(i.LL_ADC_SetChannelSamplingTime)
    i.LL_ADC_SetOffsetState                  0x08003af4   Section        0  stm32g4xx_hal_adc.o(i.LL_ADC_SetOffsetState)
    LL_ADC_SetOffsetState                    0x08003af5   Thumb Code    16  stm32g4xx_hal_adc.o(i.LL_ADC_SetOffsetState)
    i.LL_ADC_SetOffsetState                  0x08003b04   Section        0  stm32g4xx_hal_adc_ex.o(i.LL_ADC_SetOffsetState)
    LL_ADC_SetOffsetState                    0x08003b05   Thumb Code    16  stm32g4xx_hal_adc_ex.o(i.LL_ADC_SetOffsetState)
    i.Lcd_Task                               0x08003b14   Section        0  lcd_task.o(i.Lcd_Task)
    i.Led_Task                               0x08003bb4   Section        0  led_task.o(i.Led_Task)
    i.MX_ADC2_Init                           0x08003bdc   Section        0  main.o(i.MX_ADC2_Init)
    MX_ADC2_Init                             0x08003bdd   Thumb Code   290  main.o(i.MX_ADC2_Init)
    i.MX_GPIO_Init                           0x08003d24   Section        0  main.o(i.MX_GPIO_Init)
    MX_GPIO_Init                             0x08003d25   Thumb Code   270  main.o(i.MX_GPIO_Init)
    i.MX_SPI3_Init                           0x08003e44   Section        0  main.o(i.MX_SPI3_Init)
    MX_SPI3_Init                             0x08003e45   Thumb Code    72  main.o(i.MX_SPI3_Init)
    i.MX_TIM1_Init                           0x08003e94   Section        0  main.o(i.MX_TIM1_Init)
    MX_TIM1_Init                             0x08003e95   Thumb Code   262  main.o(i.MX_TIM1_Init)
    i.MX_TIM3_Init                           0x08003fa4   Section        0  main.o(i.MX_TIM3_Init)
    MX_TIM3_Init                             0x08003fa5   Thumb Code   100  main.o(i.MX_TIM3_Init)
    i.MX_USART1_UART_Init                    0x08004010   Section        0  main.o(i.MX_USART1_UART_Init)
    MX_USART1_UART_Init                      0x08004011   Thumb Code    88  main.o(i.MX_USART1_UART_Init)
    i.MemManage_Handler                      0x08004074   Section        0  stm32g4xx_it.o(i.MemManage_Handler)
    i.Motor_Struct_Init                      0x08004078   Section        0  motor_publicdata.o(i.Motor_Struct_Init)
    i.Motor_System_Init                      0x0800420c   Section        0  motor_system.o(i.Motor_System_Init)
    i.NMI_Handler                            0x08004250   Section        0  stm32g4xx_it.o(i.NMI_Handler)
    i.PendSV_Handler                         0x08004252   Section        0  stm32g4xx_it.o(i.PendSV_Handler)
    i.SPI_EndRxTxTransaction                 0x08004254   Section        0  stm32g4xx_hal_spi.o(i.SPI_EndRxTxTransaction)
    SPI_EndRxTxTransaction                   0x08004255   Thumb Code    72  stm32g4xx_hal_spi.o(i.SPI_EndRxTxTransaction)
    i.SPI_WaitFifoStateUntilTimeout          0x0800429c   Section        0  stm32g4xx_hal_spi.o(i.SPI_WaitFifoStateUntilTimeout)
    SPI_WaitFifoStateUntilTimeout            0x0800429d   Thumb Code   214  stm32g4xx_hal_spi.o(i.SPI_WaitFifoStateUntilTimeout)
    i.SPI_WaitFlagStateUntilTimeout          0x08004378   Section        0  stm32g4xx_hal_spi.o(i.SPI_WaitFlagStateUntilTimeout)
    SPI_WaitFlagStateUntilTimeout            0x08004379   Thumb Code   180  stm32g4xx_hal_spi.o(i.SPI_WaitFlagStateUntilTimeout)
    i.SVC_Handler                            0x08004430   Section        0  stm32g4xx_it.o(i.SVC_Handler)
    i.Stepper_Foc_Init                       0x08004434   Section        0  stepper_foc.o(i.Stepper_Foc_Init)
    i.Stepper_Foc_SetCurrentRef              0x080044a8   Section        0  stepper_foc.o(i.Stepper_Foc_SetCurrentRef)
    i.SysTick_Handler                        0x080044b6   Section        0  stm32g4xx_it.o(i.SysTick_Handler)
    i.SystemClock_Config                     0x080044ba   Section        0  main.o(i.SystemClock_Config)
    i.SystemInit                             0x08004520   Section        0  system_stm32g4xx.o(i.SystemInit)
    i.TIM1_UP_TIM16_IRQHandler               0x08004530   Section        0  stm32g4xx_it.o(i.TIM1_UP_TIM16_IRQHandler)
    i.TIM_Base_SetConfig                     0x0800453c   Section        0  stm32g4xx_hal_tim.o(i.TIM_Base_SetConfig)
    i.TIM_CCxChannelCmd                      0x080045f8   Section        0  stm32g4xx_hal_tim.o(i.TIM_CCxChannelCmd)
    i.TIM_ETR_SetConfig                      0x08004612   Section        0  stm32g4xx_hal_tim.o(i.TIM_ETR_SetConfig)
    i.TIM_ITRx_SetConfig                     0x08004628   Section        0  stm32g4xx_hal_tim.o(i.TIM_ITRx_SetConfig)
    TIM_ITRx_SetConfig                       0x08004629   Thumb Code    16  stm32g4xx_hal_tim.o(i.TIM_ITRx_SetConfig)
    i.TIM_OC1_SetConfig                      0x0800463c   Section        0  stm32g4xx_hal_tim.o(i.TIM_OC1_SetConfig)
    TIM_OC1_SetConfig                        0x0800463d   Thumb Code   132  stm32g4xx_hal_tim.o(i.TIM_OC1_SetConfig)
    i.TIM_OC2_SetConfig                      0x080046d8   Section        0  stm32g4xx_hal_tim.o(i.TIM_OC2_SetConfig)
    i.TIM_OC3_SetConfig                      0x08004768   Section        0  stm32g4xx_hal_tim.o(i.TIM_OC3_SetConfig)
    TIM_OC3_SetConfig                        0x08004769   Thumb Code   118  stm32g4xx_hal_tim.o(i.TIM_OC3_SetConfig)
    i.TIM_OC4_SetConfig                      0x080047f8   Section        0  stm32g4xx_hal_tim.o(i.TIM_OC4_SetConfig)
    TIM_OC4_SetConfig                        0x080047f9   Thumb Code   120  stm32g4xx_hal_tim.o(i.TIM_OC4_SetConfig)
    i.TIM_OC5_SetConfig                      0x08004888   Section        0  stm32g4xx_hal_tim.o(i.TIM_OC5_SetConfig)
    TIM_OC5_SetConfig                        0x08004889   Thumb Code    86  stm32g4xx_hal_tim.o(i.TIM_OC5_SetConfig)
    i.TIM_OC6_SetConfig                      0x080048f8   Section        0  stm32g4xx_hal_tim.o(i.TIM_OC6_SetConfig)
    TIM_OC6_SetConfig                        0x080048f9   Thumb Code    88  stm32g4xx_hal_tim.o(i.TIM_OC6_SetConfig)
    i.TIM_TI1_ConfigInputStage               0x08004968   Section        0  stm32g4xx_hal_tim.o(i.TIM_TI1_ConfigInputStage)
    TIM_TI1_ConfigInputStage                 0x08004969   Thumb Code    34  stm32g4xx_hal_tim.o(i.TIM_TI1_ConfigInputStage)
    i.TIM_TI2_ConfigInputStage               0x0800498a   Section        0  stm32g4xx_hal_tim.o(i.TIM_TI2_ConfigInputStage)
    TIM_TI2_ConfigInputStage                 0x0800498b   Thumb Code    36  stm32g4xx_hal_tim.o(i.TIM_TI2_ConfigInputStage)
    i.UARTEx_SetNbDataToProcess              0x080049b0   Section        0  stm32g4xx_hal_uart_ex.o(i.UARTEx_SetNbDataToProcess)
    UARTEx_SetNbDataToProcess                0x080049b1   Thumb Code    62  stm32g4xx_hal_uart_ex.o(i.UARTEx_SetNbDataToProcess)
    i.UART_AdvFeatureConfig                  0x080049f4   Section        0  stm32g4xx_hal_uart.o(i.UART_AdvFeatureConfig)
    i.UART_CheckIdleState                    0x08004abc   Section        0  stm32g4xx_hal_uart.o(i.UART_CheckIdleState)
    i.UART_EndRxTransfer                     0x08004b68   Section        0  stm32g4xx_hal_uart.o(i.UART_EndRxTransfer)
    UART_EndRxTransfer                       0x08004b69   Thumb Code    78  stm32g4xx_hal_uart.o(i.UART_EndRxTransfer)
    i.UART_SetConfig                         0x08004bbc   Section        0  stm32g4xx_hal_uart.o(i.UART_SetConfig)
    i.UART_WaitOnFlagUntilTimeout            0x08004e2c   Section        0  stm32g4xx_hal_uart.o(i.UART_WaitOnFlagUntilTimeout)
    i.UsageFault_Handler                     0x08004ebe   Section        0  stm32g4xx_it.o(i.UsageFault_Handler)
    i.Usart_Task                             0x08004ec0   Section        0  usart_task.o(i.Usart_Task)
    i.__ARM_fpclassify                       0x08004ee4   Section        0  fpclassify.o(i.__ARM_fpclassify)
    i.__NVIC_SetPriority                     0x08004f14   Section        0  stm32g4xx_hal_cortex.o(i.__NVIC_SetPriority)
    __NVIC_SetPriority                       0x08004f15   Thumb Code    32  stm32g4xx_hal_cortex.o(i.__NVIC_SetPriority)
    i.__hardfp_cos                           0x08004f38   Section        0  cos.o(i.__hardfp_cos)
    i.__hardfp_sin                           0x08005000   Section        0  sin.o(i.__hardfp_sin)
    i.__ieee754_rem_pio2                     0x080050c8   Section        0  rred.o(i.__ieee754_rem_pio2)
    i.__kernel_cos                           0x08005500   Section        0  cos_i.o(i.__kernel_cos)
    i.__kernel_poly                          0x08005670   Section        0  poly.o(i.__kernel_poly)
    i.__kernel_sin                           0x08005768   Section        0  sin_i.o(i.__kernel_sin)
    i.__mathlib_dbl_infnan                   0x08005898   Section        0  dunder.o(i.__mathlib_dbl_infnan)
    i.__mathlib_dbl_invalid                  0x080058b0   Section        0  dunder.o(i.__mathlib_dbl_invalid)
    i.__mathlib_dbl_underflow                0x080058d0   Section        0  dunder.o(i.__mathlib_dbl_underflow)
    i.__scatterload_copy                     0x080058f0   Section       14  handlers.o(i.__scatterload_copy)
    i.__scatterload_null                     0x080058fe   Section        2  handlers.o(i.__scatterload_null)
    i.__scatterload_zeroinit                 0x08005900   Section       14  handlers.o(i.__scatterload_zeroinit)
    i.__set_errno                            0x08005910   Section        0  errno.o(i.__set_errno)
    i.fabs                                   0x0800591c   Section        0  fabs.o(i.fabs)
    i.main                                   0x08005934   Section        0  main.o(i.main)
    i.mypow                                  0x0800595e   Section        0  lcd_drv.o(i.mypow)
    .constdata                               0x0800596e   Section       24  stm32g4xx_hal_uart.o(.constdata)
    .constdata                               0x08005986   Section       16  stm32g4xx_hal_uart_ex.o(.constdata)
    numerator                                0x08005986   Data           8  stm32g4xx_hal_uart_ex.o(.constdata)
    denominator                              0x0800598e   Data           8  stm32g4xx_hal_uart_ex.o(.constdata)
    .constdata                               0x08005996   Section       16  system_stm32g4xx.o(.constdata)
    .constdata                               0x080059a6   Section        8  system_stm32g4xx.o(.constdata)
    .constdata                               0x080059ae   Section    14546  lcd_drv.o(.constdata)
    .constdata                               0x08009280   Section       48  cos_i.o(.constdata)
    C                                        0x08009280   Data          48  cos_i.o(.constdata)
    .constdata                               0x080092b0   Section      200  rred.o(.constdata)
    pio2s                                    0x080092b0   Data          48  rred.o(.constdata)
    twooverpi                                0x080092e0   Data         152  rred.o(.constdata)
    .constdata                               0x08009378   Section       40  sin_i.o(.constdata)
    S                                        0x08009378   Data          40  sin_i.o(.constdata)
    .data                                    0x20000000   Section       12  stm32g4xx_hal.o(.data)
    .data                                    0x2000000c   Section        4  system_stm32g4xx.o(.data)
    .data                                    0x20000010   Section        4  led_task.o(.data)
    .data                                    0x20000014   Section       16  lcd_task.o(.data)
    .data                                    0x20000024   Section        4  usart_task.o(.data)
    .data                                    0x20000028   Section       12  global_control.o(.data)
    .data                                    0x20000034   Section        4  errno.o(.data)
    _errno                                   0x20000034   Data           4  errno.o(.data)
    .bss                                     0x20000038   Section      508  main.o(.bss)
    .bss                                     0x20000234   Section      200  motor_system.o(.bss)
    stepper_foc_ctrl                         0x20000234   Data         200  motor_system.o(.bss)
    .bss                                     0x200002fc   Section      840  motor_publicdata.o(.bss)
    STACK                                    0x20000648   Section     1024  startup_stm32g431xx.o(STACK)

    Global Symbols

    Symbol Name                              Value     Ov Type        Size  Object(Section)

    BuildAttributes$$THM_ISAv4$E$P$D$K$B$S$7EM$VFPi3$EXTD16$VFPS$VFMA$PE$A:L22UL41UL21$X:L11$S22US41US21$IEEE1$IW$USESV6$~STKCKD$USESV7$~SHL$OTIME$ROPI$IEEEX$EBA8$MICROLIB$REQ8$PRES8$EABIv2 0x00000000   Number         0  anon$$obj.o ABSOLUTE
    __ARM_use_no_argv                        0x00000000   Number         0  main.o ABSOLUTE
    __arm_fini_                               - Undefined Weak Reference
    __cpp_initialize__aeabi_                  - Undefined Weak Reference
    __cxa_finalize                            - Undefined Weak Reference
    __decompress                              - Undefined Weak Reference
    _clock_init                               - Undefined Weak Reference
    _microlib_exit                            - Undefined Weak Reference
    __Vectors_Size                           0x000001d8   Number         0  startup_stm32g431xx.o ABSOLUTE
    __Vectors                                0x08000000   Data           4  startup_stm32g431xx.o(RESET)
    __Vectors_End                            0x080001d8   Data           0  startup_stm32g431xx.o(RESET)
    __main                                   0x080001d9   Thumb Code     0  entry.o(.ARM.Collect$$$$00000000)
    _main_stk                                0x080001d9   Thumb Code     0  entry2.o(.ARM.Collect$$$$00000001)
    _main_scatterload                        0x080001dd   Thumb Code     0  entry5.o(.ARM.Collect$$$$00000004)
    __main_after_scatterload                 0x080001e1   Thumb Code     0  entry5.o(.ARM.Collect$$$$00000004)
    _main_clock                              0x080001e1   Thumb Code     0  entry7b.o(.ARM.Collect$$$$00000008)
    _main_cpp_init                           0x080001e1   Thumb Code     0  entry8b.o(.ARM.Collect$$$$0000000A)
    _main_init                               0x080001e1   Thumb Code     0  entry9a.o(.ARM.Collect$$$$0000000B)
    __rt_lib_shutdown_fini                   0x080001e9   Thumb Code     0  entry12b.o(.ARM.Collect$$$$0000000E)
    __rt_final_cpp                           0x080001ed   Thumb Code     0  entry10a.o(.ARM.Collect$$$$0000000F)
    __rt_final_exit                          0x080001ed   Thumb Code     0  entry11a.o(.ARM.Collect$$$$00000011)
    Reset_Handler                            0x080001f1   Thumb Code     8  startup_stm32g431xx.o(.text)
    COMP1_2_3_IRQHandler                     0x0800020b   Thumb Code     0  startup_stm32g431xx.o(.text)
    COMP4_IRQHandler                         0x0800020b   Thumb Code     0  startup_stm32g431xx.o(.text)
    CORDIC_IRQHandler                        0x0800020b   Thumb Code     0  startup_stm32g431xx.o(.text)
    CRS_IRQHandler                           0x0800020b   Thumb Code     0  startup_stm32g431xx.o(.text)
    DMA1_Channel1_IRQHandler                 0x0800020b   Thumb Code     0  startup_stm32g431xx.o(.text)
    DMA1_Channel2_IRQHandler                 0x0800020b   Thumb Code     0  startup_stm32g431xx.o(.text)
    DMA1_Channel3_IRQHandler                 0x0800020b   Thumb Code     0  startup_stm32g431xx.o(.text)
    DMA1_Channel4_IRQHandler                 0x0800020b   Thumb Code     0  startup_stm32g431xx.o(.text)
    DMA1_Channel5_IRQHandler                 0x0800020b   Thumb Code     0  startup_stm32g431xx.o(.text)
    DMA1_Channel6_IRQHandler                 0x0800020b   Thumb Code     0  startup_stm32g431xx.o(.text)
    DMA2_Channel1_IRQHandler                 0x0800020b   Thumb Code     0  startup_stm32g431xx.o(.text)
    DMA2_Channel2_IRQHandler                 0x0800020b   Thumb Code     0  startup_stm32g431xx.o(.text)
    DMA2_Channel3_IRQHandler                 0x0800020b   Thumb Code     0  startup_stm32g431xx.o(.text)
    DMA2_Channel4_IRQHandler                 0x0800020b   Thumb Code     0  startup_stm32g431xx.o(.text)
    DMA2_Channel5_IRQHandler                 0x0800020b   Thumb Code     0  startup_stm32g431xx.o(.text)
    DMA2_Channel6_IRQHandler                 0x0800020b   Thumb Code     0  startup_stm32g431xx.o(.text)
    DMAMUX_OVR_IRQHandler                    0x0800020b   Thumb Code     0  startup_stm32g431xx.o(.text)
    EXTI0_IRQHandler                         0x0800020b   Thumb Code     0  startup_stm32g431xx.o(.text)
    EXTI15_10_IRQHandler                     0x0800020b   Thumb Code     0  startup_stm32g431xx.o(.text)
    EXTI1_IRQHandler                         0x0800020b   Thumb Code     0  startup_stm32g431xx.o(.text)
    EXTI2_IRQHandler                         0x0800020b   Thumb Code     0  startup_stm32g431xx.o(.text)
    EXTI3_IRQHandler                         0x0800020b   Thumb Code     0  startup_stm32g431xx.o(.text)
    EXTI4_IRQHandler                         0x0800020b   Thumb Code     0  startup_stm32g431xx.o(.text)
    EXTI9_5_IRQHandler                       0x0800020b   Thumb Code     0  startup_stm32g431xx.o(.text)
    FDCAN1_IT0_IRQHandler                    0x0800020b   Thumb Code     0  startup_stm32g431xx.o(.text)
    FDCAN1_IT1_IRQHandler                    0x0800020b   Thumb Code     0  startup_stm32g431xx.o(.text)
    FLASH_IRQHandler                         0x0800020b   Thumb Code     0  startup_stm32g431xx.o(.text)
    FMAC_IRQHandler                          0x0800020b   Thumb Code     0  startup_stm32g431xx.o(.text)
    FPU_IRQHandler                           0x0800020b   Thumb Code     0  startup_stm32g431xx.o(.text)
    I2C1_ER_IRQHandler                       0x0800020b   Thumb Code     0  startup_stm32g431xx.o(.text)
    I2C1_EV_IRQHandler                       0x0800020b   Thumb Code     0  startup_stm32g431xx.o(.text)
    I2C2_ER_IRQHandler                       0x0800020b   Thumb Code     0  startup_stm32g431xx.o(.text)
    I2C2_EV_IRQHandler                       0x0800020b   Thumb Code     0  startup_stm32g431xx.o(.text)
    I2C3_ER_IRQHandler                       0x0800020b   Thumb Code     0  startup_stm32g431xx.o(.text)
    I2C3_EV_IRQHandler                       0x0800020b   Thumb Code     0  startup_stm32g431xx.o(.text)
    LPTIM1_IRQHandler                        0x0800020b   Thumb Code     0  startup_stm32g431xx.o(.text)
    LPUART1_IRQHandler                       0x0800020b   Thumb Code     0  startup_stm32g431xx.o(.text)
    PVD_PVM_IRQHandler                       0x0800020b   Thumb Code     0  startup_stm32g431xx.o(.text)
    RCC_IRQHandler                           0x0800020b   Thumb Code     0  startup_stm32g431xx.o(.text)
    RNG_IRQHandler                           0x0800020b   Thumb Code     0  startup_stm32g431xx.o(.text)
    RTC_Alarm_IRQHandler                     0x0800020b   Thumb Code     0  startup_stm32g431xx.o(.text)
    RTC_TAMP_LSECSS_IRQHandler               0x0800020b   Thumb Code     0  startup_stm32g431xx.o(.text)
    RTC_WKUP_IRQHandler                      0x0800020b   Thumb Code     0  startup_stm32g431xx.o(.text)
    SAI1_IRQHandler                          0x0800020b   Thumb Code     0  startup_stm32g431xx.o(.text)
    SPI1_IRQHandler                          0x0800020b   Thumb Code     0  startup_stm32g431xx.o(.text)
    SPI2_IRQHandler                          0x0800020b   Thumb Code     0  startup_stm32g431xx.o(.text)
    SPI3_IRQHandler                          0x0800020b   Thumb Code     0  startup_stm32g431xx.o(.text)
    TIM1_BRK_TIM15_IRQHandler                0x0800020b   Thumb Code     0  startup_stm32g431xx.o(.text)
    TIM1_CC_IRQHandler                       0x0800020b   Thumb Code     0  startup_stm32g431xx.o(.text)
    TIM1_TRG_COM_TIM17_IRQHandler            0x0800020b   Thumb Code     0  startup_stm32g431xx.o(.text)
    TIM2_IRQHandler                          0x0800020b   Thumb Code     0  startup_stm32g431xx.o(.text)
    TIM3_IRQHandler                          0x0800020b   Thumb Code     0  startup_stm32g431xx.o(.text)
    TIM4_IRQHandler                          0x0800020b   Thumb Code     0  startup_stm32g431xx.o(.text)
    TIM6_DAC_IRQHandler                      0x0800020b   Thumb Code     0  startup_stm32g431xx.o(.text)
    TIM7_IRQHandler                          0x0800020b   Thumb Code     0  startup_stm32g431xx.o(.text)
    TIM8_BRK_IRQHandler                      0x0800020b   Thumb Code     0  startup_stm32g431xx.o(.text)
    TIM8_CC_IRQHandler                       0x0800020b   Thumb Code     0  startup_stm32g431xx.o(.text)
    TIM8_TRG_COM_IRQHandler                  0x0800020b   Thumb Code     0  startup_stm32g431xx.o(.text)
    TIM8_UP_IRQHandler                       0x0800020b   Thumb Code     0  startup_stm32g431xx.o(.text)
    UART4_IRQHandler                         0x0800020b   Thumb Code     0  startup_stm32g431xx.o(.text)
    UCPD1_IRQHandler                         0x0800020b   Thumb Code     0  startup_stm32g431xx.o(.text)
    USART1_IRQHandler                        0x0800020b   Thumb Code     0  startup_stm32g431xx.o(.text)
    USART2_IRQHandler                        0x0800020b   Thumb Code     0  startup_stm32g431xx.o(.text)
    USART3_IRQHandler                        0x0800020b   Thumb Code     0  startup_stm32g431xx.o(.text)
    USBWakeUp_IRQHandler                     0x0800020b   Thumb Code     0  startup_stm32g431xx.o(.text)
    USB_HP_IRQHandler                        0x0800020b   Thumb Code     0  startup_stm32g431xx.o(.text)
    USB_LP_IRQHandler                        0x0800020b   Thumb Code     0  startup_stm32g431xx.o(.text)
    WWDG_IRQHandler                          0x0800020b   Thumb Code     0  startup_stm32g431xx.o(.text)
    __aeabi_uldivmod                         0x08000215   Thumb Code    98  uldiv.o(.text)
    __aeabi_memset                           0x08000277   Thumb Code    14  memseta.o(.text)
    __aeabi_memset4                          0x08000277   Thumb Code     0  memseta.o(.text)
    __aeabi_memset8                          0x08000277   Thumb Code     0  memseta.o(.text)
    __aeabi_memclr                           0x08000285   Thumb Code     4  memseta.o(.text)
    __aeabi_memclr4                          0x08000285   Thumb Code     0  memseta.o(.text)
    __aeabi_memclr8                          0x08000285   Thumb Code     0  memseta.o(.text)
    _memset$wrapper                          0x08000289   Thumb Code    18  memseta.o(.text)
    __aeabi_dmul                             0x0800029b   Thumb Code   228  dmul.o(.text)
    __aeabi_f2d                              0x0800037f   Thumb Code    38  f2d.o(.text)
    __aeabi_d2f                              0x080003a5   Thumb Code    56  d2f.o(.text)
    __aeabi_llsl                             0x080003dd   Thumb Code    30  llshl.o(.text)
    _ll_shift_l                              0x080003dd   Thumb Code     0  llshl.o(.text)
    __aeabi_llsr                             0x080003fb   Thumb Code    32  llushr.o(.text)
    _ll_ushift_r                             0x080003fb   Thumb Code     0  llushr.o(.text)
    __I$use$fp                               0x0800041b   Thumb Code     0  iusefp.o(.text)
    _float_round                             0x0800041b   Thumb Code    18  fepilogue.o(.text)
    _float_epilogue                          0x0800042d   Thumb Code    92  fepilogue.o(.text)
    _double_round                            0x08000489   Thumb Code    30  depilogue.o(.text)
    _double_epilogue                         0x080004a7   Thumb Code   156  depilogue.o(.text)
    __scatterload                            0x08000545   Thumb Code    28  init.o(.text)
    __scatterload_rt2                        0x08000545   Thumb Code     0  init.o(.text)
    __aeabi_dadd                             0x08000569   Thumb Code   322  dadd.o(.text)
    __aeabi_dsub                             0x080006ab   Thumb Code     6  dadd.o(.text)
    __aeabi_drsub                            0x080006b1   Thumb Code     6  dadd.o(.text)
    __aeabi_ddiv                             0x080006b7   Thumb Code   222  ddiv.o(.text)
    __aeabi_i2d                              0x08000795   Thumb Code    34  dflti.o(.text)
    __aeabi_ui2d                             0x080007b7   Thumb Code    26  dfltui.o(.text)
    __aeabi_d2iz                             0x080007d1   Thumb Code    62  dfixi.o(.text)
    __aeabi_lasr                             0x0800080f   Thumb Code    36  llsshr.o(.text)
    _ll_sshift_r                             0x0800080f   Thumb Code     0  llsshr.o(.text)
    ADC1_2_IRQHandler                        0x08000835   Thumb Code     6  stm32g4xx_it.o(i.ADC1_2_IRQHandler)
    ADC_Enable                               0x08000841   Thumb Code   156  stm32g4xx_hal_adc.o(i.ADC_Enable)
    BusFault_Handler                         0x080008ed   Thumb Code     2  stm32g4xx_it.o(i.BusFault_Handler)
    DebugMon_Handler                         0x080008ef   Thumb Code     2  stm32g4xx_it.o(i.DebugMon_Handler)
    Error_Handler                            0x080008f1   Thumb Code     4  main.o(i.Error_Handler)
    Global_Init                              0x080008f5   Thumb Code   130  global_control.o(i.Global_Init)
    Global_Loop                              0x08000985   Thumb Code    18  global_control.o(i.Global_Loop)
    HAL_ADCEx_EndOfSamplingCallback          0x08000997   Thumb Code     2  stm32g4xx_hal_adc_ex.o(i.HAL_ADCEx_EndOfSamplingCallback)
    HAL_ADCEx_InjectedConfigChannel          0x08000999   Thumb Code  1254  stm32g4xx_hal_adc_ex.o(i.HAL_ADCEx_InjectedConfigChannel)
    HAL_ADCEx_InjectedConvCpltCallback       0x08000ea9   Thumb Code   284  global_control.o(i.HAL_ADCEx_InjectedConvCpltCallback)
    HAL_ADCEx_InjectedQueueOverflowCallback  0x08000fe9   Thumb Code     2  stm32g4xx_hal_adc_ex.o(i.HAL_ADCEx_InjectedQueueOverflowCallback)
    HAL_ADCEx_InjectedStart_IT               0x08000fed   Thumb Code   282  stm32g4xx_hal_adc_ex.o(i.HAL_ADCEx_InjectedStart_IT)
    HAL_ADCEx_LevelOutOfWindow2Callback      0x08001115   Thumb Code     2  stm32g4xx_hal_adc_ex.o(i.HAL_ADCEx_LevelOutOfWindow2Callback)
    HAL_ADCEx_LevelOutOfWindow3Callback      0x08001117   Thumb Code     2  stm32g4xx_hal_adc_ex.o(i.HAL_ADCEx_LevelOutOfWindow3Callback)
    HAL_ADC_ConfigChannel                    0x08001119   Thumb Code   998  stm32g4xx_hal_adc.o(i.HAL_ADC_ConfigChannel)
    HAL_ADC_ConvCpltCallback                 0x08001535   Thumb Code     2  stm32g4xx_hal_adc.o(i.HAL_ADC_ConvCpltCallback)
    HAL_ADC_ErrorCallback                    0x08001537   Thumb Code     2  stm32g4xx_hal_adc.o(i.HAL_ADC_ErrorCallback)
    HAL_ADC_IRQHandler                       0x08001539   Thumb Code   612  stm32g4xx_hal_adc.o(i.HAL_ADC_IRQHandler)
    HAL_ADC_Init                             0x080017a5   Thumb Code   462  stm32g4xx_hal_adc.o(i.HAL_ADC_Init)
    HAL_ADC_LevelOutOfWindowCallback         0x08001995   Thumb Code     2  stm32g4xx_hal_adc.o(i.HAL_ADC_LevelOutOfWindowCallback)
    HAL_ADC_MspInit                          0x08001999   Thumb Code   184  stm32g4xx_hal_msp.o(i.HAL_ADC_MspInit)
    HAL_Delay                                0x08001a61   Thumb Code    32  stm32g4xx_hal.o(i.HAL_Delay)
    HAL_GPIO_Init                            0x08001a85   Thumb Code   400  stm32g4xx_hal_gpio.o(i.HAL_GPIO_Init)
    HAL_GPIO_WritePin                        0x08001c35   Thumb Code    10  stm32g4xx_hal_gpio.o(i.HAL_GPIO_WritePin)
    HAL_GetTick                              0x08001c41   Thumb Code     6  stm32g4xx_hal.o(i.HAL_GetTick)
    HAL_IncTick                              0x08001c4d   Thumb Code    12  stm32g4xx_hal.o(i.HAL_IncTick)
    HAL_Init                                 0x08001c5d   Thumb Code    30  stm32g4xx_hal.o(i.HAL_Init)
    HAL_InitTick                             0x08001c7d   Thumb Code    58  stm32g4xx_hal.o(i.HAL_InitTick)
    HAL_MspInit                              0x08001cc1   Thumb Code    42  stm32g4xx_hal_msp.o(i.HAL_MspInit)
    HAL_NVIC_EnableIRQ                       0x08001cf1   Thumb Code    26  stm32g4xx_hal_cortex.o(i.HAL_NVIC_EnableIRQ)
    HAL_NVIC_SetPriority                     0x08001d0d   Thumb Code    60  stm32g4xx_hal_cortex.o(i.HAL_NVIC_SetPriority)
    HAL_NVIC_SetPriorityGrouping             0x08001d4d   Thumb Code    26  stm32g4xx_hal_cortex.o(i.HAL_NVIC_SetPriorityGrouping)
    HAL_PWREx_ControlVoltageScaling          0x08001d71   Thumb Code   174  stm32g4xx_hal_pwr_ex.o(i.HAL_PWREx_ControlVoltageScaling)
    HAL_PWREx_DisableUCPDDeadBattery         0x08001e2d   Thumb Code    12  stm32g4xx_hal_pwr_ex.o(i.HAL_PWREx_DisableUCPDDeadBattery)
    HAL_RCCEx_PeriphCLKConfig                0x08001e3d   Thumb Code   660  stm32g4xx_hal_rcc_ex.o(i.HAL_RCCEx_PeriphCLKConfig)
    HAL_RCC_ClockConfig                      0x080020d9   Thumb Code   430  stm32g4xx_hal_rcc.o(i.HAL_RCC_ClockConfig)
    HAL_RCC_GetPCLK1Freq                     0x080022a5   Thumb Code    24  stm32g4xx_hal_rcc.o(i.HAL_RCC_GetPCLK1Freq)
    HAL_RCC_GetPCLK2Freq                     0x080022c9   Thumb Code    24  stm32g4xx_hal_rcc.o(i.HAL_RCC_GetPCLK2Freq)
    HAL_RCC_GetSysClockFreq                  0x080022ed   Thumb Code    80  stm32g4xx_hal_rcc.o(i.HAL_RCC_GetSysClockFreq)
    HAL_RCC_OscConfig                        0x08002345   Thumb Code   992  stm32g4xx_hal_rcc.o(i.HAL_RCC_OscConfig)
    HAL_SPI_Init                             0x08002739   Thumb Code   234  stm32g4xx_hal_spi.o(i.HAL_SPI_Init)
    HAL_SPI_MspInit                          0x08002825   Thumb Code    90  stm32g4xx_hal_msp.o(i.HAL_SPI_MspInit)
    HAL_SPI_Transmit                         0x0800288d   Thumb Code   394  stm32g4xx_hal_spi.o(i.HAL_SPI_Transmit)
    HAL_SYSTICK_Config                       0x08002a17   Thumb Code    40  stm32g4xx_hal_cortex.o(i.HAL_SYSTICK_Config)
    HAL_TIMEx_Break2Callback                 0x08002a3f   Thumb Code     2  stm32g4xx_hal_tim_ex.o(i.HAL_TIMEx_Break2Callback)
    HAL_TIMEx_BreakCallback                  0x08002a41   Thumb Code     2  stm32g4xx_hal_tim_ex.o(i.HAL_TIMEx_BreakCallback)
    HAL_TIMEx_CommutCallback                 0x08002a43   Thumb Code     2  stm32g4xx_hal_tim_ex.o(i.HAL_TIMEx_CommutCallback)
    HAL_TIMEx_ConfigBreakDeadTime            0x08002a45   Thumb Code   148  stm32g4xx_hal_tim_ex.o(i.HAL_TIMEx_ConfigBreakDeadTime)
    HAL_TIMEx_DirectionChangeCallback        0x08002ae1   Thumb Code     2  stm32g4xx_hal_tim_ex.o(i.HAL_TIMEx_DirectionChangeCallback)
    HAL_TIMEx_EncoderIndexCallback           0x08002ae3   Thumb Code     2  stm32g4xx_hal_tim_ex.o(i.HAL_TIMEx_EncoderIndexCallback)
    HAL_TIMEx_IndexErrorCallback             0x08002ae5   Thumb Code     2  stm32g4xx_hal_tim_ex.o(i.HAL_TIMEx_IndexErrorCallback)
    HAL_TIMEx_MasterConfigSynchronization    0x08002ae9   Thumb Code   132  stm32g4xx_hal_tim_ex.o(i.HAL_TIMEx_MasterConfigSynchronization)
    HAL_TIMEx_TransitionErrorCallback        0x08002b85   Thumb Code     2  stm32g4xx_hal_tim_ex.o(i.HAL_TIMEx_TransitionErrorCallback)
    HAL_TIM_Base_Init                        0x08002b87   Thumb Code    98  stm32g4xx_hal_tim.o(i.HAL_TIM_Base_Init)
    HAL_TIM_Base_MspInit                     0x08002be9   Thumb Code    50  stm32g4xx_hal_msp.o(i.HAL_TIM_Base_MspInit)
    HAL_TIM_Base_Start_IT                    0x08002c25   Thumb Code    94  stm32g4xx_hal_tim.o(i.HAL_TIM_Base_Start_IT)
    HAL_TIM_ConfigClockSource                0x08002c9d   Thumb Code   246  stm32g4xx_hal_tim.o(i.HAL_TIM_ConfigClockSource)
    HAL_TIM_Encoder_Init                     0x08002d9d   Thumb Code   162  stm32g4xx_hal_tim.o(i.HAL_TIM_Encoder_Init)
    HAL_TIM_Encoder_MspInit                  0x08002e45   Thumb Code    86  stm32g4xx_hal_msp.o(i.HAL_TIM_Encoder_MspInit)
    HAL_TIM_Encoder_Start                    0x08002ea9   Thumb Code   146  stm32g4xx_hal_tim.o(i.HAL_TIM_Encoder_Start)
    HAL_TIM_IC_CaptureCallback               0x08002f3b   Thumb Code     2  stm32g4xx_hal_tim.o(i.HAL_TIM_IC_CaptureCallback)
    HAL_TIM_IRQHandler                       0x08002f3d   Thumb Code   418  stm32g4xx_hal_tim.o(i.HAL_TIM_IRQHandler)
    HAL_TIM_MspPostInit                      0x080030e1   Thumb Code    70  stm32g4xx_hal_msp.o(i.HAL_TIM_MspPostInit)
    HAL_TIM_OC_DelayElapsedCallback          0x08003135   Thumb Code     2  stm32g4xx_hal_tim.o(i.HAL_TIM_OC_DelayElapsedCallback)
    HAL_TIM_PWM_ConfigChannel                0x08003137   Thumb Code   292  stm32g4xx_hal_tim.o(i.HAL_TIM_PWM_ConfigChannel)
    HAL_TIM_PWM_Init                         0x0800325b   Thumb Code    98  stm32g4xx_hal_tim.o(i.HAL_TIM_PWM_Init)
    HAL_TIM_PWM_MspInit                      0x080032bd   Thumb Code     2  stm32g4xx_hal_tim.o(i.HAL_TIM_PWM_MspInit)
    HAL_TIM_PWM_PulseFinishedCallback        0x080032bf   Thumb Code     2  stm32g4xx_hal_tim.o(i.HAL_TIM_PWM_PulseFinishedCallback)
    HAL_TIM_PWM_Start                        0x080032c1   Thumb Code   230  stm32g4xx_hal_tim.o(i.HAL_TIM_PWM_Start)
    HAL_TIM_PeriodElapsedCallback            0x080033c9   Thumb Code    44  global_control.o(i.HAL_TIM_PeriodElapsedCallback)
    HAL_TIM_TriggerCallback                  0x08003409   Thumb Code     2  stm32g4xx_hal_tim.o(i.HAL_TIM_TriggerCallback)
    HAL_UARTEx_DisableFifoMode               0x0800340b   Thumb Code    62  stm32g4xx_hal_uart_ex.o(i.HAL_UARTEx_DisableFifoMode)
    HAL_UARTEx_SetRxFifoThreshold            0x08003449   Thumb Code    76  stm32g4xx_hal_uart_ex.o(i.HAL_UARTEx_SetRxFifoThreshold)
    HAL_UARTEx_SetTxFifoThreshold            0x08003495   Thumb Code    76  stm32g4xx_hal_uart_ex.o(i.HAL_UARTEx_SetTxFifoThreshold)
    HAL_UART_Init                            0x080034e1   Thumb Code   106  stm32g4xx_hal_uart.o(i.HAL_UART_Init)
    HAL_UART_MspInit                         0x0800354d   Thumb Code   112  stm32g4xx_hal_msp.o(i.HAL_UART_MspInit)
    HardFault_Handler                        0x080035c9   Thumb Code     2  stm32g4xx_it.o(i.HardFault_Handler)
    LCD_Address_Set                          0x080035cb   Thumb Code    62  lcd_drv.o(i.LCD_Address_Set)
    LCD_DrawPoint                            0x08003609   Thumb Code    22  lcd_drv.o(i.LCD_DrawPoint)
    LCD_Fill                                 0x0800361f   Thumb Code    62  lcd_drv.o(i.LCD_Fill)
    LCD_Init                                 0x0800365d   Thumb Code   516  lcd_drv.o(i.LCD_Init)
    LCD_ShowChar                             0x08003865   Thumb Code   254  lcd_drv.o(i.LCD_ShowChar)
    LCD_ShowIntNum                           0x08003975   Thumb Code   126  lcd_drv.o(i.LCD_ShowIntNum)
    LCD_WR_DATA                              0x080039f3   Thumb Code    20  lcd_drv.o(i.LCD_WR_DATA)
    LCD_WR_REG                               0x08003a09   Thumb Code    36  lcd_drv.o(i.LCD_WR_REG)
    LCD_Writ_Bus                             0x08003a31   Thumb Code    44  lcd_drv.o(i.LCD_Writ_Bus)
    Lcd_Task                                 0x08003b15   Thumb Code   150  lcd_task.o(i.Lcd_Task)
    Led_Task                                 0x08003bb5   Thumb Code    34  led_task.o(i.Led_Task)
    MemManage_Handler                        0x08004075   Thumb Code     2  stm32g4xx_it.o(i.MemManage_Handler)
    Motor_Struct_Init                        0x08004079   Thumb Code   324  motor_publicdata.o(i.Motor_Struct_Init)
    Motor_System_Init                        0x0800420d   Thumb Code    56  motor_system.o(i.Motor_System_Init)
    NMI_Handler                              0x08004251   Thumb Code     2  stm32g4xx_it.o(i.NMI_Handler)
    PendSV_Handler                           0x08004253   Thumb Code     2  stm32g4xx_it.o(i.PendSV_Handler)
    SVC_Handler                              0x08004431   Thumb Code     2  stm32g4xx_it.o(i.SVC_Handler)
    Stepper_Foc_Init                         0x08004435   Thumb Code   100  stepper_foc.o(i.Stepper_Foc_Init)
    Stepper_Foc_SetCurrentRef                0x080044a9   Thumb Code    14  stepper_foc.o(i.Stepper_Foc_SetCurrentRef)
    SysTick_Handler                          0x080044b7   Thumb Code     4  stm32g4xx_it.o(i.SysTick_Handler)
    SystemClock_Config                       0x080044bb   Thumb Code   102  main.o(i.SystemClock_Config)
    SystemInit                               0x08004521   Thumb Code    12  system_stm32g4xx.o(i.SystemInit)
    TIM1_UP_TIM16_IRQHandler                 0x08004531   Thumb Code     6  stm32g4xx_it.o(i.TIM1_UP_TIM16_IRQHandler)
    TIM_Base_SetConfig                       0x0800453d   Thumb Code   160  stm32g4xx_hal_tim.o(i.TIM_Base_SetConfig)
    TIM_CCxChannelCmd                        0x080045f9   Thumb Code    26  stm32g4xx_hal_tim.o(i.TIM_CCxChannelCmd)
    TIM_ETR_SetConfig                        0x08004613   Thumb Code    20  stm32g4xx_hal_tim.o(i.TIM_ETR_SetConfig)
    TIM_OC2_SetConfig                        0x080046d9   Thumb Code   120  stm32g4xx_hal_tim.o(i.TIM_OC2_SetConfig)
    UART_AdvFeatureConfig                    0x080049f5   Thumb Code   200  stm32g4xx_hal_uart.o(i.UART_AdvFeatureConfig)
    UART_CheckIdleState                      0x08004abd   Thumb Code   172  stm32g4xx_hal_uart.o(i.UART_CheckIdleState)
    UART_SetConfig                           0x08004bbd   Thumb Code   580  stm32g4xx_hal_uart.o(i.UART_SetConfig)
    UART_WaitOnFlagUntilTimeout              0x08004e2d   Thumb Code   146  stm32g4xx_hal_uart.o(i.UART_WaitOnFlagUntilTimeout)
    UsageFault_Handler                       0x08004ebf   Thumb Code     2  stm32g4xx_it.o(i.UsageFault_Handler)
    Usart_Task                               0x08004ec1   Thumb Code    32  usart_task.o(i.Usart_Task)
    __ARM_fpclassify                         0x08004ee5   Thumb Code    48  fpclassify.o(i.__ARM_fpclassify)
    __hardfp_cos                             0x08004f39   Thumb Code   180  cos.o(i.__hardfp_cos)
    __hardfp_sin                             0x08005001   Thumb Code   180  sin.o(i.__hardfp_sin)
    __ieee754_rem_pio2                       0x080050c9   Thumb Code   938  rred.o(i.__ieee754_rem_pio2)
    __kernel_cos                             0x08005501   Thumb Code   322  cos_i.o(i.__kernel_cos)
    __kernel_poly                            0x08005671   Thumb Code   248  poly.o(i.__kernel_poly)
    __kernel_sin                             0x08005769   Thumb Code   280  sin_i.o(i.__kernel_sin)
    __mathlib_dbl_infnan                     0x08005899   Thumb Code    20  dunder.o(i.__mathlib_dbl_infnan)
    __mathlib_dbl_invalid                    0x080058b1   Thumb Code    24  dunder.o(i.__mathlib_dbl_invalid)
    __mathlib_dbl_underflow                  0x080058d1   Thumb Code    24  dunder.o(i.__mathlib_dbl_underflow)
    __scatterload_copy                       0x080058f1   Thumb Code    14  handlers.o(i.__scatterload_copy)
    __scatterload_null                       0x080058ff   Thumb Code     2  handlers.o(i.__scatterload_null)
    __scatterload_zeroinit                   0x08005901   Thumb Code    14  handlers.o(i.__scatterload_zeroinit)
    __set_errno                              0x08005911   Thumb Code     6  errno.o(i.__set_errno)
    fabs                                     0x0800591d   Thumb Code    24  fabs.o(i.fabs)
    main                                     0x08005935   Thumb Code    42  main.o(i.main)
    mypow                                    0x0800595f   Thumb Code    16  lcd_drv.o(i.mypow)
    UARTPrescTable                           0x0800596e   Data          24  stm32g4xx_hal_uart.o(.constdata)
    AHBPrescTable                            0x08005996   Data          16  system_stm32g4xx.o(.constdata)
    APBPrescTable                            0x080059a6   Data           8  system_stm32g4xx.o(.constdata)
    ascii_1206                               0x080059ae   Data        1140  lcd_drv.o(.constdata)
    ascii_1608                               0x08005e22   Data        1520  lcd_drv.o(.constdata)
    ascii_2412                               0x08006412   Data        4560  lcd_drv.o(.constdata)
    ascii_3216                               0x080075e2   Data        6080  lcd_drv.o(.constdata)
    tfont12                                  0x08008da2   Data         130  lcd_drv.o(.constdata)
    tfont16                                  0x08008e24   Data         170  lcd_drv.o(.constdata)
    tfont24                                  0x08008ece   Data         296  lcd_drv.o(.constdata)
    tfont32                                  0x08008ff6   Data         650  lcd_drv.o(.constdata)
    Region$$Table$$Base                      0x080093a0   Number         0  anon$$obj.o(Region$$Table)
    Region$$Table$$Limit                     0x080093c0   Number         0  anon$$obj.o(Region$$Table)
    uwTickPrio                               0x20000000   Data           4  stm32g4xx_hal.o(.data)
    uwTickFreq                               0x20000004   Data           4  stm32g4xx_hal.o(.data)
    uwTick                                   0x20000008   Data           4  stm32g4xx_hal.o(.data)
    SystemCoreClock                          0x2000000c   Data           4  system_stm32g4xx.o(.data)
    LedTaskId                                0x20000010   Data           2  led_task.o(.data)
    LedTaskTim                               0x20000012   Data           2  led_task.o(.data)
    LcdTaskId                                0x20000014   Data           2  lcd_task.o(.data)
    LcdTaskTim                               0x20000016   Data           2  lcd_task.o(.data)
    IIA                                      0x20000018   Data           2  lcd_task.o(.data)
    IIB                                      0x2000001a   Data           2  lcd_task.o(.data)
    machinebutton                            0x2000001c   Data           4  lcd_task.o(.data)
    Encod                                    0x20000020   Data           4  lcd_task.o(.data)
    UsartTaskId                              0x20000024   Data           2  usart_task.o(.data)
    UsartTaskTim                             0x20000026   Data           2  usart_task.o(.data)
    xita                                     0x20000028   Data           4  global_control.o(.data)
    dutyA                                    0x2000002c   Data           4  global_control.o(.data)
    dutyB                                    0x20000030   Data           4  global_control.o(.data)
    hadc2                                    0x20000038   Data         108  main.o(.bss)
    hspi3                                    0x200000a4   Data         100  main.o(.bss)
    htim1                                    0x20000108   Data          76  main.o(.bss)
    htim3                                    0x20000154   Data          76  main.o(.bss)
    huart1                                   0x200001a0   Data         148  main.o(.bss)
    MC                                       0x200002fc   Data         840  motor_publicdata.o(.bss)
    __initial_sp                             0x20000a48   Data           0  startup_stm32g431xx.o(STACK)



==============================================================================

Memory Map of the image

  Image Entry point : 0x080001d9

  Load Region LR_IROM1 (Base: 0x08000000, Size: 0x000093f8, Max: 0x00020000, ABSOLUTE)

    Execution Region ER_IROM1 (Exec base: 0x08000000, Load base: 0x08000000, Size: 0x000093c0, Max: 0x00020000, ABSOLUTE)

    Exec Addr    Load Addr    Size         Type   Attr      Idx    E Section Name        Object

    0x08000000   0x08000000   0x000001d8   Data   RO            3    RESET               startup_stm32g431xx.o
    0x080001d8   0x080001d8   0x00000000   Code   RO         5312  * .ARM.Collect$$$$00000000  mc_w.l(entry.o)
    0x080001d8   0x080001d8   0x00000004   Code   RO         5357    .ARM.Collect$$$$00000001  mc_w.l(entry2.o)
    0x080001dc   0x080001dc   0x00000004   Code   RO         5360    .ARM.Collect$$$$00000004  mc_w.l(entry5.o)
    0x080001e0   0x080001e0   0x00000000   Code   RO         5362    .ARM.Collect$$$$00000008  mc_w.l(entry7b.o)
    0x080001e0   0x080001e0   0x00000000   Code   RO         5364    .ARM.Collect$$$$0000000A  mc_w.l(entry8b.o)
    0x080001e0   0x080001e0   0x00000008   Code   RO         5365    .ARM.Collect$$$$0000000B  mc_w.l(entry9a.o)
    0x080001e8   0x080001e8   0x00000004   Code   RO         5372    .ARM.Collect$$$$0000000E  mc_w.l(entry12b.o)
    0x080001ec   0x080001ec   0x00000000   Code   RO         5367    .ARM.Collect$$$$0000000F  mc_w.l(entry10a.o)
    0x080001ec   0x080001ec   0x00000000   Code   RO         5369    .ARM.Collect$$$$00000011  mc_w.l(entry11a.o)
    0x080001ec   0x080001ec   0x00000004   Code   RO         5358    .ARM.Collect$$$$00002712  mc_w.l(entry2.o)
    0x080001f0   0x080001f0   0x00000024   Code   RO            4    .text               startup_stm32g431xx.o
    0x08000214   0x08000214   0x00000062   Code   RO         5315    .text               mc_w.l(uldiv.o)
    0x08000276   0x08000276   0x00000024   Code   RO         5319    .text               mc_w.l(memseta.o)
    0x0800029a   0x0800029a   0x000000e4   Code   RO         5323    .text               mf_w.l(dmul.o)
    0x0800037e   0x0800037e   0x00000026   Code   RO         5325    .text               mf_w.l(f2d.o)
    0x080003a4   0x080003a4   0x00000038   Code   RO         5327    .text               mf_w.l(d2f.o)
    0x080003dc   0x080003dc   0x0000001e   Code   RO         5373    .text               mc_w.l(llshl.o)
    0x080003fa   0x080003fa   0x00000020   Code   RO         5375    .text               mc_w.l(llushr.o)
    0x0800041a   0x0800041a   0x00000000   Code   RO         5384    .text               mc_w.l(iusefp.o)
    0x0800041a   0x0800041a   0x0000006e   Code   RO         5385    .text               mf_w.l(fepilogue.o)
    0x08000488   0x08000488   0x000000ba   Code   RO         5387    .text               mf_w.l(depilogue.o)
    0x08000542   0x08000542   0x00000002   PAD
    0x08000544   0x08000544   0x00000024   Code   RO         5401    .text               mc_w.l(init.o)
    0x08000568   0x08000568   0x0000014e   Code   RO         5403    .text               mf_w.l(dadd.o)
    0x080006b6   0x080006b6   0x000000de   Code   RO         5405    .text               mf_w.l(ddiv.o)
    0x08000794   0x08000794   0x00000022   Code   RO         5407    .text               mf_w.l(dflti.o)
    0x080007b6   0x080007b6   0x0000001a   Code   RO         5409    .text               mf_w.l(dfltui.o)
    0x080007d0   0x080007d0   0x0000003e   Code   RO         5411    .text               mf_w.l(dfixi.o)
    0x0800080e   0x0800080e   0x00000024   Code   RO         5413    .text               mc_w.l(llsshr.o)
    0x08000832   0x08000832   0x00000002   PAD
    0x08000834   0x08000834   0x0000000c   Code   RO          210    i.ADC1_2_IRQHandler  stm32g4xx_it.o
    0x08000840   0x08000840   0x000000ac   Code   RO          396    i.ADC_Enable        stm32g4xx_hal_adc.o
    0x080008ec   0x080008ec   0x00000002   Code   RO          211    i.BusFault_Handler  stm32g4xx_it.o
    0x080008ee   0x080008ee   0x00000002   Code   RO          212    i.DebugMon_Handler  stm32g4xx_it.o
    0x080008f0   0x080008f0   0x00000004   Code   RO           13    i.Error_Handler     main.o
    0x080008f4   0x080008f4   0x00000090   Code   RO         5233    i.Global_Init       global_control.o
    0x08000984   0x08000984   0x00000012   Code   RO         5234    i.Global_Loop       global_control.o
    0x08000996   0x08000996   0x00000002   Code   RO          638    i.HAL_ADCEx_EndOfSamplingCallback  stm32g4xx_hal_adc_ex.o
    0x08000998   0x08000998   0x00000510   Code   RO          640    i.HAL_ADCEx_InjectedConfigChannel  stm32g4xx_hal_adc_ex.o
    0x08000ea8   0x08000ea8   0x00000140   Code   RO         5235    i.HAL_ADCEx_InjectedConvCpltCallback  global_control.o
    0x08000fe8   0x08000fe8   0x00000002   Code   RO          644    i.HAL_ADCEx_InjectedQueueOverflowCallback  stm32g4xx_hal_adc_ex.o
    0x08000fea   0x08000fea   0x00000002   PAD
    0x08000fec   0x08000fec   0x00000128   Code   RO          646    i.HAL_ADCEx_InjectedStart_IT  stm32g4xx_hal_adc_ex.o
    0x08001114   0x08001114   0x00000002   Code   RO          649    i.HAL_ADCEx_LevelOutOfWindow2Callback  stm32g4xx_hal_adc_ex.o
    0x08001116   0x08001116   0x00000002   Code   RO          650    i.HAL_ADCEx_LevelOutOfWindow3Callback  stm32g4xx_hal_adc_ex.o
    0x08001118   0x08001118   0x0000041c   Code   RO          398    i.HAL_ADC_ConfigChannel  stm32g4xx_hal_adc.o
    0x08001534   0x08001534   0x00000002   Code   RO          399    i.HAL_ADC_ConvCpltCallback  stm32g4xx_hal_adc.o
    0x08001536   0x08001536   0x00000002   Code   RO          402    i.HAL_ADC_ErrorCallback  stm32g4xx_hal_adc.o
    0x08001538   0x08001538   0x0000026c   Code   RO          406    i.HAL_ADC_IRQHandler  stm32g4xx_hal_adc.o
    0x080017a4   0x080017a4   0x000001f0   Code   RO          407    i.HAL_ADC_Init      stm32g4xx_hal_adc.o
    0x08001994   0x08001994   0x00000002   Code   RO          408    i.HAL_ADC_LevelOutOfWindowCallback  stm32g4xx_hal_adc.o
    0x08001996   0x08001996   0x00000002   PAD
    0x08001998   0x08001998   0x000000c8   Code   RO          302    i.HAL_ADC_MspInit   stm32g4xx_hal_msp.o
    0x08001a60   0x08001a60   0x00000024   Code   RO          855    i.HAL_Delay         stm32g4xx_hal.o
    0x08001a84   0x08001a84   0x000001b0   Code   RO         1564    i.HAL_GPIO_Init     stm32g4xx_hal_gpio.o
    0x08001c34   0x08001c34   0x0000000a   Code   RO         1568    i.HAL_GPIO_WritePin  stm32g4xx_hal_gpio.o
    0x08001c3e   0x08001c3e   0x00000002   PAD
    0x08001c40   0x08001c40   0x0000000c   Code   RO          859    i.HAL_GetTick       stm32g4xx_hal.o
    0x08001c4c   0x08001c4c   0x00000010   Code   RO          865    i.HAL_IncTick       stm32g4xx_hal.o
    0x08001c5c   0x08001c5c   0x0000001e   Code   RO          866    i.HAL_Init          stm32g4xx_hal.o
    0x08001c7a   0x08001c7a   0x00000002   PAD
    0x08001c7c   0x08001c7c   0x00000044   Code   RO          867    i.HAL_InitTick      stm32g4xx_hal.o
    0x08001cc0   0x08001cc0   0x00000030   Code   RO          303    i.HAL_MspInit       stm32g4xx_hal_msp.o
    0x08001cf0   0x08001cf0   0x0000001a   Code   RO         2213    i.HAL_NVIC_EnableIRQ  stm32g4xx_hal_cortex.o
    0x08001d0a   0x08001d0a   0x00000002   PAD
    0x08001d0c   0x08001d0c   0x00000040   Code   RO         2219    i.HAL_NVIC_SetPriority  stm32g4xx_hal_cortex.o
    0x08001d4c   0x08001d4c   0x00000024   Code   RO         2220    i.HAL_NVIC_SetPriorityGrouping  stm32g4xx_hal_cortex.o
    0x08001d70   0x08001d70   0x000000bc   Code   RO         1967    i.HAL_PWREx_ControlVoltageScaling  stm32g4xx_hal_pwr_ex.o
    0x08001e2c   0x08001e2c   0x00000010   Code   RO         1979    i.HAL_PWREx_DisableUCPDDeadBattery  stm32g4xx_hal_pwr_ex.o
    0x08001e3c   0x08001e3c   0x0000029c   Code   RO         1226    i.HAL_RCCEx_PeriphCLKConfig  stm32g4xx_hal_rcc_ex.o
    0x080020d8   0x080020d8   0x000001cc   Code   RO         1101    i.HAL_RCC_ClockConfig  stm32g4xx_hal_rcc.o
    0x080022a4   0x080022a4   0x00000024   Code   RO         1109    i.HAL_RCC_GetPCLK1Freq  stm32g4xx_hal_rcc.o
    0x080022c8   0x080022c8   0x00000024   Code   RO         1110    i.HAL_RCC_GetPCLK2Freq  stm32g4xx_hal_rcc.o
    0x080022ec   0x080022ec   0x00000058   Code   RO         1111    i.HAL_RCC_GetSysClockFreq  stm32g4xx_hal_rcc.o
    0x08002344   0x08002344   0x000003f4   Code   RO         1114    i.HAL_RCC_OscConfig  stm32g4xx_hal_rcc.o
    0x08002738   0x08002738   0x000000ea   Code   RO         2364    i.HAL_SPI_Init      stm32g4xx_hal_spi.o
    0x08002822   0x08002822   0x00000002   PAD
    0x08002824   0x08002824   0x00000068   Code   RO          305    i.HAL_SPI_MspInit   stm32g4xx_hal_msp.o
    0x0800288c   0x0800288c   0x0000018a   Code   RO         2372    i.HAL_SPI_Transmit  stm32g4xx_hal_spi.o
    0x08002a16   0x08002a16   0x00000028   Code   RO         2224    i.HAL_SYSTICK_Config  stm32g4xx_hal_cortex.o
    0x08002a3e   0x08002a3e   0x00000002   Code   RO         3420    i.HAL_TIMEx_Break2Callback  stm32g4xx_hal_tim_ex.o
    0x08002a40   0x08002a40   0x00000002   Code   RO         3421    i.HAL_TIMEx_BreakCallback  stm32g4xx_hal_tim_ex.o
    0x08002a42   0x08002a42   0x00000002   Code   RO         3422    i.HAL_TIMEx_CommutCallback  stm32g4xx_hal_tim_ex.o
    0x08002a44   0x08002a44   0x0000009c   Code   RO         3425    i.HAL_TIMEx_ConfigBreakDeadTime  stm32g4xx_hal_tim_ex.o
    0x08002ae0   0x08002ae0   0x00000002   Code   RO         3433    i.HAL_TIMEx_DirectionChangeCallback  stm32g4xx_hal_tim_ex.o
    0x08002ae2   0x08002ae2   0x00000002   Code   RO         3447    i.HAL_TIMEx_EncoderIndexCallback  stm32g4xx_hal_tim_ex.o
    0x08002ae4   0x08002ae4   0x00000002   Code   RO         3461    i.HAL_TIMEx_IndexErrorCallback  stm32g4xx_hal_tim_ex.o
    0x08002ae6   0x08002ae6   0x00000002   PAD
    0x08002ae8   0x08002ae8   0x0000009c   Code   RO         3462    i.HAL_TIMEx_MasterConfigSynchronization  stm32g4xx_hal_tim_ex.o
    0x08002b84   0x08002b84   0x00000002   Code   RO         3483    i.HAL_TIMEx_TransitionErrorCallback  stm32g4xx_hal_tim_ex.o
    0x08002b86   0x08002b86   0x00000062   Code   RO         2706    i.HAL_TIM_Base_Init  stm32g4xx_hal_tim.o
    0x08002be8   0x08002be8   0x0000003c   Code   RO          307    i.HAL_TIM_Base_MspInit  stm32g4xx_hal_msp.o
    0x08002c24   0x08002c24   0x00000078   Code   RO         2711    i.HAL_TIM_Base_Start_IT  stm32g4xx_hal_tim.o
    0x08002c9c   0x08002c9c   0x00000100   Code   RO         2715    i.HAL_TIM_ConfigClockSource  stm32g4xx_hal_tim.o
    0x08002d9c   0x08002d9c   0x000000a8   Code   RO         2727    i.HAL_TIM_Encoder_Init  stm32g4xx_hal_tim.o
    0x08002e44   0x08002e44   0x00000064   Code   RO          309    i.HAL_TIM_Encoder_MspInit  stm32g4xx_hal_msp.o
    0x08002ea8   0x08002ea8   0x00000092   Code   RO         2730    i.HAL_TIM_Encoder_Start  stm32g4xx_hal_tim.o
    0x08002f3a   0x08002f3a   0x00000002   Code   RO         2740    i.HAL_TIM_IC_CaptureCallback  stm32g4xx_hal_tim.o
    0x08002f3c   0x08002f3c   0x000001a2   Code   RO         2754    i.HAL_TIM_IRQHandler  stm32g4xx_hal_tim.o
    0x080030de   0x080030de   0x00000002   PAD
    0x080030e0   0x080030e0   0x00000054   Code   RO          310    i.HAL_TIM_MspPostInit  stm32g4xx_hal_msp.o
    0x08003134   0x08003134   0x00000002   Code   RO         2757    i.HAL_TIM_OC_DelayElapsedCallback  stm32g4xx_hal_tim.o
    0x08003136   0x08003136   0x00000124   Code   RO         2778    i.HAL_TIM_PWM_ConfigChannel  stm32g4xx_hal_tim.o
    0x0800325a   0x0800325a   0x00000062   Code   RO         2781    i.HAL_TIM_PWM_Init  stm32g4xx_hal_tim.o
    0x080032bc   0x080032bc   0x00000002   Code   RO         2783    i.HAL_TIM_PWM_MspInit  stm32g4xx_hal_tim.o
    0x080032be   0x080032be   0x00000002   Code   RO         2784    i.HAL_TIM_PWM_PulseFinishedCallback  stm32g4xx_hal_tim.o
    0x080032c0   0x080032c0   0x00000108   Code   RO         2786    i.HAL_TIM_PWM_Start  stm32g4xx_hal_tim.o
    0x080033c8   0x080033c8   0x00000040   Code   RO         5236    i.HAL_TIM_PeriodElapsedCallback  global_control.o
    0x08003408   0x08003408   0x00000002   Code   RO         2797    i.HAL_TIM_TriggerCallback  stm32g4xx_hal_tim.o
    0x0800340a   0x0800340a   0x0000003e   Code   RO         4269    i.HAL_UARTEx_DisableFifoMode  stm32g4xx_hal_uart_ex.o
    0x08003448   0x08003448   0x0000004c   Code   RO         4278    i.HAL_UARTEx_SetRxFifoThreshold  stm32g4xx_hal_uart_ex.o
    0x08003494   0x08003494   0x0000004c   Code   RO         4279    i.HAL_UARTEx_SetTxFifoThreshold  stm32g4xx_hal_uart_ex.o
    0x080034e0   0x080034e0   0x0000006a   Code   RO         3878    i.HAL_UART_Init     stm32g4xx_hal_uart.o
    0x0800354a   0x0800354a   0x00000002   PAD
    0x0800354c   0x0800354c   0x0000007c   Code   RO          312    i.HAL_UART_MspInit  stm32g4xx_hal_msp.o
    0x080035c8   0x080035c8   0x00000002   Code   RO          213    i.HardFault_Handler  stm32g4xx_it.o
    0x080035ca   0x080035ca   0x0000003e   Code   RO         4456    i.LCD_Address_Set   lcd_drv.o
    0x08003608   0x08003608   0x00000016   Code   RO         4458    i.LCD_DrawPoint     lcd_drv.o
    0x0800361e   0x0800361e   0x0000003e   Code   RO         4460    i.LCD_Fill          lcd_drv.o
    0x0800365c   0x0800365c   0x00000208   Code   RO         4461    i.LCD_Init          lcd_drv.o
    0x08003864   0x08003864   0x00000110   Code   RO         4462    i.LCD_ShowChar      lcd_drv.o
    0x08003974   0x08003974   0x0000007e   Code   RO         4469    i.LCD_ShowIntNum    lcd_drv.o
    0x080039f2   0x080039f2   0x00000014   Code   RO         4472    i.LCD_WR_DATA       lcd_drv.o
    0x08003a06   0x08003a06   0x00000002   PAD
    0x08003a08   0x08003a08   0x00000028   Code   RO         4474    i.LCD_WR_REG        lcd_drv.o
    0x08003a30   0x08003a30   0x00000030   Code   RO         4475    i.LCD_Writ_Bus      lcd_drv.o
    0x08003a60   0x08003a60   0x0000000c   Code   RO          421    i.LL_ADC_GetOffsetChannel  stm32g4xx_hal_adc.o
    0x08003a6c   0x08003a6c   0x0000000c   Code   RO          659    i.LL_ADC_GetOffsetChannel  stm32g4xx_hal_adc_ex.o
    0x08003a78   0x08003a78   0x00000008   Code   RO          422    i.LL_ADC_INJ_IsConversionOngoing  stm32g4xx_hal_adc.o
    0x08003a80   0x08003a80   0x00000008   Code   RO          660    i.LL_ADC_INJ_IsConversionOngoing  stm32g4xx_hal_adc_ex.o
    0x08003a88   0x08003a88   0x00000008   Code   RO          423    i.LL_ADC_IsEnabled  stm32g4xx_hal_adc.o
    0x08003a90   0x08003a90   0x00000008   Code   RO          661    i.LL_ADC_IsEnabled  stm32g4xx_hal_adc_ex.o
    0x08003a98   0x08003a98   0x00000008   Code   RO          424    i.LL_ADC_REG_IsConversionOngoing  stm32g4xx_hal_adc.o
    0x08003aa0   0x08003aa0   0x00000008   Code   RO          662    i.LL_ADC_REG_IsConversionOngoing  stm32g4xx_hal_adc_ex.o
    0x08003aa8   0x08003aa8   0x00000010   Code   RO          425    i.LL_ADC_REG_IsTriggerSourceSWStart  stm32g4xx_hal_adc.o
    0x08003ab8   0x08003ab8   0x0000001e   Code   RO          427    i.LL_ADC_SetChannelSamplingTime  stm32g4xx_hal_adc.o
    0x08003ad6   0x08003ad6   0x0000001e   Code   RO          663    i.LL_ADC_SetChannelSamplingTime  stm32g4xx_hal_adc_ex.o
    0x08003af4   0x08003af4   0x00000010   Code   RO          428    i.LL_ADC_SetOffsetState  stm32g4xx_hal_adc.o
    0x08003b04   0x08003b04   0x00000010   Code   RO          664    i.LL_ADC_SetOffsetState  stm32g4xx_hal_adc_ex.o
    0x08003b14   0x08003b14   0x000000a0   Code   RO         4610    i.Lcd_Task          lcd_task.o
    0x08003bb4   0x08003bb4   0x00000028   Code   RO         4425    i.Led_Task          led_task.o
    0x08003bdc   0x08003bdc   0x00000148   Code   RO           14    i.MX_ADC2_Init      main.o
    0x08003d24   0x08003d24   0x00000120   Code   RO           15    i.MX_GPIO_Init      main.o
    0x08003e44   0x08003e44   0x00000050   Code   RO           16    i.MX_SPI3_Init      main.o
    0x08003e94   0x08003e94   0x00000110   Code   RO           17    i.MX_TIM1_Init      main.o
    0x08003fa4   0x08003fa4   0x0000006c   Code   RO           18    i.MX_TIM3_Init      main.o
    0x08004010   0x08004010   0x00000064   Code   RO           19    i.MX_USART1_UART_Init  main.o
    0x08004074   0x08004074   0x00000002   Code   RO          214    i.MemManage_Handler  stm32g4xx_it.o
    0x08004076   0x08004076   0x00000002   PAD
    0x08004078   0x08004078   0x00000194   Code   RO         4876    i.Motor_Struct_Init  motor_publicdata.o
    0x0800420c   0x0800420c   0x00000044   Code   RO         4745    i.Motor_System_Init  motor_system.o
    0x08004250   0x08004250   0x00000002   Code   RO          215    i.NMI_Handler       stm32g4xx_it.o
    0x08004252   0x08004252   0x00000002   Code   RO          216    i.PendSV_Handler    stm32g4xx_it.o
    0x08004254   0x08004254   0x00000048   Code   RO         2402    i.SPI_EndRxTxTransaction  stm32g4xx_hal_spi.o
    0x0800429c   0x0800429c   0x000000dc   Code   RO         2407    i.SPI_WaitFifoStateUntilTimeout  stm32g4xx_hal_spi.o
    0x08004378   0x08004378   0x000000b8   Code   RO         2408    i.SPI_WaitFlagStateUntilTimeout  stm32g4xx_hal_spi.o
    0x08004430   0x08004430   0x00000002   Code   RO          217    i.SVC_Handler       stm32g4xx_it.o
    0x08004432   0x08004432   0x00000002   PAD
    0x08004434   0x08004434   0x00000074   Code   RO         5194    i.Stepper_Foc_Init  stepper_foc.o
    0x080044a8   0x080044a8   0x0000000e   Code   RO         5196    i.Stepper_Foc_SetCurrentRef  stepper_foc.o
    0x080044b6   0x080044b6   0x00000004   Code   RO          218    i.SysTick_Handler   stm32g4xx_it.o
    0x080044ba   0x080044ba   0x00000066   Code   RO           20    i.SystemClock_Config  main.o
    0x08004520   0x08004520   0x00000010   Code   RO         4388    i.SystemInit        system_stm32g4xx.o
    0x08004530   0x08004530   0x0000000c   Code   RO          219    i.TIM1_UP_TIM16_IRQHandler  stm32g4xx_it.o
    0x0800453c   0x0800453c   0x000000bc   Code   RO         2799    i.TIM_Base_SetConfig  stm32g4xx_hal_tim.o
    0x080045f8   0x080045f8   0x0000001a   Code   RO         2800    i.TIM_CCxChannelCmd  stm32g4xx_hal_tim.o
    0x08004612   0x08004612   0x00000014   Code   RO         2810    i.TIM_ETR_SetConfig  stm32g4xx_hal_tim.o
    0x08004626   0x08004626   0x00000002   PAD
    0x08004628   0x08004628   0x00000014   Code   RO         2811    i.TIM_ITRx_SetConfig  stm32g4xx_hal_tim.o
    0x0800463c   0x0800463c   0x0000009c   Code   RO         2812    i.TIM_OC1_SetConfig  stm32g4xx_hal_tim.o
    0x080046d8   0x080046d8   0x00000090   Code   RO         2813    i.TIM_OC2_SetConfig  stm32g4xx_hal_tim.o
    0x08004768   0x08004768   0x00000090   Code   RO         2814    i.TIM_OC3_SetConfig  stm32g4xx_hal_tim.o
    0x080047f8   0x080047f8   0x00000090   Code   RO         2815    i.TIM_OC4_SetConfig  stm32g4xx_hal_tim.o
    0x08004888   0x08004888   0x00000070   Code   RO         2816    i.TIM_OC5_SetConfig  stm32g4xx_hal_tim.o
    0x080048f8   0x080048f8   0x00000070   Code   RO         2817    i.TIM_OC6_SetConfig  stm32g4xx_hal_tim.o
    0x08004968   0x08004968   0x00000022   Code   RO         2819    i.TIM_TI1_ConfigInputStage  stm32g4xx_hal_tim.o
    0x0800498a   0x0800498a   0x00000024   Code   RO         2821    i.TIM_TI2_ConfigInputStage  stm32g4xx_hal_tim.o
    0x080049ae   0x080049ae   0x00000002   PAD
    0x080049b0   0x080049b0   0x00000044   Code   RO         4283    i.UARTEx_SetNbDataToProcess  stm32g4xx_hal_uart_ex.o
    0x080049f4   0x080049f4   0x000000c8   Code   RO         3892    i.UART_AdvFeatureConfig  stm32g4xx_hal_uart.o
    0x08004abc   0x08004abc   0x000000ac   Code   RO         3893    i.UART_CheckIdleState  stm32g4xx_hal_uart.o
    0x08004b68   0x08004b68   0x00000054   Code   RO         3904    i.UART_EndRxTransfer  stm32g4xx_hal_uart.o
    0x08004bbc   0x08004bbc   0x00000270   Code   RO         3910    i.UART_SetConfig    stm32g4xx_hal_uart.o
    0x08004e2c   0x08004e2c   0x00000092   Code   RO         3917    i.UART_WaitOnFlagUntilTimeout  stm32g4xx_hal_uart.o
    0x08004ebe   0x08004ebe   0x00000002   Code   RO          220    i.UsageFault_Handler  stm32g4xx_it.o
    0x08004ec0   0x08004ec0   0x00000024   Code   RO         4669    i.Usart_Task        usart_task.o
    0x08004ee4   0x08004ee4   0x00000030   Code   RO         5397    i.__ARM_fpclassify  m_wm.l(fpclassify.o)
    0x08004f14   0x08004f14   0x00000020   Code   RO         2226    i.__NVIC_SetPriority  stm32g4xx_hal_cortex.o
    0x08004f34   0x08004f34   0x00000004   PAD
    0x08004f38   0x08004f38   0x000000c8   Code   RO         5288    i.__hardfp_cos      m_wm.l(cos.o)
    0x08005000   0x08005000   0x000000c8   Code   RO         5300    i.__hardfp_sin      m_wm.l(sin.o)
    0x080050c8   0x080050c8   0x00000438   Code   RO         5346    i.__ieee754_rem_pio2  m_wm.l(rred.o)
    0x08005500   0x08005500   0x00000170   Code   RO         5329    i.__kernel_cos      m_wm.l(cos_i.o)
    0x08005670   0x08005670   0x000000f8   Code   RO         5399    i.__kernel_poly     m_wm.l(poly.o)
    0x08005768   0x08005768   0x00000130   Code   RO         5351    i.__kernel_sin      m_wm.l(sin_i.o)
    0x08005898   0x08005898   0x00000014   Code   RO         5333    i.__mathlib_dbl_infnan  m_wm.l(dunder.o)
    0x080058ac   0x080058ac   0x00000004   PAD
    0x080058b0   0x080058b0   0x00000020   Code   RO         5335    i.__mathlib_dbl_invalid  m_wm.l(dunder.o)
    0x080058d0   0x080058d0   0x00000020   Code   RO         5338    i.__mathlib_dbl_underflow  m_wm.l(dunder.o)
    0x080058f0   0x080058f0   0x0000000e   Code   RO         5417    i.__scatterload_copy  mc_w.l(handlers.o)
    0x080058fe   0x080058fe   0x00000002   Code   RO         5418    i.__scatterload_null  mc_w.l(handlers.o)
    0x08005900   0x08005900   0x0000000e   Code   RO         5419    i.__scatterload_zeroinit  mc_w.l(handlers.o)
    0x0800590e   0x0800590e   0x00000002   PAD
    0x08005910   0x08005910   0x0000000c   Code   RO         5379    i.__set_errno       mc_w.l(errno.o)
    0x0800591c   0x0800591c   0x00000018   Code   RO         5393    i.fabs              m_wm.l(fabs.o)
    0x08005934   0x08005934   0x0000002a   Code   RO           21    i.main              main.o
    0x0800595e   0x0800595e   0x00000010   Code   RO         4476    i.mypow             lcd_drv.o
    0x0800596e   0x0800596e   0x00000018   Data   RO         3918    .constdata          stm32g4xx_hal_uart.o
    0x08005986   0x08005986   0x00000010   Data   RO         4284    .constdata          stm32g4xx_hal_uart_ex.o
    0x08005996   0x08005996   0x00000010   Data   RO         4389    .constdata          system_stm32g4xx.o
    0x080059a6   0x080059a6   0x00000008   Data   RO         4390    .constdata          system_stm32g4xx.o
    0x080059ae   0x080059ae   0x000038d2   Data   RO         4477    .constdata          lcd_drv.o
    0x08009280   0x08009280   0x00000030   Data   RO         5330    .constdata          m_wm.l(cos_i.o)
    0x080092b0   0x080092b0   0x000000c8   Data   RO         5348    .constdata          m_wm.l(rred.o)
    0x08009378   0x08009378   0x00000028   Data   RO         5352    .constdata          m_wm.l(sin_i.o)
    0x080093a0   0x080093a0   0x00000020   Data   RO         5415    Region$$Table       anon$$obj.o


    Execution Region RW_IRAM1 (Exec base: 0x20000000, Load base: 0x080093c0, Size: 0x00000a48, Max: 0x00008000, ABSOLUTE)

    Exec Addr    Load Addr    Size         Type   Attr      Idx    E Section Name        Object

    0x20000000   0x080093c0   0x0000000c   Data   RW          886    .data               stm32g4xx_hal.o
    0x2000000c   0x080093cc   0x00000004   Data   RW         4391    .data               system_stm32g4xx.o
    0x20000010   0x080093d0   0x00000004   Data   RW         4426    .data               led_task.o
    0x20000014   0x080093d4   0x00000010   Data   RW         4611    .data               lcd_task.o
    0x20000024   0x080093e4   0x00000004   Data   RW         4670    .data               usart_task.o
    0x20000028   0x080093e8   0x0000000c   Data   RW         5237    .data               global_control.o
    0x20000034   0x080093f4   0x00000004   Data   RW         5380    .data               mc_w.l(errno.o)
    0x20000038        -       0x000001fc   Zero   RW           22    .bss                main.o
    0x20000234        -       0x000000c8   Zero   RW         4749    .bss                motor_system.o
    0x200002fc        -       0x00000348   Zero   RW         4877    .bss                motor_publicdata.o
    0x20000644   0x080093f8   0x00000004   PAD
    0x20000648        -       0x00000400   Zero   RW            1    STACK               startup_stm32g431xx.o


==============================================================================

Image component sizes


      Code (inc. data)   RO Data    RW Data    ZI Data      Debug   Object Name

       546         70          0         12          0       3321   global_control.o
      1188         30      14546          0          0      10920   lcd_drv.o
       160         10          0         16          0       2367   lcd_task.o
        40          6          0          4          0        978   led_task.o
      1324         94          0          0        508     693086   main.o
       404         80          0          0        840       3141   motor_publicdata.o
        68         12          0          0        200       5888   motor_system.o
        36          8        472          0       1024        812   startup_stm32g431xx.o
       130         16          0          0          0       1863   stepper_foc.o
       162         24          0         12          0       4165   stm32g4xx_hal.o
      2444        112          0          0          0      78711   stm32g4xx_hal_adc.o
      1682         72          0          0          0      75903   stm32g4xx_hal_adc_ex.o
       198         14          0          0          0      33667   stm32g4xx_hal_cortex.o
       442         32          0          0          0       2148   stm32g4xx_hal_gpio.o
       720         86          0          0          0       5116   stm32g4xx_hal_msp.o
       204         18          0          0          0       1393   stm32g4xx_hal_pwr_ex.o
      1632         82          0          0          0       6324   stm32g4xx_hal_rcc.o
       668          8          0          0          0       1940   stm32g4xx_hal_rcc_ex.o
      1104         10          0          0          0       5674   stm32g4xx_hal_spi.o
      3006        264          0          0          0      21061   stm32g4xx_hal_tim.o
       326         32          0          0          0       6352   stm32g4xx_hal_tim_ex.o
      1332         70         24          0          0      24998   stm32g4xx_hal_uart.o
       282          6         16          0          0       3557   stm32g4xx_hal_uart_ex.o
        44         12          0          0          0       5450   stm32g4xx_it.o
        16          4         24          4          0       1055   system_stm32g4xx.o
        36          4          0          4          0       1080   usart_task.o

    ----------------------------------------------------------------------
     18226       1176      15114         52       2576    1000970   Object Totals
         0          0         32          0          0          0   (incl. Generated)
        32          0          0          0          4          0   (incl. Padding)

    ----------------------------------------------------------------------

      Code (inc. data)   RO Data    RW Data    ZI Data      Debug   Library Member Name

       200         20          0          0          0        164   cos.o
       368         46         48          0          0        200   cos_i.o
        84         16          0          0          0        372   dunder.o
        24          0          0          0          0        124   fabs.o
        48          0          0          0          0        124   fpclassify.o
       248          0          0          0          0        152   poly.o
      1080        142        200          0          0        188   rred.o
       200         20          0          0          0        164   sin.o
       304         24         40          0          0        208   sin_i.o
         0          0          0          0          0          0   entry.o
         0          0          0          0          0          0   entry10a.o
         0          0          0          0          0          0   entry11a.o
         4          0          0          0          0          0   entry12b.o
         8          4          0          0          0          0   entry2.o
         4          0          0          0          0          0   entry5.o
         0          0          0          0          0          0   entry7b.o
         0          0          0          0          0          0   entry8b.o
         8          4          0          0          0          0   entry9a.o
        12          6          0          4          0         68   errno.o
        30          0          0          0          0          0   handlers.o
        36          8          0          0          0         68   init.o
         0          0          0          0          0          0   iusefp.o
        30          0          0          0          0         68   llshl.o
        36          0          0          0          0         68   llsshr.o
        32          0          0          0          0         68   llushr.o
        36          0          0          0          0        108   memseta.o
        98          0          0          0          0         92   uldiv.o
        56          0          0          0          0         88   d2f.o
       334          0          0          0          0        148   dadd.o
       222          0          0          0          0        100   ddiv.o
       186          0          0          0          0        176   depilogue.o
        62          0          0          0          0         80   dfixi.o
        34          0          0          0          0         76   dflti.o
        26          0          0          0          0         76   dfltui.o
       228          0          0          0          0         96   dmul.o
        38          0          0          0          0         68   f2d.o
       110          0          0          0          0        168   fepilogue.o

    ----------------------------------------------------------------------
      4196        290        288          4          0       3312   Library Totals
        10          0          0          0          0          0   (incl. Padding)

    ----------------------------------------------------------------------

      Code (inc. data)   RO Data    RW Data    ZI Data      Debug   Library Name

      2556        268        288          0          0       1696   m_wm.l
       334         22          0          4          0        540   mc_w.l
      1296          0          0          0          0       1076   mf_w.l

    ----------------------------------------------------------------------
      4196        290        288          4          0       3312   Library Totals

    ----------------------------------------------------------------------

==============================================================================


      Code (inc. data)   RO Data    RW Data    ZI Data      Debug   

     22422       1466      15402         56       2576     989058   Grand Totals
     22422       1466      15402         56       2576     989058   ELF Image Totals
     22422       1466      15402         56          0          0   ROM Totals

==============================================================================

    Total RO  Size (Code + RO Data)                37824 (  36.94kB)
    Total RW  Size (RW Data + ZI Data)              2632 (   2.57kB)
    Total ROM Size (Code + RO Data + RW Data)      37880 (  36.99kB)

==============================================================================

