<html>
<body>
<pre>
<h1>µVision Build Log</h1>
<h2>Tool Versions:</h2>
IDE-Version: ¦ÌVision V5.38.0.0
Copyright (C) 2022 ARM Ltd and ARM Germany GmbH. All rights reserved.
License Information: 1 1, 1, LIC=WHYH9-427S1-EVJ1R-K1PBF-C3LTS-X8MY8
 
Tool Versions:
Toolchain:       MDK-ARM Plus  Version: 5.41.0.0
Toolchain Path:  D:\Keil_v5\ARM\Version5.06\Bin
C Compiler:      Armcc.exe V5.06 update 7 (build 960)
Assembler:       Armasm.exe V5.06 update 7 (build 960)
Linker/Locator:  ArmLink.exe V5.06 update 7 (build 960)
Library Manager: ArmAr.exe V5.06 update 7 (build 960)
Hex Converter:   FromElf.exe V5.06 update 7 (build 960)
CPU DLL:         SARMCM3.DLL V5.41.0.0
Dialog DLL:      DCM.DLL V1.17.5.0
Target DLL:      STLink\ST-LINKIII-KEIL_SWO.dll V3.3.0.0
Dialog DLL:      TCM.DLL V1.56.4.0
 
<h2>Project:</h2>
D:\ThreeToTwo\MDK-ARM\MOTOR.uvprojx
Project File Date:  01/26/2026

<h2>Output:</h2>
*** Using Compiler 'V5.06 update 7 (build 960)', folder: 'D:\Keil_v5\ARM\Version5.06\Bin'
Build target 'MOTOR'
compiling usart_task.c...
../User/MotorControl/encoder_drv.h(19): warning:  #1-D: last line of file ends without a newline
  #endif 
..\MDK-ARM\stepper_foc.h(15): warning:  #1-D: last line of file ends without a newline
  #endif
..\User\UsartControl\usart_task.c: 2 warnings, 0 errors
compiling motor_system.c...
..\User\MotorControl\encoder_drv.h(19): warning:  #1-D: last line of file ends without a newline
  #endif 
..\MDK-ARM\stepper_foc.h(15): warning:  #1-D: last line of file ends without a newline
  #endif
..\User\MotorControl\motor_system.c(47): warning:  #1035-D: single-precision operand implicitly converted to double-precision
  		if ((MC.Sample.BusReal >= 3 && MC.Sample.BusReal <= 11.8) || MC.Sample.BusReal >= 25)
..\User\MotorControl\motor_system.c: 3 warnings, 0 errors
compiling global_control.c...
../User/MotorControl/encoder_drv.h(19): warning:  #1-D: last line of file ends without a newline
  #endif 
..\MDK-ARM\stepper_foc.h(15): warning:  #1-D: last line of file ends without a newline
  #endif
..\User\GlobalControl\global_control.c(112): warning:  #1-D: last line of file ends without a newline
  }
..\User\GlobalControl\global_control.c: 3 warnings, 0 errors
compiling stepper_foc.c...
../User/MotorControl/encoder_drv.h(19): warning:  #1-D: last line of file ends without a newline
  #endif 
stepper_foc.h(15): warning:  #1-D: last line of file ends without a newline
  #endif
stepper_foc.c(10): warning:  #177-D: variable "vf_exit_cnt"  was declared but never referenced
  static uint16_t vf_exit_cnt = 0;
stepper_foc.c(29): warning:  #177-D: function "Stepper_Foc_AdvanceElectrical"  was declared but never referenced
  static float Stepper_Foc_AdvanceElectrical(float electrical, float step, float max_val)
stepper_foc.c(43): warning:  #177-D: function "Stepper_Foc_ElectricalDiff"  was declared but never referenced
  static float Stepper_Foc_ElectricalDiff(float a, float b, float max_val)
stepper_foc.c(64): warning:  #177-D: function "VF_xita_rate_pid"  was declared but never referenced
  	static void VF_xita_rate_pid()
stepper_foc.c: 6 warnings, 0 errors
linking...
Program Size: Code=23842 RO-data=15626 RW-data=36 ZI-data=2092  
FromELF: creating hex file...
"MOTOR\MOTOR.axf" - 0 Error(s), 14 Warning(s).

<h2>Software Packages used:</h2>

Package Vendor: ARM
                https://www.keil.com/pack/ARM.CMSIS.6.1.0.pack
                ARM.CMSIS.6.1.0
                CMSIS (Common Microcontroller Software Interface Standard)
   * Component: CORE Version: 6.1.0

Package Vendor: Keil
                https://www.keil.com/pack/Keil.STM32G4xx_DFP.2.2.0.pack
                Keil.STM32G4xx_DFP.2.2.0
                STMicroelectronics STM32G4 Series Device Support

<h2>Collection of Component include folders:</h2>
  ./RTE/_MOTOR
  D:/Keil_v5/ARM/PACK/ARM/CMSIS/6.1.0/CMSIS/Core/Include

<h2>Collection of Component Files used:</h2>

   * Component: ARM::CMSIS:CORE:6.1.0
      Include file:  CMSIS/Core/Include/tz_context.h
Build Time Elapsed:  00:00:05
</pre>
</body>
</html>
