Component: ARM Compiler 5.06 update 7 (build 960) Tool: armlink [4d3601]

==============================================================================

Section Cross References

    startup_stm32g431xx.o(RESET) refers to startup_stm32g431xx.o(STACK) for __initial_sp
    startup_stm32g431xx.o(RESET) refers to startup_stm32g431xx.o(.text) for Reset_Handler
    startup_stm32g431xx.o(RESET) refers to stm32g4xx_it.o(i.NMI_Handler) for NMI_Handler
    startup_stm32g431xx.o(RESET) refers to stm32g4xx_it.o(i.HardFault_Handler) for HardFault_Handler
    startup_stm32g431xx.o(RESET) refers to stm32g4xx_it.o(i.MemManage_Handler) for MemManage_Handler
    startup_stm32g431xx.o(RESET) refers to stm32g4xx_it.o(i.BusFault_Handler) for BusFault_Handler
    startup_stm32g431xx.o(RESET) refers to stm32g4xx_it.o(i.UsageFault_Handler) for UsageFault_Handler
    startup_stm32g431xx.o(RESET) refers to stm32g4xx_it.o(i.SVC_Handler) for SVC_Handler
    startup_stm32g431xx.o(RESET) refers to stm32g4xx_it.o(i.DebugMon_Handler) for DebugMon_Handler
    startup_stm32g431xx.o(RESET) refers to stm32g4xx_it.o(i.PendSV_Handler) for PendSV_Handler
    startup_stm32g431xx.o(RESET) refers to stm32g4xx_it.o(i.SysTick_Handler) for SysTick_Handler
    startup_stm32g431xx.o(RESET) refers to stm32g4xx_it.o(i.ADC1_2_IRQHandler) for ADC1_2_IRQHandler
    startup_stm32g431xx.o(RESET) refers to stm32g4xx_it.o(i.TIM1_UP_TIM16_IRQHandler) for TIM1_UP_TIM16_IRQHandler
    startup_stm32g431xx.o(.text) refers to system_stm32g4xx.o(i.SystemInit) for SystemInit
    startup_stm32g431xx.o(.text) refers to entry.o(.ARM.Collect$$$$00000000) for __main
    main.o(i.MX_ADC2_Init) refers to memseta.o(.text) for __aeabi_memclr4
    main.o(i.MX_ADC2_Init) refers to stm32g4xx_hal_adc.o(i.HAL_ADC_Init) for HAL_ADC_Init
    main.o(i.MX_ADC2_Init) refers to stm32g4xx_hal_adc.o(i.HAL_ADC_ConfigChannel) for HAL_ADC_ConfigChannel
    main.o(i.MX_ADC2_Init) refers to stm32g4xx_hal_adc_ex.o(i.HAL_ADCEx_InjectedConfigChannel) for HAL_ADCEx_InjectedConfigChannel
    main.o(i.MX_ADC2_Init) refers to main.o(.bss) for .bss
    main.o(i.MX_GPIO_Init) refers to memseta.o(.text) for __aeabi_memclr4
    main.o(i.MX_GPIO_Init) refers to stm32g4xx_hal_gpio.o(i.HAL_GPIO_WritePin) for HAL_GPIO_WritePin
    main.o(i.MX_GPIO_Init) refers to stm32g4xx_hal_gpio.o(i.HAL_GPIO_Init) for HAL_GPIO_Init
    main.o(i.MX_SPI3_Init) refers to stm32g4xx_hal_spi.o(i.HAL_SPI_Init) for HAL_SPI_Init
    main.o(i.MX_SPI3_Init) refers to main.o(.bss) for .bss
    main.o(i.MX_TIM1_Init) refers to memseta.o(.text) for __aeabi_memclr4
    main.o(i.MX_TIM1_Init) refers to stm32g4xx_hal_tim.o(i.HAL_TIM_Base_Init) for HAL_TIM_Base_Init
    main.o(i.MX_TIM1_Init) refers to stm32g4xx_hal_tim.o(i.HAL_TIM_ConfigClockSource) for HAL_TIM_ConfigClockSource
    main.o(i.MX_TIM1_Init) refers to stm32g4xx_hal_tim.o(i.HAL_TIM_PWM_Init) for HAL_TIM_PWM_Init
    main.o(i.MX_TIM1_Init) refers to stm32g4xx_hal_tim_ex.o(i.HAL_TIMEx_MasterConfigSynchronization) for HAL_TIMEx_MasterConfigSynchronization
    main.o(i.MX_TIM1_Init) refers to stm32g4xx_hal_tim.o(i.HAL_TIM_PWM_ConfigChannel) for HAL_TIM_PWM_ConfigChannel
    main.o(i.MX_TIM1_Init) refers to stm32g4xx_hal_tim_ex.o(i.HAL_TIMEx_ConfigBreakDeadTime) for HAL_TIMEx_ConfigBreakDeadTime
    main.o(i.MX_TIM1_Init) refers to stm32g4xx_hal_msp.o(i.HAL_TIM_MspPostInit) for HAL_TIM_MspPostInit
    main.o(i.MX_TIM1_Init) refers to main.o(.bss) for .bss
    main.o(i.MX_TIM3_Init) refers to memseta.o(.text) for __aeabi_memclr4
    main.o(i.MX_TIM3_Init) refers to stm32g4xx_hal_tim.o(i.HAL_TIM_Encoder_Init) for HAL_TIM_Encoder_Init
    main.o(i.MX_TIM3_Init) refers to stm32g4xx_hal_tim_ex.o(i.HAL_TIMEx_MasterConfigSynchronization) for HAL_TIMEx_MasterConfigSynchronization
    main.o(i.MX_TIM3_Init) refers to main.o(.bss) for .bss
    main.o(i.MX_USART1_UART_Init) refers to stm32g4xx_hal_uart.o(i.HAL_UART_Init) for HAL_UART_Init
    main.o(i.MX_USART1_UART_Init) refers to stm32g4xx_hal_uart_ex.o(i.HAL_UARTEx_SetTxFifoThreshold) for HAL_UARTEx_SetTxFifoThreshold
    main.o(i.MX_USART1_UART_Init) refers to stm32g4xx_hal_uart_ex.o(i.HAL_UARTEx_SetRxFifoThreshold) for HAL_UARTEx_SetRxFifoThreshold
    main.o(i.MX_USART1_UART_Init) refers to stm32g4xx_hal_uart_ex.o(i.HAL_UARTEx_DisableFifoMode) for HAL_UARTEx_DisableFifoMode
    main.o(i.MX_USART1_UART_Init) refers to main.o(.bss) for .bss
    main.o(i.SystemClock_Config) refers to memseta.o(.text) for __aeabi_memclr4
    main.o(i.SystemClock_Config) refers to stm32g4xx_hal_pwr_ex.o(i.HAL_PWREx_ControlVoltageScaling) for HAL_PWREx_ControlVoltageScaling
    main.o(i.SystemClock_Config) refers to stm32g4xx_hal_rcc.o(i.HAL_RCC_OscConfig) for HAL_RCC_OscConfig
    main.o(i.SystemClock_Config) refers to stm32g4xx_hal_rcc.o(i.HAL_RCC_ClockConfig) for HAL_RCC_ClockConfig
    main.o(i.main) refers to stm32g4xx_hal.o(i.HAL_Init) for HAL_Init
    main.o(i.main) refers to main.o(i.SystemClock_Config) for SystemClock_Config
[...]
    ../clib/microlib/init/entry.s            0x00000000   Number         0  entry7a.o ABSOLUTE
    ../clib/microlib/init/entry.s            0x00000000   Number         0  entry2.o ABSOLUTE
    ../clib/microlib/longlong.c              0x00000000   Number         0  llushr.o ABSOLUTE
    ../clib/microlib/longlong.c              0x00000000   Number         0  llshl.o ABSOLUTE
    ../clib/microlib/string/memset.c         0x00000000   Number         0  memseta.o ABSOLUTE
    ..\Core\Src\main.c                       0x00000000   Number         0  main.o ABSOLUTE
    ..\Core\Src\stm32g4xx_hal_msp.c          0x00000000   Number         0  stm32g4xx_hal_msp.o ABSOLUTE
    ..\Core\Src\stm32g4xx_it.c               0x00000000   Number         0  stm32g4xx_it.o ABSOLUTE
    ..\Core\Src\system_stm32g4xx.c           0x00000000   Number         0  system_stm32g4xx.o ABSOLUTE
    ..\Drivers\STM32G4xx_HAL_Driver\Src\stm32g4xx_hal.c 0x00000000   Number         0  stm32g4xx_hal.o ABSOLUTE
    ..\Drivers\STM32G4xx_HAL_Driver\Src\stm32g4xx_hal_adc.c 0x00000000   Number         0  stm32g4xx_hal_adc.o ABSOLUTE
    ..\Drivers\STM32G4xx_HAL_Driver\Src\stm32g4xx_hal_adc_ex.c 0x00000000   Number         0  stm32g4xx_hal_adc_ex.o ABSOLUTE
    ..\Drivers\STM32G4xx_HAL_Driver\Src\stm32g4xx_hal_cortex.c 0x00000000   Number         0  stm32g4xx_hal_cortex.o ABSOLUTE
    ..\Drivers\STM32G4xx_HAL_Driver\Src\stm32g4xx_hal_dma.c 0x00000000   Number         0  stm32g4xx_hal_dma.o ABSOLUTE
    ..\Drivers\STM32G4xx_HAL_Driver\Src\stm32g4xx_hal_dma_ex.c 0x00000000   Number         0  stm32g4xx_hal_dma_ex.o ABSOLUTE
    ..\Drivers\STM32G4xx_HAL_Driver\Src\stm32g4xx_hal_exti.c 0x00000000   Number         0  stm32g4xx_hal_exti.o ABSOLUTE
    ..\Drivers\STM32G4xx_HAL_Driver\Src\stm32g4xx_hal_flash.c 0x00000000   Number         0  stm32g4xx_hal_flash.o ABSOLUTE
    ..\Drivers\STM32G4xx_HAL_Driver\Src\stm32g4xx_hal_flash_ex.c 0x00000000   Number         0  stm32g4xx_hal_flash_ex.o ABSOLUTE
    ..\Drivers\STM32G4xx_HAL_Driver\Src\stm32g4xx_hal_flash_ramfunc.c 0x00000000   Number         0  stm32g4xx_hal_flash_ramfunc.o ABSOLUTE
    ..\Drivers\STM32G4xx_HAL_Driver\Src\stm32g4xx_hal_gpio.c 0x00000000   Number         0  stm32g4xx_hal_gpio.o ABSOLUTE
    ..\Drivers\STM32G4xx_HAL_Driver\Src\stm32g4xx_hal_pwr.c 0x00000000   Number         0  stm32g4xx_hal_pwr.o ABSOLUTE
    ..\Drivers\STM32G4xx_HAL_Driver\Src\stm32g4xx_hal_pwr_ex.c 0x00000000   Number         0  stm32g4xx_hal_pwr_ex.o ABSOLUTE
    ..\Drivers\STM32G4xx_HAL_Driver\Src\stm32g4xx_hal_rcc.c 0x00000000   Number         0  stm32g4xx_hal_rcc.o ABSOLUTE
    ..\Drivers\STM32G4xx_HAL_Driver\Src\stm32g4xx_hal_rcc_ex.c 0x00000000   Number         0  stm32g4xx_hal_rcc_ex.o ABSOLUTE
    ..\Drivers\STM32G4xx_HAL_Driver\Src\stm32g4xx_hal_spi.c 0x00000000   Number         0  stm32g4xx_hal_spi.o ABSOLUTE
    ..\Drivers\STM32G4xx_HAL_Driver\Src\stm32g4xx_hal_spi_ex.c 0x00000000   Number         0  stm32g4xx_hal_spi_ex.o ABSOLUTE
    ..\Drivers\STM32G4xx_HAL_Driver\Src\stm32g4xx_hal_tim.c 0x00000000   Number         0  stm32g4xx_hal_tim.o ABSOLUTE
    ..\Drivers\STM32G4xx_HAL_Driver\Src\stm32g4xx_hal_tim_ex.c 0x00000000   Number         0  stm32g4xx_hal_tim_ex.o ABSOLUTE
    ..\Drivers\STM32G4xx_HAL_Driver\Src\stm32g4xx_hal_uart.c 0x00000000   Number         0  stm32g4xx_hal_uart.o ABSOLUTE
    ..\Drivers\STM32G4xx_HAL_Driver\Src\stm32g4xx_hal_uart_ex.c 0x00000000   Number         0  stm32g4xx_hal_uart_ex.o ABSOLUTE
    ..\User\GlobalControl\global_control.c   0x00000000   Number         0  global_control.o ABSOLUTE
    ..\User\LcdControl\lcd_drv.c             0x00000000   Number         0  lcd_drv.o ABSOLUTE
    ..\User\LcdControl\lcd_task.c            0x00000000   Number         0  lcd_task.o ABSOLUTE
    ..\User\LedControl\led_task.c            0x00000000   Number         0  led_task.o ABSOLUTE
    ..\User\MotorControl\encoder_drv.c       0x00000000   Number         0  encoder_drv.o ABSOLUTE
    ..\User\MotorControl\foc_drv.c           0x00000000   Number         0  foc_drv.o ABSOLUTE
    ..\User\MotorControl\math_drv.c          0x00000000   Number         0  math_drv.o ABSOLUTE
    ..\User\MotorControl\motor_identify.c    0x00000000   Number         0  motor_identify.o ABSOLUTE
    ..\User\MotorControl\motor_publicdata.c  0x00000000   Number         0  motor_publicdata.o ABSOLUTE
    ..\User\MotorControl\motor_sensorless.c  0x00000000   Number         0  motor_sensorless.o ABSOLUTE
    ..\User\MotorControl\motor_sensoruse.c   0x00000000   Number         0  motor_sensoruse.o ABSOLUTE
    ..\User\MotorControl\motor_system.c      0x00000000   Number         0  motor_system.o ABSOLUTE
    ..\User\MotorControl\observer_drv.c      0x00000000   Number         0  observer_drv.o ABSOLUTE
    ..\User\MotorControl\pid_drv.c           0x00000000   Number         0  pid_drv.o ABSOLUTE
    ..\User\MotorControl\position_drv.c      0x00000000   Number         0  position_drv.o ABSOLUTE
    ..\User\MotorControl\sample_drv.c        0x00000000   Number         0  sample_drv.o ABSOLUTE
    ..\User\MotorControl\speed_drv.c         0x00000000   Number         0  speed_drv.o ABSOLUTE
    ..\User\UsartControl\usart_drv.c         0x00000000   Number         0  usart_drv.o ABSOLUTE
    ..\User\UsartControl\usart_task.c        0x00000000   Number         0  usart_task.o ABSOLUTE
    ..\\User\\GlobalControl\\global_control.c 0x00000000   Number         0  global_control.o ABSOLUTE
    ..\\User\\LcdControl\\lcd_drv.c          0x00000000   Number         0  lcd_drv.o ABSOLUTE
    ..\\User\\LcdControl\\lcd_task.c         0x00000000   Number         0  lcd_task.o ABSOLUTE
    ..\\User\\LedControl\\led_task.c         0x00000000   Number         0  led_task.o ABSOLUTE
    ..\\User\\MotorControl\\encoder_drv.c    0x00000000   Number         0  encoder_drv.o ABSOLUTE
    ..\\User\\MotorControl\\foc_drv.c        0x00000000   Number         0  foc_drv.o ABSOLUTE
    ..\\User\\MotorControl\\math_drv.c       0x00000000   Number         0  math_drv.o ABSOLUTE
    ..\\User\\MotorControl\\motor_identify.c 0x00000000   Number         0  motor_identify.o ABSOLUTE
    ..\\User\\MotorControl\\motor_publicdata.c 0x00000000   Number         0  motor_publicdata.o ABSOLUTE
    ..\\User\\MotorControl\\motor_sensorless.c 0x00000000   Number         0  motor_sensorless.o ABSOLUTE
    ..\\User\\MotorControl\\motor_sensoruse.c 0x00000000   Number         0  motor_sensoruse.o ABSOLUTE
    ..\\User\\MotorControl\\motor_system.c   0x00000000   Number         0  motor_system.o ABSOLUTE
    ..\\User\\MotorControl\\observer_drv.c   0x00000000   Number         0  observer_drv.o ABSOLUTE
    ..\\User\\MotorControl\\pid_drv.c        0x00000000   Number         0  pid_drv.o ABSOLUTE
    ..\\User\\MotorControl\\position_drv.c   0x00000000   Number         0  position_drv.o ABSOLUTE
    ..\\User\\MotorControl\\sample_drv.c     0x00000000   Number         0  sample_drv.o ABSOLUTE
    ..\\User\\MotorControl\\speed_drv.c      0x00000000   Number         0  speed_drv.o ABSOLUTE
    ..\\User\\UsartControl\\usart_drv.c      0x00000000   Number         0  usart_drv.o ABSOLUTE
    ..\\User\\UsartControl\\usart_task.c     0x00000000   Number         0  usart_task.o ABSOLUTE
    dc.s                                     0x00000000   Number         0  dc.o ABSOLUTE
    handlers.s                               0x00000000   Number         0  handlers.o ABSOLUTE
    init.s                                   0x00000000   Number         0  init.o ABSOLUTE
    startup_stm32g431xx.s                    0x00000000   Number         0  startup_stm32g431xx.o ABSOLUTE
    RESET                                    0x08000000   Section      472  startup_stm32g431xx.o(RESET)
    .ARM.Collect$$$$00000000                 0x080001d8   Section        0  entry.o(.ARM.Collect$$$$00000000)
    .ARM.Collect$$$$00000001                 0x080001d8   Section        4  entry2.o(.ARM.Collect$$$$00000001)
    .ARM.Collect$$$$00000004                 0x080001dc   Section        4  entry5.o(.ARM.Collect$$$$00000004)
    .ARM.Collect$$$$00000008                 0x080001e0   Section        0  entry7b.o(.ARM.Collect$$$$00000008)
    .ARM.Collect$$$$0000000A                 0x080001e0   Section        0  entry8b.o(.ARM.Collect$$$$0000000A)
    .ARM.Collect$$$$0000000B                 0x080001e0   Section        8  entry9a.o(.ARM.Collect$$$$0000000B)
    .ARM.Collect$$$$0000000E                 0x080001e8   Section        4  entry12b.o(.ARM.Collect$$$$0000000E)
    .ARM.Collect$$$$0000000F                 0x080001ec   Section        0  entry10a.o(.ARM.Collect$$$$0000000F)
    .ARM.Collect$$$$00000011                 0x080001ec   Section        0  entry11a.o(.ARM.Collect$$$$00000011)
    .ARM.Collect$$$$00002712                 0x080001ec   Section        4  entry2.o(.ARM.Collect$$$$00002712)
    __lit__00000000                          0x080001ec   Data           4  entry2.o(.ARM.Collect$$$$00002712)
    .text                                    0x080001f0   Section       36  startup_stm32g431xx.o(.text)
    $v0                                      0x080001f0   Number         0  startup_stm32g431xx.o(.text)
    .text                                    0x08000214   Section        0  uldiv.o(.text)
    .text                                    0x08000276   Section        0  memseta.o(.text)
    .text                                    0x0800029a   Section        0  llshl.o(.text)
    .text                                    0x080002b8   Section        0  llushr.o(.text)
    .text                                    0x080002d8   Section       36  init.o(.text)
    i.ADC1_2_IRQHandler                      0x080002fc   Section        0  stm32g4xx_it.o(i.ADC1_2_IRQHandler)
    i.ADC_Enable                             0x08000308   Section        0  stm32g4xx_hal_adc.o(i.ADC_Enable)
    i.Amplitude_Limit                        0x080003b4   Section        0  math_drv.o(i.Amplitude_Limit)
    i.BusFault_Handler                       0x080003c8   Section        0  stm32g4xx_it.o(i.BusFault_Handler)
    i.Calculate_Adc_Offset                   0x080003ca   Section        0  sample_drv.o(i.Calculate_Adc_Offset)
    i.Calculate_Bus_Voltage                  0x08000430   Section        0  sample_drv.o(i.Calculate_Bus_Voltage)
    i.Calculate_Encoder_Data                 0x08000452   Section        0  encoder_drv.o(i.Calculate_Encoder_Data)
    i.Calculate_Phase_Current                0x0800047c   Section        0  sample_drv.o(i.Calculate_Phase_Current)
    i.Calculate_Position                     0x080004c2   Section        0  position_drv.o(i.Calculate_Position)
    i.Calculate_SVPWM                        0x08000524   Section        0  foc_drv.o(i.Calculate_SVPWM)
    i.Calculate_Sin_Cos                      0x08000720   Section        0  math_drv.o(i.Calculate_Sin_Cos)
    i.Calculate_Speed                        0x08000820   Section        0  speed_drv.o(i.Calculate_Speed)
    i.Clark_Transform                        0x0800088c   Section        0  foc_drv.o(i.Clark_Transform)
    i.DebugMon_Handler                       0x080008b8   Section        0  stm32g4xx_it.o(i.DebugMon_Handler)
    i.Electrical_Angle_Generator             0x080008bc   Section        0  encoder_drv.o(i.Electrical_Angle_Generator)
    i.Error_Handler                          0x08000920   Section        0  main.o(i.Error_Handler)
    i.Global_Init                            0x08000924   Section        0  global_control.o(i.Global_Init)
    i.Global_Loop                            0x080009b4   Section        0  global_control.o(i.Global_Loop)
    i.HAL_ADCEx_EndOfSamplingCallback        0x080009c6   Section        0  stm32g4xx_hal_adc_ex.o(i.HAL_ADCEx_EndOfSamplingCallback)
    i.HAL_ADCEx_InjectedConfigChannel        0x080009c8   Section        0  stm32g4xx_hal_adc_ex.o(i.HAL_ADCEx_InjectedConfigChannel)
    i.HAL_ADCEx_InjectedConvCpltCallback     0x08000ed8   Section        0  global_control.o(i.HAL_ADCEx_InjectedConvCpltCallback)
    i.HAL_ADCEx_InjectedQueueOverflowCallback 0x08000f48   Section        0  stm32g4xx_hal_adc_ex.o(i.HAL_ADCEx_InjectedQueueOverflowCallback)
    i.HAL_ADCEx_InjectedStart_IT             0x08000f4c   Section        0  stm32g4xx_hal_adc_ex.o(i.HAL_ADCEx_InjectedStart_IT)
    i.HAL_ADCEx_LevelOutOfWindow2Callback    0x08001074   Section        0  stm32g4xx_hal_adc_ex.o(i.HAL_ADCEx_LevelOutOfWindow2Callback)
    i.HAL_ADCEx_LevelOutOfWindow3Callback    0x08001076   Section        0  stm32g4xx_hal_adc_ex.o(i.HAL_ADCEx_LevelOutOfWindow3Callback)
    i.HAL_ADC_ConfigChannel                  0x08001078   Section        0  stm32g4xx_hal_adc.o(i.HAL_ADC_ConfigChannel)
    i.HAL_ADC_ConvCpltCallback               0x08001494   Section        0  stm32g4xx_hal_adc.o(i.HAL_ADC_ConvCpltCallback)
    i.HAL_ADC_ErrorCallback                  0x08001496   Section        0  stm32g4xx_hal_adc.o(i.HAL_ADC_ErrorCallback)
    i.HAL_ADC_IRQHandler                     0x08001498   Section        0  stm32g4xx_hal_adc.o(i.HAL_ADC_IRQHandler)
    i.HAL_ADC_Init                           0x08001704   Section        0  stm32g4xx_hal_adc.o(i.HAL_ADC_Init)
    i.HAL_ADC_LevelOutOfWindowCallback       0x080018f4   Section        0  stm32g4xx_hal_adc.o(i.HAL_ADC_LevelOutOfWindowCallback)
    i.HAL_ADC_MspInit                        0x080018f8   Section        0  stm32g4xx_hal_msp.o(i.HAL_ADC_MspInit)
    i.HAL_Delay                              0x080019c0   Section        0  stm32g4xx_hal.o(i.HAL_Delay)
    i.HAL_GPIO_Init                          0x080019e4   Section        0  stm32g4xx_hal_gpio.o(i.HAL_GPIO_Init)
    i.HAL_GPIO_TogglePin                     0x08001b94   Section        0  stm32g4xx_hal_gpio.o(i.HAL_GPIO_TogglePin)
    i.HAL_GPIO_WritePin                      0x08001ba4   Section        0  stm32g4xx_hal_gpio.o(i.HAL_GPIO_WritePin)
    i.HAL_GetTick                            0x08001bb0   Section        0  stm32g4xx_hal.o(i.HAL_GetTick)
    i.HAL_IncTick                            0x08001bbc   Section        0  stm32g4xx_hal.o(i.HAL_IncTick)
    i.HAL_Init                               0x08001bcc   Section        0  stm32g4xx_hal.o(i.HAL_Init)
    i.HAL_InitTick                           0x08001bec   Section        0  stm32g4xx_hal.o(i.HAL_InitTick)
    i.HAL_MspInit                            0x08001c30   Section        0  stm32g4xx_hal_msp.o(i.HAL_MspInit)
    i.HAL_NVIC_EnableIRQ                     0x08001c60   Section        0  stm32g4xx_hal_cortex.o(i.HAL_NVIC_EnableIRQ)
    i.HAL_NVIC_SetPriority                   0x08001c7c   Section        0  stm32g4xx_hal_cortex.o(i.HAL_NVIC_SetPriority)
    i.HAL_NVIC_SetPriorityGrouping           0x08001cbc   Section        0  stm32g4xx_hal_cortex.o(i.HAL_NVIC_SetPriorityGrouping)
    i.HAL_PWREx_ControlVoltageScaling        0x08001ce0   Section        0  stm32g4xx_hal_pwr_ex.o(i.HAL_PWREx_ControlVoltageScaling)
    i.HAL_PWREx_DisableUCPDDeadBattery       0x08001d9c   Section        0  stm32g4xx_hal_pwr_ex.o(i.HAL_PWREx_DisableUCPDDeadBattery)
    i.HAL_RCCEx_PeriphCLKConfig              0x08001dac   Section        0  stm32g4xx_hal_rcc_ex.o(i.HAL_RCCEx_PeriphCLKConfig)
    i.HAL_RCC_ClockConfig                    0x08002048   Section        0  stm32g4xx_hal_rcc.o(i.HAL_RCC_ClockConfig)
    i.HAL_RCC_GetPCLK1Freq                   0x08002214   Section        0  stm32g4xx_hal_rcc.o(i.HAL_RCC_GetPCLK1Freq)
    i.HAL_RCC_GetPCLK2Freq                   0x08002238   Section        0  stm32g4xx_hal_rcc.o(i.HAL_RCC_GetPCLK2Freq)
    i.HAL_RCC_GetSysClockFreq                0x0800225c   Section        0  stm32g4xx_hal_rcc.o(i.HAL_RCC_GetSysClockFreq)
    i.HAL_RCC_OscConfig                      0x080022b4   Section        0  stm32g4xx_hal_rcc.o(i.HAL_RCC_OscConfig)
    i.HAL_SPI_Init                           0x080026a8   Section        0  stm32g4xx_hal_spi.o(i.HAL_SPI_Init)
    i.HAL_SPI_MspInit                        0x08002794   Section        0  stm32g4xx_hal_msp.o(i.HAL_SPI_MspInit)
    i.HAL_SPI_Transmit                       0x080027fc   Section        0  stm32g4xx_hal_spi.o(i.HAL_SPI_Transmit)
    i.HAL_SYSTICK_Config                     0x08002986   Section        0  stm32g4xx_hal_cortex.o(i.HAL_SYSTICK_Config)
    i.HAL_TIMEx_Break2Callback               0x080029ae   Section        0  stm32g4xx_hal_tim_ex.o(i.HAL_TIMEx_Break2Callback)
    i.HAL_TIMEx_BreakCallback                0x080029b0   Section        0  stm32g4xx_hal_tim_ex.o(i.HAL_TIMEx_BreakCallback)
    i.HAL_TIMEx_CommutCallback               0x080029b2   Section        0  stm32g4xx_hal_tim_ex.o(i.HAL_TIMEx_CommutCallback)
    i.HAL_TIMEx_ConfigBreakDeadTime          0x080029b4   Section        0  stm32g4xx_hal_tim_ex.o(i.HAL_TIMEx_ConfigBreakDeadTime)
    i.HAL_TIMEx_DirectionChangeCallback      0x08002a50   Section        0  stm32g4xx_hal_tim_ex.o(i.HAL_TIMEx_DirectionChangeCallback)
    i.HAL_TIMEx_EncoderIndexCallback         0x08002a52   Section        0  stm32g4xx_hal_tim_ex.o(i.HAL_TIMEx_EncoderIndexCallback)
    i.HAL_TIMEx_IndexErrorCallback           0x08002a54   Section        0  stm32g4xx_hal_tim_ex.o(i.HAL_TIMEx_IndexErrorCallback)
    i.HAL_TIMEx_MasterConfigSynchronization  0x08002a58   Section        0  stm32g4xx_hal_tim_ex.o(i.HAL_TIMEx_MasterConfigSynchronization)
    i.HAL_TIMEx_TransitionErrorCallback      0x08002af4   Section        0  stm32g4xx_hal_tim_ex.o(i.HAL_TIMEx_TransitionErrorCallback)
    i.HAL_TIM_Base_Init                      0x08002af6   Section        0  stm32g4xx_hal_tim.o(i.HAL_TIM_Base_Init)
    i.HAL_TIM_Base_MspInit                   0x08002b58   Section        0  stm32g4xx_hal_msp.o(i.HAL_TIM_Base_MspInit)
    i.HAL_TIM_Base_Start_IT                  0x08002b94   Section        0  stm32g4xx_hal_tim.o(i.HAL_TIM_Base_Start_IT)
    i.HAL_TIM_ConfigClockSource              0x08002c0c   Section        0  stm32g4xx_hal_tim.o(i.HAL_TIM_ConfigClockSource)
    i.HAL_TIM_Encoder_Init                   0x08002d0c   Section        0  stm32g4xx_hal_tim.o(i.HAL_TIM_Encoder_Init)
    i.HAL_TIM_Encoder_MspInit                0x08002db4   Section        0  stm32g4xx_hal_msp.o(i.HAL_TIM_Encoder_MspInit)
    i.HAL_TIM_Encoder_Start                  0x08002e18   Section        0  stm32g4xx_hal_tim.o(i.HAL_TIM_Encoder_Start)
    i.HAL_TIM_IC_CaptureCallback             0x08002eaa   Section        0  stm32g4xx_hal_tim.o(i.HAL_TIM_IC_CaptureCallback)
    i.HAL_TIM_IRQHandler                     0x08002eac   Section        0  stm32g4xx_hal_tim.o(i.HAL_TIM_IRQHandler)
    i.HAL_TIM_MspPostInit                    0x08003050   Section        0  stm32g4xx_hal_msp.o(i.HAL_TIM_MspPostInit)
    i.HAL_TIM_OC_DelayElapsedCallback        0x080030a4   Section        0  stm32g4xx_hal_tim.o(i.HAL_TIM_OC_DelayElapsedCallback)
    i.HAL_TIM_PWM_ConfigChannel              0x080030a6   Section        0  stm32g4xx_hal_tim.o(i.HAL_TIM_PWM_ConfigChannel)
    i.HAL_TIM_PWM_Init                       0x080031ca   Section        0  stm32g4xx_hal_tim.o(i.HAL_TIM_PWM_Init)
    i.HAL_TIM_PWM_MspInit                    0x0800322c   Section        0  stm32g4xx_hal_tim.o(i.HAL_TIM_PWM_MspInit)
    i.HAL_TIM_PWM_PulseFinishedCallback      0x0800322e   Section        0  stm32g4xx_hal_tim.o(i.HAL_TIM_PWM_PulseFinishedCallback)
    i.HAL_TIM_PWM_Start                      0x08003230   Section        0  stm32g4xx_hal_tim.o(i.HAL_TIM_PWM_Start)
    i.HAL_TIM_PeriodElapsedCallback          0x08003338   Section        0  global_control.o(i.HAL_TIM_PeriodElapsedCallback)
    i.HAL_TIM_TriggerCallback                0x08003378   Section        0  stm32g4xx_hal_tim.o(i.HAL_TIM_TriggerCallback)
    i.HAL_UARTEx_DisableFifoMode             0x0800337a   Section        0  stm32g4xx_hal_uart_ex.o(i.HAL_UARTEx_DisableFifoMode)
    i.HAL_UARTEx_SetRxFifoThreshold          0x080033b8   Section        0  stm32g4xx_hal_uart_ex.o(i.HAL_UARTEx_SetRxFifoThreshold)
    i.HAL_UARTEx_SetTxFifoThreshold          0x08003404   Section        0  stm32g4xx_hal_uart_ex.o(i.HAL_UARTEx_SetTxFifoThreshold)
    i.HAL_UART_Init                          0x08003450   Section        0  stm32g4xx_hal_uart.o(i.HAL_UART_Init)
    i.HAL_UART_MspInit                       0x080034bc   Section        0  stm32g4xx_hal_msp.o(i.HAL_UART_MspInit)
    i.HFI_Calculate                          0x08003538   Section        0  observer_drv.o(i.HFI_Calculate)
    i.HardFault_Handler                      0x080036d4   Section        0  stm32g4xx_it.o(i.HardFault_Handler)
    i.IPack_Transform                        0x080036d6   Section        0  foc_drv.o(i.IPack_Transform)
    i.LCD_Address_Set                        0x08003700   Section        0  lcd_drv.o(i.LCD_Address_Set)
    i.LCD_Fill                               0x0800373e   Section        0  lcd_drv.o(i.LCD_Fill)
    i.LCD_Init                               0x0800377c   Section        0  lcd_drv.o(i.LCD_Init)
    i.LCD_ShowPicture                        0x08003994   Section        0  lcd_drv.o(i.LCD_ShowPicture)
    i.LCD_WR_DATA                            0x080039e4   Section        0  lcd_drv.o(i.LCD_WR_DATA)
    i.LCD_WR_REG                             0x080039f8   Section        0  lcd_drv.o(i.LCD_WR_REG)
    i.LCD_Writ_Bus                           0x08003a20   Section        0  lcd_drv.o(i.LCD_Writ_Bus)
    i.LL_ADC_GetOffsetChannel                0x08003a50   Section        0  stm32g4xx_hal_adc.o(i.LL_ADC_GetOffsetChannel)
    LL_ADC_GetOffsetChannel                  0x08003a51   Thumb Code    12  stm32g4xx_hal_adc.o(i.LL_ADC_GetOffsetChannel)
    i.LL_ADC_GetOffsetChannel                0x08003a5c   Section        0  stm32g4xx_hal_adc_ex.o(i.LL_ADC_GetOffsetChannel)
    LL_ADC_GetOffsetChannel                  0x08003a5d   Thumb Code    12  stm32g4xx_hal_adc_ex.o(i.LL_ADC_GetOffsetChannel)
    i.LL_ADC_INJ_IsConversionOngoing         0x08003a68   Section        0  stm32g4xx_hal_adc.o(i.LL_ADC_INJ_IsConversionOngoing)
    LL_ADC_INJ_IsConversionOngoing           0x08003a69   Thumb Code     8  stm32g4xx_hal_adc.o(i.LL_ADC_INJ_IsConversionOngoing)
    i.LL_ADC_INJ_IsConversionOngoing         0x08003a70   Section        0  stm32g4xx_hal_adc_ex.o(i.LL_ADC_INJ_IsConversionOngoing)
    LL_ADC_INJ_IsConversionOngoing           0x08003a71   Thumb Code     8  stm32g4xx_hal_adc_ex.o(i.LL_ADC_INJ_IsConversionOngoing)
    i.LL_ADC_IsEnabled                       0x08003a78   Section        0  stm32g4xx_hal_adc.o(i.LL_ADC_IsEnabled)
    LL_ADC_IsEnabled                         0x08003a79   Thumb Code     8  stm32g4xx_hal_adc.o(i.LL_ADC_IsEnabled)
    i.LL_ADC_IsEnabled                       0x08003a80   Section        0  stm32g4xx_hal_adc_ex.o(i.LL_ADC_IsEnabled)
    LL_ADC_IsEnabled                         0x08003a81   Thumb Code     8  stm32g4xx_hal_adc_ex.o(i.LL_ADC_IsEnabled)
    i.LL_ADC_REG_IsConversionOngoing         0x08003a88   Section        0  stm32g4xx_hal_adc.o(i.LL_ADC_REG_IsConversionOngoing)
    LL_ADC_REG_IsConversionOngoing           0x08003a89   Thumb Code     8  stm32g4xx_hal_adc.o(i.LL_ADC_REG_IsConversionOngoing)
    i.LL_ADC_REG_IsConversionOngoing         0x08003a90   Section        0  stm32g4xx_hal_adc_ex.o(i.LL_ADC_REG_IsConversionOngoing)
    LL_ADC_REG_IsConversionOngoing           0x08003a91   Thumb Code     8  stm32g4xx_hal_adc_ex.o(i.LL_ADC_REG_IsConversionOngoing)
    i.LL_ADC_REG_IsTriggerSourceSWStart      0x08003a98   Section        0  stm32g4xx_hal_adc.o(i.LL_ADC_REG_IsTriggerSourceSWStart)
    LL_ADC_REG_IsTriggerSourceSWStart        0x08003a99   Thumb Code    16  stm32g4xx_hal_adc.o(i.LL_ADC_REG_IsTriggerSourceSWStart)
    i.LL_ADC_SetChannelSamplingTime          0x08003aa8   Section        0  stm32g4xx_hal_adc.o(i.LL_ADC_SetChannelSamplingTime)
    LL_ADC_SetChannelSamplingTime            0x08003aa9   Thumb Code    30  stm32g4xx_hal_adc.o(i.LL_ADC_SetChannelSamplingTime)
    i.LL_ADC_SetChannelSamplingTime          0x08003ac6   Section        0  stm32g4xx_hal_adc_ex.o(i.LL_ADC_SetChannelSamplingTime)
    LL_ADC_SetChannelSamplingTime            0x08003ac7   Thumb Code    30  stm32g4xx_hal_adc_ex.o(i.LL_ADC_SetChannelSamplingTime)
    i.LL_ADC_SetOffsetState                  0x08003ae4   Section        0  stm32g4xx_hal_adc.o(i.LL_ADC_SetOffsetState)
    LL_ADC_SetOffsetState                    0x08003ae5   Thumb Code    16  stm32g4xx_hal_adc.o(i.LL_ADC_SetOffsetState)
    i.LL_ADC_SetOffsetState                  0x08003af4   Section        0  stm32g4xx_hal_adc_ex.o(i.LL_ADC_SetOffsetState)
    LL_ADC_SetOffsetState                    0x08003af5   Thumb Code    16  stm32g4xx_hal_adc_ex.o(i.LL_ADC_SetOffsetState)
    i.Lcd_Task                               0x08003b04   Section        0  lcd_task.o(i.Lcd_Task)
    i.Led_Task                               0x08003b2c   Section        0  led_task.o(i.Led_Task)
    i.MX_ADC2_Init                           0x08003b64   Section        0  main.o(i.MX_ADC2_Init)
    MX_ADC2_Init                             0x08003b65   Thumb Code   290  main.o(i.MX_ADC2_Init)
    i.MX_GPIO_Init                           0x08003cac   Section        0  main.o(i.MX_GPIO_Init)
    MX_GPIO_Init                             0x08003cad   Thumb Code   270  main.o(i.MX_GPIO_Init)
    i.MX_SPI3_Init                           0x08003dcc   Section        0  main.o(i.MX_SPI3_Init)
    MX_SPI3_Init                             0x08003dcd   Thumb Code    72  main.o(i.MX_SPI3_Init)
    i.MX_TIM1_Init                           0x08003e1c   Section        0  main.o(i.MX_TIM1_Init)
    MX_TIM1_Init                             0x08003e1d   Thumb Code   262  main.o(i.MX_TIM1_Init)
    i.MX_TIM3_Init                           0x08003f2c   Section        0  main.o(i.MX_TIM3_Init)
    MX_TIM3_Init                             0x08003f2d   Thumb Code   100  main.o(i.MX_TIM3_Init)
    i.MX_USART1_UART_Init                    0x08003f98   Section        0  main.o(i.MX_USART1_UART_Init)
    MX_USART1_UART_Init                      0x08003f99   Thumb Code    88  main.o(i.MX_USART1_UART_Init)
    i.MemManage_Handler                      0x08003ffc   Section        0  stm32g4xx_it.o(i.MemManage_Handler)
    i.Motor_Identify                         0x08004000   Section        0  motor_identify.o(i.Motor_Identify)
    i.Motor_Struct_Init                      0x0800424c   Section        0  motor_publicdata.o(i.Motor_Struct_Init)
    i.Motor_System_Init                      0x080043e0   Section        0  motor_system.o(i.Motor_System_Init)
    i.Motor_System_Run                       0x080043e4   Section        0  motor_system.o(i.Motor_System_Run)
    i.NMI_Handler                            0x080044bc   Section        0  stm32g4xx_it.o(i.NMI_Handler)
    i.PID_Control                            0x080044be   Section        0  pid_drv.o(i.PID_Control)
    i.PLL_Calculate                          0x0800454c   Section        0  observer_drv.o(i.PLL_Calculate)
    i.Pack_Transform                         0x08004634   Section        0  foc_drv.o(i.Pack_Transform)
    i.PendSV_Handler                         0x0800465e   Section        0  stm32g4xx_it.o(i.PendSV_Handler)
    i.SMO_Calculate                          0x08004660   Section        0  observer_drv.o(i.SMO_Calculate)
    i.SPI_EndRxTxTransaction                 0x08004744   Section        0  stm32g4xx_hal_spi.o(i.SPI_EndRxTxTransaction)
    SPI_EndRxTxTransaction                   0x08004745   Thumb Code    72  stm32g4xx_hal_spi.o(i.SPI_EndRxTxTransaction)
    i.SPI_WaitFifoStateUntilTimeout          0x0800478c   Section        0  stm32g4xx_hal_spi.o(i.SPI_WaitFifoStateUntilTimeout)
    SPI_WaitFifoStateUntilTimeout            0x0800478d   Thumb Code   214  stm32g4xx_hal_spi.o(i.SPI_WaitFifoStateUntilTimeout)
    i.SPI_WaitFlagStateUntilTimeout          0x08004868   Section        0  stm32g4xx_hal_spi.o(i.SPI_WaitFlagStateUntilTimeout)
    SPI_WaitFlagStateUntilTimeout            0x08004869   Thumb Code   180  stm32g4xx_hal_spi.o(i.SPI_WaitFlagStateUntilTimeout)
    i.SVC_Handler                            0x08004920   Section        0  stm32g4xx_it.o(i.SVC_Handler)
    i.Sensorless_Control                     0x08004924   Section        0  motor_sensorless.o(i.Sensorless_Control)
    i.Sensoruse_Control                      0x0800511c   Section        0  motor_sensoruse.o(i.Sensoruse_Control)
    i.SysTick_Handler                        0x08005428   Section        0  stm32g4xx_it.o(i.SysTick_Handler)
    i.SystemClock_Config                     0x0800542c   Section        0  main.o(i.SystemClock_Config)
    i.SystemInit                             0x08005494   Section        0  system_stm32g4xx.o(i.SystemInit)
    i.TIM1_UP_TIM16_IRQHandler               0x080054a4   Section        0  stm32g4xx_it.o(i.TIM1_UP_TIM16_IRQHandler)
    i.TIM_Base_SetConfig                     0x080054b0   Section        0  stm32g4xx_hal_tim.o(i.TIM_Base_SetConfig)
    i.TIM_CCxChannelCmd                      0x0800556c   Section        0  stm32g4xx_hal_tim.o(i.TIM_CCxChannelCmd)
    i.TIM_ETR_SetConfig                      0x08005586   Section        0  stm32g4xx_hal_tim.o(i.TIM_ETR_SetConfig)
    i.TIM_ITRx_SetConfig                     0x0800559c   Section        0  stm32g4xx_hal_tim.o(i.TIM_ITRx_SetConfig)
    TIM_ITRx_SetConfig                       0x0800559d   Thumb Code    16  stm32g4xx_hal_tim.o(i.TIM_ITRx_SetConfig)
    i.TIM_OC1_SetConfig                      0x080055b0   Section        0  stm32g4xx_hal_tim.o(i.TIM_OC1_SetConfig)
    TIM_OC1_SetConfig                        0x080055b1   Thumb Code   132  stm32g4xx_hal_tim.o(i.TIM_OC1_SetConfig)
    i.TIM_OC2_SetConfig                      0x0800564c   Section        0  stm32g4xx_hal_tim.o(i.TIM_OC2_SetConfig)
    i.TIM_OC3_SetConfig                      0x080056dc   Section        0  stm32g4xx_hal_tim.o(i.TIM_OC3_SetConfig)
    TIM_OC3_SetConfig                        0x080056dd   Thumb Code   118  stm32g4xx_hal_tim.o(i.TIM_OC3_SetConfig)
    i.TIM_OC4_SetConfig                      0x0800576c   Section        0  stm32g4xx_hal_tim.o(i.TIM_OC4_SetConfig)
    TIM_OC4_SetConfig                        0x0800576d   Thumb Code   120  stm32g4xx_hal_tim.o(i.TIM_OC4_SetConfig)
    i.TIM_OC5_SetConfig                      0x080057fc   Section        0  stm32g4xx_hal_tim.o(i.TIM_OC5_SetConfig)
    TIM_OC5_SetConfig                        0x080057fd   Thumb Code    86  stm32g4xx_hal_tim.o(i.TIM_OC5_SetConfig)
    i.TIM_OC6_SetConfig                      0x0800586c   Section        0  stm32g4xx_hal_tim.o(i.TIM_OC6_SetConfig)
    TIM_OC6_SetConfig                        0x0800586d   Thumb Code    88  stm32g4xx_hal_tim.o(i.TIM_OC6_SetConfig)
    i.TIM_TI1_ConfigInputStage               0x080058dc   Section        0  stm32g4xx_hal_tim.o(i.TIM_TI1_ConfigInputStage)
    TIM_TI1_ConfigInputStage                 0x080058dd   Thumb Code    34  stm32g4xx_hal_tim.o(i.TIM_TI1_ConfigInputStage)
    i.TIM_TI2_ConfigInputStage               0x080058fe   Section        0  stm32g4xx_hal_tim.o(i.TIM_TI2_ConfigInputStage)
    TIM_TI2_ConfigInputStage                 0x080058ff   Thumb Code    36  stm32g4xx_hal_tim.o(i.TIM_TI2_ConfigInputStage)
    i.T_Shaped_Acc_Dec                       0x08005924   Section        0  speed_drv.o(i.T_Shaped_Acc_Dec)
    i.UARTEx_SetNbDataToProcess              0x080059b4   Section        0  stm32g4xx_hal_uart_ex.o(i.UARTEx_SetNbDataToProcess)
    UARTEx_SetNbDataToProcess                0x080059b5   Thumb Code    62  stm32g4xx_hal_uart_ex.o(i.UARTEx_SetNbDataToProcess)
    i.UART_AdvFeatureConfig                  0x080059f8   Section        0  stm32g4xx_hal_uart.o(i.UART_AdvFeatureConfig)
    i.UART_CheckIdleState                    0x08005ac0   Section        0  stm32g4xx_hal_uart.o(i.UART_CheckIdleState)
    i.UART_EndRxTransfer                     0x08005b6c   Section        0  stm32g4xx_hal_uart.o(i.UART_EndRxTransfer)
    UART_EndRxTransfer                       0x08005b6d   Thumb Code    78  stm32g4xx_hal_uart.o(i.UART_EndRxTransfer)
    i.UART_SetConfig                         0x08005bc0   Section        0  stm32g4xx_hal_uart.o(i.UART_SetConfig)
    i.UART_WaitOnFlagUntilTimeout            0x08005e30   Section        0  stm32g4xx_hal_uart.o(i.UART_WaitOnFlagUntilTimeout)
    i.UsageFault_Handler                     0x08005ec2   Section        0  stm32g4xx_it.o(i.UsageFault_Handler)
    i.Usart_Task                             0x08005ec4   Section        0  usart_task.o(i.Usart_Task)
    i.__NVIC_SetPriority                     0x08005ee8   Section        0  stm32g4xx_hal_cortex.o(i.__NVIC_SetPriority)
    __NVIC_SetPriority                       0x08005ee9   Thumb Code    32  stm32g4xx_hal_cortex.o(i.__NVIC_SetPriority)
    i.__scatterload_copy                     0x08005f08   Section       14  handlers.o(i.__scatterload_copy)
    i.__scatterload_null                     0x08005f16   Section        2  handlers.o(i.__scatterload_null)
    i.__scatterload_zeroinit                 0x08005f18   Section       14  handlers.o(i.__scatterload_zeroinit)
    i.main                                   0x08005f26   Section        0  main.o(i.main)
    .constdata                               0x08005f50   Section       24  stm32g4xx_hal_uart.o(.constdata)
    .constdata                               0x08005f68   Section       16  stm32g4xx_hal_uart_ex.o(.constdata)
    numerator                                0x08005f68   Data           8  stm32g4xx_hal_uart_ex.o(.constdata)
    denominator                              0x08005f70   Data           8  stm32g4xx_hal_uart_ex.o(.constdata)
    .constdata                               0x08005f78   Section       16  system_stm32g4xx.o(.constdata)
    .constdata                               0x08005f88   Section        8  system_stm32g4xx.o(.constdata)
    .constdata                               0x08005f90   Section    27346  lcd_drv.o(.constdata)
    .constdata                               0x0800ca62   Section      512  math_drv.o(.constdata)
    .data                                    0x20000000   Section       12  stm32g4xx_hal.o(.data)
    .data                                    0x2000000c   Section        4  system_stm32g4xx.o(.data)
    .data                                    0x20000010   Section        4  led_task.o(.data)
    .data                                    0x20000014   Section        4  lcd_task.o(.data)
    .data                                    0x20000018   Section        4  usart_task.o(.data)
    .data                                    0x2000001c   Section       10  motor_sensorless.o(.data)
    step                                     0x2000001c   Data           1  motor_sensorless.o(.data)
    errorcnt                                 0x2000001d   Data           1  motor_sensorless.o(.data)
    runtim                                   0x2000001e   Data           2  motor_sensorless.o(.data)
    comparecnt                               0x20000020   Data           2  motor_sensorless.o(.data)
    successcnt                               0x20000022   Data           2  motor_sensorless.o(.data)
    errortimout                              0x20000024   Data           2  motor_sensorless.o(.data)
    .bss                                     0x20000028   Section      508  main.o(.bss)
    .bss                                     0x20000224   Section      856  motor_publicdata.o(.bss)
    STACK                                    0x20000580   Section     1024  startup_stm32g431xx.o(STACK)

    Global Symbols

    Symbol Name                              Value     Ov Type        Size  Object(Section)

    BuildAttributes$$THM_ISAv4$E$P$D$K$B$S$7EM$VFPi3$EXTD16$VFPS$VFMA$PE$A:L22UL41UL21$X:L11$S22US41US21$IEEE1$IW$USESV6$~STKCKD$USESV7$~SHL$OSPACE$EBA8$MICROLIB$REQ8$PRES8$EABIv2 0x00000000   Number         0  anon$$obj.o ABSOLUTE
    __ARM_use_no_argv                        0x00000000   Number         0  main.o ABSOLUTE
    __arm_fini_                               - Undefined Weak Reference
    __cpp_initialize__aeabi_                  - Undefined Weak Reference
    __cxa_finalize                            - Undefined Weak Reference
    __decompress                              - Undefined Weak Reference
    _clock_init                               - Undefined Weak Reference
    _microlib_exit                            - Undefined Weak Reference
    __Vectors_Size                           0x000001d8   Number         0  startup_stm32g431xx.o ABSOLUTE
    __Vectors                                0x08000000   Data           4  startup_stm32g431xx.o(RESET)
    __Vectors_End                            0x080001d8   Data           0  startup_stm32g431xx.o(RESET)
    __main                                   0x080001d9   Thumb Code     0  entry.o(.ARM.Collect$$$$00000000)
    _main_stk                                0x080001d9   Thumb Code     0  entry2.o(.ARM.Collect$$$$00000001)
    _main_scatterload                        0x080001dd   Thumb Code     0  entry5.o(.ARM.Collect$$$$00000004)
    __main_after_scatterload                 0x080001e1   Thumb Code     0  entry5.o(.ARM.Collect$$$$00000004)
    _main_clock                              0x080001e1   Thumb Code     0  entry7b.o(.ARM.Collect$$$$00000008)
    _main_cpp_init                           0x080001e1   Thumb Code     0  entry8b.o(.ARM.Collect$$$$0000000A)
    _main_init                               0x080001e1   Thumb Code     0  entry9a.o(.ARM.Collect$$$$0000000B)
    __rt_lib_shutdown_fini                   0x080001e9   Thumb Code     0  entry12b.o(.ARM.Collect$$$$0000000E)
    __rt_final_cpp                           0x080001ed   Thumb Code     0  entry10a.o(.ARM.Collect$$$$0000000F)
    __rt_final_exit                          0x080001ed   Thumb Code     0  entry11a.o(.ARM.Collect$$$$00000011)
    Reset_Handler                            0x080001f1   Thumb Code     8  startup_stm32g431xx.o(.text)
    COMP1_2_3_IRQHandler                     0x0800020b   Thumb Code     0  startup_stm32g431xx.o(.text)
    COMP4_IRQHandler                         0x0800020b   Thumb Code     0  startup_stm32g431xx.o(.text)
    CORDIC_IRQHandler                        0x0800020b   Thumb Code     0  startup_stm32g431xx.o(.text)
    CRS_IRQHandler                           0x0800020b   Thumb Code     0  startup_stm32g431xx.o(.text)
    DMA1_Channel1_IRQHandler                 0x0800020b   Thumb Code     0  startup_stm32g431xx.o(.text)
    DMA1_Channel2_IRQHandler                 0x0800020b   Thumb Code     0  startup_stm32g431xx.o(.text)
    DMA1_Channel3_IRQHandler                 0x0800020b   Thumb Code     0  startup_stm32g431xx.o(.text)
    DMA1_Channel4_IRQHandler                 0x0800020b   Thumb Code     0  startup_stm32g431xx.o(.text)
    DMA1_Channel5_IRQHandler                 0x0800020b   Thumb Code     0  startup_stm32g431xx.o(.text)
    DMA1_Channel6_IRQHandler                 0x0800020b   Thumb Code     0  startup_stm32g431xx.o(.text)
    DMA2_Channel1_IRQHandler                 0x0800020b   Thumb Code     0  startup_stm32g431xx.o(.text)
    DMA2_Channel2_IRQHandler                 0x0800020b   Thumb Code     0  startup_stm32g431xx.o(.text)
    DMA2_Channel3_IRQHandler                 0x0800020b   Thumb Code     0  startup_stm32g431xx.o(.text)
    DMA2_Channel4_IRQHandler                 0x0800020b   Thumb Code     0  startup_stm32g431xx.o(.text)
    DMA2_Channel5_IRQHandler                 0x0800020b   Thumb Code     0  startup_stm32g431xx.o(.text)
    DMA2_Channel6_IRQHandler                 0x0800020b   Thumb Code     0  startup_stm32g431xx.o(.text)
    DMAMUX_OVR_IRQHandler                    0x0800020b   Thumb Code     0  startup_stm32g431xx.o(.text)
    EXTI0_IRQHandler                         0x0800020b   Thumb Code     0  startup_stm32g431xx.o(.text)
    EXTI15_10_IRQHandler                     0x0800020b   Thumb Code     0  startup_stm32g431xx.o(.text)
    EXTI1_IRQHandler                         0x0800020b   Thumb Code     0  startup_stm32g431xx.o(.text)
    EXTI2_IRQHandler                         0x0800020b   Thumb Code     0  startup_stm32g431xx.o(.text)
    EXTI3_IRQHandler                         0x0800020b   Thumb Code     0  startup_stm32g431xx.o(.text)
    EXTI4_IRQHandler                         0x0800020b   Thumb Code     0  startup_stm32g431xx.o(.text)
    EXTI9_5_IRQHandler                       0x0800020b   Thumb Code     0  startup_stm32g431xx.o(.text)
    FDCAN1_IT0_IRQHandler                    0x0800020b   Thumb Code     0  startup_stm32g431xx.o(.text)
    FDCAN1_IT1_IRQHandler                    0x0800020b   Thumb Code     0  startup_stm32g431xx.o(.text)
    FLASH_IRQHandler                         0x0800020b   Thumb Code     0  startup_stm32g431xx.o(.text)
    FMAC_IRQHandler                          0x0800020b   Thumb Code     0  startup_stm32g431xx.o(.text)
    FPU_IRQHandler                           0x0800020b   Thumb Code     0  startup_stm32g431xx.o(.text)
    I2C1_ER_IRQHandler                       0x0800020b   Thumb Code     0  startup_stm32g431xx.o(.text)
    I2C1_EV_IRQHandler                       0x0800020b   Thumb Code     0  startup_stm32g431xx.o(.text)
    I2C2_ER_IRQHandler                       0x0800020b   Thumb Code     0  startup_stm32g431xx.o(.text)
    I2C2_EV_IRQHandler                       0x0800020b   Thumb Code     0  startup_stm32g431xx.o(.text)
    I2C3_ER_IRQHandler                       0x0800020b   Thumb Code     0  startup_stm32g431xx.o(.text)
    I2C3_EV_IRQHandler                       0x0800020b   Thumb Code     0  startup_stm32g431xx.o(.text)
    LPTIM1_IRQHandler                        0x0800020b   Thumb Code     0  startup_stm32g431xx.o(.text)
    LPUART1_IRQHandler                       0x0800020b   Thumb Code     0  startup_stm32g431xx.o(.text)
    PVD_PVM_IRQHandler                       0x0800020b   Thumb Code     0  startup_stm32g431xx.o(.text)
    RCC_IRQHandler                           0x0800020b   Thumb Code     0  startup_stm32g431xx.o(.text)
    RNG_IRQHandler                           0x0800020b   Thumb Code     0  startup_stm32g431xx.o(.text)
    RTC_Alarm_IRQHandler                     0x0800020b   Thumb Code     0  startup_stm32g431xx.o(.text)
    RTC_TAMP_LSECSS_IRQHandler               0x0800020b   Thumb Code     0  startup_stm32g431xx.o(.text)
    RTC_WKUP_IRQHandler                      0x0800020b   Thumb Code     0  startup_stm32g431xx.o(.text)
    SAI1_IRQHandler                          0x0800020b   Thumb Code     0  startup_stm32g431xx.o(.text)
    SPI1_IRQHandler                          0x0800020b   Thumb Code     0  startup_stm32g431xx.o(.text)
    SPI2_IRQHandler                          0x0800020b   Thumb Code     0  startup_stm32g431xx.o(.text)
    SPI3_IRQHandler                          0x0800020b   Thumb Code     0  startup_stm32g431xx.o(.text)
    TIM1_BRK_TIM15_IRQHandler                0x0800020b   Thumb Code     0  startup_stm32g431xx.o(.text)
    TIM1_CC_IRQHandler                       0x0800020b   Thumb Code     0  startup_stm32g431xx.o(.text)
    TIM1_TRG_COM_TIM17_IRQHandler            0x0800020b   Thumb Code     0  startup_stm32g431xx.o(.text)
    TIM2_IRQHandler                          0x0800020b   Thumb Code     0  startup_stm32g431xx.o(.text)
    TIM3_IRQHandler                          0x0800020b   Thumb Code     0  startup_stm32g431xx.o(.text)
    TIM4_IRQHandler                          0x0800020b   Thumb Code     0  startup_stm32g431xx.o(.text)
    TIM6_DAC_IRQHandler                      0x0800020b   Thumb Code     0  startup_stm32g431xx.o(.text)
    TIM7_IRQHandler                          0x0800020b   Thumb Code     0  startup_stm32g431xx.o(.text)
    TIM8_BRK_IRQHandler                      0x0800020b   Thumb Code     0  startup_stm32g431xx.o(.text)
    TIM8_CC_IRQHandler                       0x0800020b   Thumb Code     0  startup_stm32g431xx.o(.text)
    TIM8_TRG_COM_IRQHandler                  0x0800020b   Thumb Code     0  startup_stm32g431xx.o(.text)
    TIM8_UP_IRQHandler                       0x0800020b   Thumb Code     0  startup_stm32g431xx.o(.text)
    UART4_IRQHandler                         0x0800020b   Thumb Code     0  startup_stm32g431xx.o(.text)
    UCPD1_IRQHandler                         0x0800020b   Thumb Code     0  startup_stm32g431xx.o(.text)
    USART1_IRQHandler                        0x0800020b   Thumb Code     0  startup_stm32g431xx.o(.text)
    USART2_IRQHandler                        0x0800020b   Thumb Code     0  startup_stm32g431xx.o(.text)
    USART3_IRQHandler                        0x0800020b   Thumb Code     0  startup_stm32g431xx.o(.text)
    USBWakeUp_IRQHandler                     0x0800020b   Thumb Code     0  startup_stm32g431xx.o(.text)
    USB_HP_IRQHandler                        0x0800020b   Thumb Code     0  startup_stm32g431xx.o(.text)
    USB_LP_IRQHandler                        0x0800020b   Thumb Code     0  startup_stm32g431xx.o(.text)
    WWDG_IRQHandler                          0x0800020b   Thumb Code     0  startup_stm32g431xx.o(.text)
    __aeabi_uldivmod                         0x08000215   Thumb Code    98  uldiv.o(.text)
    __aeabi_memset                           0x08000277   Thumb Code    14  memseta.o(.text)
    __aeabi_memset4                          0x08000277   Thumb Code     0  memseta.o(.text)
    __aeabi_memset8                          0x08000277   Thumb Code     0  memseta.o(.text)
    __aeabi_memclr                           0x08000285   Thumb Code     4  memseta.o(.text)
    __aeabi_memclr4                          0x08000285   Thumb Code     0  memseta.o(.text)
    __aeabi_memclr8                          0x08000285   Thumb Code     0  memseta.o(.text)
    _memset$wrapper                          0x08000289   Thumb Code    18  memseta.o(.text)
    __aeabi_llsl                             0x0800029b   Thumb Code    30  llshl.o(.text)
    _ll_shift_l                              0x0800029b   Thumb Code     0  llshl.o(.text)
    __aeabi_llsr                             0x080002b9   Thumb Code    32  llushr.o(.text)
    _ll_ushift_r                             0x080002b9   Thumb Code     0  llushr.o(.text)
    __scatterload                            0x080002d9   Thumb Code    28  init.o(.text)
    __scatterload_rt2                        0x080002d9   Thumb Code     0  init.o(.text)
    ADC1_2_IRQHandler                        0x080002fd   Thumb Code     6  stm32g4xx_it.o(i.ADC1_2_IRQHandler)
    ADC_Enable                               0x08000309   Thumb Code   156  stm32g4xx_hal_adc.o(i.ADC_Enable)
    Amplitude_Limit                          0x080003b5   Thumb Code    20  math_drv.o(i.Amplitude_Limit)
    BusFault_Handler                         0x080003c9   Thumb Code     2  stm32g4xx_it.o(i.BusFault_Handler)
    Calculate_Adc_Offset                     0x080003cb   Thumb Code   102  sample_drv.o(i.Calculate_Adc_Offset)
    Calculate_Bus_Voltage                    0x08000431   Thumb Code    34  sample_drv.o(i.Calculate_Bus_Voltage)
    Calculate_Encoder_Data                   0x08000453   Thumb Code    42  encoder_drv.o(i.Calculate_Encoder_Data)
    Calculate_Phase_Current                  0x0800047d   Thumb Code    70  sample_drv.o(i.Calculate_Phase_Current)
    Calculate_Position                       0x080004c3   Thumb Code    96  position_drv.o(i.Calculate_Position)
    Calculate_SVPWM                          0x08000525   Thumb Code   492  foc_drv.o(i.Calculate_SVPWM)
    Calculate_Sin_Cos                        0x08000721   Thumb Code   248  math_drv.o(i.Calculate_Sin_Cos)
    Calculate_Speed                          0x08000821   Thumb Code   108  speed_drv.o(i.Calculate_Speed)
    Clark_Transform                          0x0800088d   Thumb Code    34  foc_drv.o(i.Clark_Transform)
    DebugMon_Handler                         0x080008b9   Thumb Code     2  stm32g4xx_it.o(i.DebugMon_Handler)
    Electrical_Angle_Generator               0x080008bd   Thumb Code    90  encoder_drv.o(i.Electrical_Angle_Generator)
    Error_Handler                            0x08000921   Thumb Code     4  main.o(i.Error_Handler)
    Global_Init                              0x08000925   Thumb Code   130  global_control.o(i.Global_Init)
    Global_Loop                              0x080009b5   Thumb Code    18  global_control.o(i.Global_Loop)
    HAL_ADCEx_EndOfSamplingCallback          0x080009c7   Thumb Code     2  stm32g4xx_hal_adc_ex.o(i.HAL_ADCEx_EndOfSamplingCallback)
    HAL_ADCEx_InjectedConfigChannel          0x080009c9   Thumb Code  1254  stm32g4xx_hal_adc_ex.o(i.HAL_ADCEx_InjectedConfigChannel)
    HAL_ADCEx_InjectedConvCpltCallback       0x08000ed9   Thumb Code    98  global_control.o(i.HAL_ADCEx_InjectedConvCpltCallback)
    HAL_ADCEx_InjectedQueueOverflowCallback  0x08000f49   Thumb Code     2  stm32g4xx_hal_adc_ex.o(i.HAL_ADCEx_InjectedQueueOverflowCallback)
    HAL_ADCEx_InjectedStart_IT               0x08000f4d   Thumb Code   282  stm32g4xx_hal_adc_ex.o(i.HAL_ADCEx_InjectedStart_IT)
    HAL_ADCEx_LevelOutOfWindow2Callback      0x08001075   Thumb Code     2  stm32g4xx_hal_adc_ex.o(i.HAL_ADCEx_LevelOutOfWindow2Callback)
    HAL_ADCEx_LevelOutOfWindow3Callback      0x08001077   Thumb Code     2  stm32g4xx_hal_adc_ex.o(i.HAL_ADCEx_LevelOutOfWindow3Callback)
    HAL_ADC_ConfigChannel                    0x08001079   Thumb Code   998  stm32g4xx_hal_adc.o(i.HAL_ADC_ConfigChannel)
    HAL_ADC_ConvCpltCallback                 0x08001495   Thumb Code     2  stm32g4xx_hal_adc.o(i.HAL_ADC_ConvCpltCallback)
    HAL_ADC_ErrorCallback                    0x08001497   Thumb Code     2  stm32g4xx_hal_adc.o(i.HAL_ADC_ErrorCallback)
    HAL_ADC_IRQHandler                       0x08001499   Thumb Code   612  stm32g4xx_hal_adc.o(i.HAL_ADC_IRQHandler)
    HAL_ADC_Init                             0x08001705   Thumb Code   462  stm32g4xx_hal_adc.o(i.HAL_ADC_Init)
    HAL_ADC_LevelOutOfWindowCallback         0x080018f5   Thumb Code     2  stm32g4xx_hal_adc.o(i.HAL_ADC_LevelOutOfWindowCallback)
    HAL_ADC_MspInit                          0x080018f9   Thumb Code   184  stm32g4xx_hal_msp.o(i.HAL_ADC_MspInit)
    HAL_Delay                                0x080019c1   Thumb Code    32  stm32g4xx_hal.o(i.HAL_Delay)
    HAL_GPIO_Init                            0x080019e5   Thumb Code   400  stm32g4xx_hal_gpio.o(i.HAL_GPIO_Init)
    HAL_GPIO_TogglePin                       0x08001b95   Thumb Code    16  stm32g4xx_hal_gpio.o(i.HAL_GPIO_TogglePin)
    HAL_GPIO_WritePin                        0x08001ba5   Thumb Code    10  stm32g4xx_hal_gpio.o(i.HAL_GPIO_WritePin)
    HAL_GetTick                              0x08001bb1   Thumb Code     6  stm32g4xx_hal.o(i.HAL_GetTick)
    HAL_IncTick                              0x08001bbd   Thumb Code    12  stm32g4xx_hal.o(i.HAL_IncTick)
    HAL_Init                                 0x08001bcd   Thumb Code    30  stm32g4xx_hal.o(i.HAL_Init)
    HAL_InitTick                             0x08001bed   Thumb Code    58  stm32g4xx_hal.o(i.HAL_InitTick)
    HAL_MspInit                              0x08001c31   Thumb Code    42  stm32g4xx_hal_msp.o(i.HAL_MspInit)
    HAL_NVIC_EnableIRQ                       0x08001c61   Thumb Code    26  stm32g4xx_hal_cortex.o(i.HAL_NVIC_EnableIRQ)
    HAL_NVIC_SetPriority                     0x08001c7d   Thumb Code    60  stm32g4xx_hal_cortex.o(i.HAL_NVIC_SetPriority)
    HAL_NVIC_SetPriorityGrouping             0x08001cbd   Thumb Code    26  stm32g4xx_hal_cortex.o(i.HAL_NVIC_SetPriorityGrouping)
    HAL_PWREx_ControlVoltageScaling          0x08001ce1   Thumb Code   174  stm32g4xx_hal_pwr_ex.o(i.HAL_PWREx_ControlVoltageScaling)
    HAL_PWREx_DisableUCPDDeadBattery         0x08001d9d   Thumb Code    12  stm32g4xx_hal_pwr_ex.o(i.HAL_PWREx_DisableUCPDDeadBattery)
    HAL_RCCEx_PeriphCLKConfig                0x08001dad   Thumb Code   660  stm32g4xx_hal_rcc_ex.o(i.HAL_RCCEx_PeriphCLKConfig)
    HAL_RCC_ClockConfig                      0x08002049   Thumb Code   430  stm32g4xx_hal_rcc.o(i.HAL_RCC_ClockConfig)
    HAL_RCC_GetPCLK1Freq                     0x08002215   Thumb Code    24  stm32g4xx_hal_rcc.o(i.HAL_RCC_GetPCLK1Freq)
    HAL_RCC_GetPCLK2Freq                     0x08002239   Thumb Code    24  stm32g4xx_hal_rcc.o(i.HAL_RCC_GetPCLK2Freq)
    HAL_RCC_GetSysClockFreq                  0x0800225d   Thumb Code    80  stm32g4xx_hal_rcc.o(i.HAL_RCC_GetSysClockFreq)
    HAL_RCC_OscConfig                        0x080022b5   Thumb Code   992  stm32g4xx_hal_rcc.o(i.HAL_RCC_OscConfig)
    HAL_SPI_Init                             0x080026a9   Thumb Code   234  stm32g4xx_hal_spi.o(i.HAL_SPI_Init)
    HAL_SPI_MspInit                          0x08002795   Thumb Code    90  stm32g4xx_hal_msp.o(i.HAL_SPI_MspInit)
    HAL_SPI_Transmit                         0x080027fd   Thumb Code   394  stm32g4xx_hal_spi.o(i.HAL_SPI_Transmit)
    HAL_SYSTICK_Config                       0x08002987   Thumb Code    40  stm32g4xx_hal_cortex.o(i.HAL_SYSTICK_Config)
    HAL_TIMEx_Break2Callback                 0x080029af   Thumb Code     2  stm32g4xx_hal_tim_ex.o(i.HAL_TIMEx_Break2Callback)
    HAL_TIMEx_BreakCallback                  0x080029b1   Thumb Code     2  stm32g4xx_hal_tim_ex.o(i.HAL_TIMEx_BreakCallback)
    HAL_TIMEx_CommutCallback                 0x080029b3   Thumb Code     2  stm32g4xx_hal_tim_ex.o(i.HAL_TIMEx_CommutCallback)
    HAL_TIMEx_ConfigBreakDeadTime            0x080029b5   Thumb Code   148  stm32g4xx_hal_tim_ex.o(i.HAL_TIMEx_ConfigBreakDeadTime)
    HAL_TIMEx_DirectionChangeCallback        0x08002a51   Thumb Code     2  stm32g4xx_hal_tim_ex.o(i.HAL_TIMEx_DirectionChangeCallback)
    HAL_TIMEx_EncoderIndexCallback           0x08002a53   Thumb Code     2  stm32g4xx_hal_tim_ex.o(i.HAL_TIMEx_EncoderIndexCallback)
    HAL_TIMEx_IndexErrorCallback             0x08002a55   Thumb Code     2  stm32g4xx_hal_tim_ex.o(i.HAL_TIMEx_IndexErrorCallback)
    HAL_TIMEx_MasterConfigSynchronization    0x08002a59   Thumb Code   132  stm32g4xx_hal_tim_ex.o(i.HAL_TIMEx_MasterConfigSynchronization)
    HAL_TIMEx_TransitionErrorCallback        0x08002af5   Thumb Code     2  stm32g4xx_hal_tim_ex.o(i.HAL_TIMEx_TransitionErrorCallback)
    HAL_TIM_Base_Init                        0x08002af7   Thumb Code    98  stm32g4xx_hal_tim.o(i.HAL_TIM_Base_Init)
    HAL_TIM_Base_MspInit                     0x08002b59   Thumb Code    50  stm32g4xx_hal_msp.o(i.HAL_TIM_Base_MspInit)
    HAL_TIM_Base_Start_IT                    0x08002b95   Thumb Code    94  stm32g4xx_hal_tim.o(i.HAL_TIM_Base_Start_IT)
    HAL_TIM_ConfigClockSource                0x08002c0d   Thumb Code   246  stm32g4xx_hal_tim.o(i.HAL_TIM_ConfigClockSource)
    HAL_TIM_Encoder_Init                     0x08002d0d   Thumb Code   162  stm32g4xx_hal_tim.o(i.HAL_TIM_Encoder_Init)
    HAL_TIM_Encoder_MspInit                  0x08002db5   Thumb Code    86  stm32g4xx_hal_msp.o(i.HAL_TIM_Encoder_MspInit)
    HAL_TIM_Encoder_Start                    0x08002e19   Thumb Code   146  stm32g4xx_hal_tim.o(i.HAL_TIM_Encoder_Start)
    HAL_TIM_IC_CaptureCallback               0x08002eab   Thumb Code     2  stm32g4xx_hal_tim.o(i.HAL_TIM_IC_CaptureCallback)
    HAL_TIM_IRQHandler                       0x08002ead   Thumb Code   418  stm32g4xx_hal_tim.o(i.HAL_TIM_IRQHandler)
    HAL_TIM_MspPostInit                      0x08003051   Thumb Code    70  stm32g4xx_hal_msp.o(i.HAL_TIM_MspPostInit)
    HAL_TIM_OC_DelayElapsedCallback          0x080030a5   Thumb Code     2  stm32g4xx_hal_tim.o(i.HAL_TIM_OC_DelayElapsedCallback)
    HAL_TIM_PWM_ConfigChannel                0x080030a7   Thumb Code   292  stm32g4xx_hal_tim.o(i.HAL_TIM_PWM_ConfigChannel)
    HAL_TIM_PWM_Init                         0x080031cb   Thumb Code    98  stm32g4xx_hal_tim.o(i.HAL_TIM_PWM_Init)
    HAL_TIM_PWM_MspInit                      0x0800322d   Thumb Code     2  stm32g4xx_hal_tim.o(i.HAL_TIM_PWM_MspInit)
    HAL_TIM_PWM_PulseFinishedCallback        0x0800322f   Thumb Code     2  stm32g4xx_hal_tim.o(i.HAL_TIM_PWM_PulseFinishedCallback)
    HAL_TIM_PWM_Start                        0x08003231   Thumb Code   230  stm32g4xx_hal_tim.o(i.HAL_TIM_PWM_Start)
    HAL_TIM_PeriodElapsedCallback            0x08003339   Thumb Code    44  global_control.o(i.HAL_TIM_PeriodElapsedCallback)
    HAL_TIM_TriggerCallback                  0x08003379   Thumb Code     2  stm32g4xx_hal_tim.o(i.HAL_TIM_TriggerCallback)
    HAL_UARTEx_DisableFifoMode               0x0800337b   Thumb Code    62  stm32g4xx_hal_uart_ex.o(i.HAL_UARTEx_DisableFifoMode)
    HAL_UARTEx_SetRxFifoThreshold            0x080033b9   Thumb Code    76  stm32g4xx_hal_uart_ex.o(i.HAL_UARTEx_SetRxFifoThreshold)
    HAL_UARTEx_SetTxFifoThreshold            0x08003405   Thumb Code    76  stm32g4xx_hal_uart_ex.o(i.HAL_UARTEx_SetTxFifoThreshold)
    HAL_UART_Init                            0x08003451   Thumb Code   106  stm32g4xx_hal_uart.o(i.HAL_UART_Init)
    HAL_UART_MspInit                         0x080034bd   Thumb Code   112  stm32g4xx_hal_msp.o(i.HAL_UART_MspInit)
    HFI_Calculate                            0x08003539   Thumb Code   408  observer_drv.o(i.HFI_Calculate)
    HardFault_Handler                        0x080036d5   Thumb Code     2  stm32g4xx_it.o(i.HardFault_Handler)
    IPack_Transform                          0x080036d7   Thumb Code    42  foc_drv.o(i.IPack_Transform)
    LCD_Address_Set                          0x08003701   Thumb Code    62  lcd_drv.o(i.LCD_Address_Set)
    LCD_Fill                                 0x0800373f   Thumb Code    62  lcd_drv.o(i.LCD_Fill)
    LCD_Init                                 0x0800377d   Thumb Code   528  lcd_drv.o(i.LCD_Init)
    LCD_ShowPicture                          0x08003995   Thumb Code    80  lcd_drv.o(i.LCD_ShowPicture)
    LCD_WR_DATA                              0x080039e5   Thumb Code    20  lcd_drv.o(i.LCD_WR_DATA)
    LCD_WR_REG                               0x080039f9   Thumb Code    36  lcd_drv.o(i.LCD_WR_REG)
    LCD_Writ_Bus                             0x08003a21   Thumb Code    44  lcd_drv.o(i.LCD_Writ_Bus)
    Lcd_Task                                 0x08003b05   Thumb Code    34  lcd_task.o(i.Lcd_Task)
    Led_Task                                 0x08003b2d   Thumb Code    46  led_task.o(i.Led_Task)
    MemManage_Handler                        0x08003ffd   Thumb Code     2  stm32g4xx_it.o(i.MemManage_Handler)
    Motor_Identify                           0x08004001   Thumb Code   546  motor_identify.o(i.Motor_Identify)
    Motor_Struct_Init                        0x0800424d   Thumb Code   324  motor_publicdata.o(i.Motor_Struct_Init)
    Motor_System_Init                        0x080043e1   Thumb Code     4  motor_system.o(i.Motor_System_Init)
    Motor_System_Run                         0x080043e5   Thumb Code   194  motor_system.o(i.Motor_System_Run)
    NMI_Handler                              0x080044bd   Thumb Code     2  stm32g4xx_it.o(i.NMI_Handler)
    PID_Control                              0x080044bf   Thumb Code   140  pid_drv.o(i.PID_Control)
    PLL_Calculate                            0x0800454d   Thumb Code   220  observer_drv.o(i.PLL_Calculate)
    Pack_Transform                           0x08004635   Thumb Code    42  foc_drv.o(i.Pack_Transform)
    PendSV_Handler                           0x0800465f   Thumb Code     2  stm32g4xx_it.o(i.PendSV_Handler)
    SMO_Calculate                            0x08004661   Thumb Code   222  observer_drv.o(i.SMO_Calculate)
    SVC_Handler                              0x08004921   Thumb Code     2  stm32g4xx_it.o(i.SVC_Handler)
    Sensorless_Control                       0x08004925   Thumb Code  2020  motor_sensorless.o(i.Sensorless_Control)
    Sensoruse_Control                        0x0800511d   Thumb Code   754  motor_sensoruse.o(i.Sensoruse_Control)
    SysTick_Handler                          0x08005429   Thumb Code     4  stm32g4xx_it.o(i.SysTick_Handler)
    SystemClock_Config                       0x0800542d   Thumb Code   102  main.o(i.SystemClock_Config)
    SystemInit                               0x08005495   Thumb Code    12  system_stm32g4xx.o(i.SystemInit)
    TIM1_UP_TIM16_IRQHandler                 0x080054a5   Thumb Code     6  stm32g4xx_it.o(i.TIM1_UP_TIM16_IRQHandler)
    TIM_Base_SetConfig                       0x080054b1   Thumb Code   160  stm32g4xx_hal_tim.o(i.TIM_Base_SetConfig)
    TIM_CCxChannelCmd                        0x0800556d   Thumb Code    26  stm32g4xx_hal_tim.o(i.TIM_CCxChannelCmd)
    TIM_ETR_SetConfig                        0x08005587   Thumb Code    20  stm32g4xx_hal_tim.o(i.TIM_ETR_SetConfig)
    TIM_OC2_SetConfig                        0x0800564d   Thumb Code   120  stm32g4xx_hal_tim.o(i.TIM_OC2_SetConfig)
    T_Shaped_Acc_Dec                         0x08005925   Thumb Code   138  speed_drv.o(i.T_Shaped_Acc_Dec)
    UART_AdvFeatureConfig                    0x080059f9   Thumb Code   200  stm32g4xx_hal_uart.o(i.UART_AdvFeatureConfig)
    UART_CheckIdleState                      0x08005ac1   Thumb Code   172  stm32g4xx_hal_uart.o(i.UART_CheckIdleState)
    UART_SetConfig                           0x08005bc1   Thumb Code   580  stm32g4xx_hal_uart.o(i.UART_SetConfig)
    UART_WaitOnFlagUntilTimeout              0x08005e31   Thumb Code   146  stm32g4xx_hal_uart.o(i.UART_WaitOnFlagUntilTimeout)
    UsageFault_Handler                       0x08005ec3   Thumb Code     2  stm32g4xx_it.o(i.UsageFault_Handler)
    Usart_Task                               0x08005ec5   Thumb Code    32  usart_task.o(i.Usart_Task)
    __scatterload_copy                       0x08005f09   Thumb Code    14  handlers.o(i.__scatterload_copy)
    __scatterload_null                       0x08005f17   Thumb Code     2  handlers.o(i.__scatterload_null)
    __scatterload_zeroinit                   0x08005f19   Thumb Code    14  handlers.o(i.__scatterload_zeroinit)
    main                                     0x08005f27   Thumb Code    42  main.o(i.main)
    UARTPrescTable                           0x08005f50   Data          24  stm32g4xx_hal_uart.o(.constdata)
    AHBPrescTable                            0x08005f78   Data          16  system_stm32g4xx.o(.constdata)
    APBPrescTable                            0x08005f88   Data           8  system_stm32g4xx.o(.constdata)
    ascii_1206                               0x08005f90   Data        1140  lcd_drv.o(.constdata)
    ascii_1608                               0x08006404   Data        1520  lcd_drv.o(.constdata)
    ascii_2412                               0x080069f4   Data        4560  lcd_drv.o(.constdata)
    ascii_3216                               0x08007bc4   Data        6080  lcd_drv.o(.constdata)
    tfont12                                  0x08009384   Data         130  lcd_drv.o(.constdata)
    tfont16                                  0x08009406   Data         170  lcd_drv.o(.constdata)
    tfont24                                  0x080094b0   Data         296  lcd_drv.o(.constdata)
    tfont32                                  0x080095d8   Data         650  lcd_drv.o(.constdata)
    gImage_hs_logo                           0x08009862   Data       12800  lcd_drv.o(.constdata)
    Sin_Cos_Table                            0x0800ca62   Data         512  math_drv.o(.constdata)
    Region$$Table$$Base                      0x0800cc64   Number         0  anon$$obj.o(Region$$Table)
    Region$$Table$$Limit                     0x0800cc84   Number         0  anon$$obj.o(Region$$Table)
    uwTickPrio                               0x20000000   Data           4  stm32g4xx_hal.o(.data)
    uwTickFreq                               0x20000004   Data           4  stm32g4xx_hal.o(.data)
    uwTick                                   0x20000008   Data           4  stm32g4xx_hal.o(.data)
    SystemCoreClock                          0x2000000c   Data           4  system_stm32g4xx.o(.data)
    LedTaskId                                0x20000010   Data           2  led_task.o(.data)
    LedTaskTim                               0x20000012   Data           2  led_task.o(.data)
    LcdTaskId                                0x20000014   Data           2  lcd_task.o(.data)
    LcdTaskTim                               0x20000016   Data           2  lcd_task.o(.data)
    UsartTaskId                              0x20000018   Data           2  usart_task.o(.data)
    UsartTaskTim                             0x2000001a   Data           2  usart_task.o(.data)
    hadc2                                    0x20000028   Data         108  main.o(.bss)
    hspi3                                    0x20000094   Data         100  main.o(.bss)
    htim1                                    0x200000f8   Data          76  main.o(.bss)
    htim3                                    0x20000144   Data          76  main.o(.bss)
    huart1                                   0x20000190   Data         148  main.o(.bss)
    MC                                       0x20000224   Data         856  motor_publicdata.o(.bss)
    __initial_sp                             0x20000980   Data           0  startup_stm32g431xx.o(STACK)



==============================================================================

Memory Map of the image

  Image Entry point : 0x080001d9

  Load Region LR_IROM1 (Base: 0x08000000, Size: 0x0000ccac, Max: 0x00020000, ABSOLUTE)

    Execution Region ER_IROM1 (Exec base: 0x08000000, Load base: 0x08000000, Size: 0x0000cc84, Max: 0x00020000, ABSOLUTE)

    Exec Addr    Load Addr    Size         Type   Attr      Idx    E Section Name        Object

    0x08000000   0x08000000   0x000001d8   Data   RO            3    RESET               startup_stm32g431xx.o
    0x080001d8   0x080001d8   0x00000000   Code   RO         5227  * .ARM.Collect$$$$00000000  mc_w.l(entry.o)
    0x080001d8   0x080001d8   0x00000004   Code   RO         5234    .ARM.Collect$$$$00000001  mc_w.l(entry2.o)
    0x080001dc   0x080001dc   0x00000004   Code   RO         5237    .ARM.Collect$$$$00000004  mc_w.l(entry5.o)
    0x080001e0   0x080001e0   0x00000000   Code   RO         5239    .ARM.Collect$$$$00000008  mc_w.l(entry7b.o)
    0x080001e0   0x080001e0   0x00000000   Code   RO         5241    .ARM.Collect$$$$0000000A  mc_w.l(entry8b.o)
    0x080001e0   0x080001e0   0x00000008   Code   RO         5242    .ARM.Collect$$$$0000000B  mc_w.l(entry9a.o)
    0x080001e8   0x080001e8   0x00000004   Code   RO         5249    .ARM.Collect$$$$0000000E  mc_w.l(entry12b.o)
    0x080001ec   0x080001ec   0x00000000   Code   RO         5244    .ARM.Collect$$$$0000000F  mc_w.l(entry10a.o)
    0x080001ec   0x080001ec   0x00000000   Code   RO         5246    .ARM.Collect$$$$00000011  mc_w.l(entry11a.o)
    0x080001ec   0x080001ec   0x00000004   Code   RO         5235    .ARM.Collect$$$$00002712  mc_w.l(entry2.o)
    0x080001f0   0x080001f0   0x00000024   Code   RO            4    .text               startup_stm32g431xx.o
    0x08000214   0x08000214   0x00000062   Code   RO         5230    .text               mc_w.l(uldiv.o)
    0x08000276   0x08000276   0x00000024   Code   RO         5232    .text               mc_w.l(memseta.o)
    0x0800029a   0x0800029a   0x0000001e   Code   RO         5250    .text               mc_w.l(llshl.o)
    0x080002b8   0x080002b8   0x00000020   Code   RO         5252    .text               mc_w.l(llushr.o)
    0x080002d8   0x080002d8   0x00000024   Code   RO         5254    .text               mc_w.l(init.o)
    0x080002fc   0x080002fc   0x0000000c   Code   RO          202    i.ADC1_2_IRQHandler  stm32g4xx_it.o
    0x08000308   0x08000308   0x000000ac   Code   RO          388    i.ADC_Enable        stm32g4xx_hal_adc.o
    0x080003b4   0x080003b4   0x00000014   Code   RO         5067    i.Amplitude_Limit   math_drv.o
    0x080003c8   0x080003c8   0x00000002   Code   RO          203    i.BusFault_Handler  stm32g4xx_it.o
    0x080003ca   0x080003ca   0x00000066   Code   RO         5001    i.Calculate_Adc_Offset  sample_drv.o
    0x08000430   0x08000430   0x00000022   Code   RO         5002    i.Calculate_Bus_Voltage  sample_drv.o
    0x08000452   0x08000452   0x0000002a   Code   RO         4971    i.Calculate_Encoder_Data  encoder_drv.o
    0x0800047c   0x0800047c   0x00000046   Code   RO         5003    i.Calculate_Phase_Current  sample_drv.o
    0x080004c2   0x080004c2   0x00000060   Code   RO         4911    i.Calculate_Position  position_drv.o
    0x08000522   0x08000522   0x00000002   PAD
    0x08000524   0x08000524   0x000001fc   Code   RO         5100    i.Calculate_SVPWM   foc_drv.o
    0x08000720   0x08000720   0x00000100   Code   RO         5068    i.Calculate_Sin_Cos  math_drv.o
    0x08000820   0x08000820   0x0000006c   Code   RO         5037    i.Calculate_Speed   speed_drv.o
    0x0800088c   0x0800088c   0x0000002c   Code   RO         5101    i.Clark_Transform   foc_drv.o
    0x080008b8   0x080008b8   0x00000002   Code   RO          204    i.DebugMon_Handler  stm32g4xx_it.o
    0x080008ba   0x080008ba   0x00000002   PAD
    0x080008bc   0x080008bc   0x00000064   Code   RO         4972    i.Electrical_Angle_Generator  encoder_drv.o
    0x08000920   0x08000920   0x00000004   Code   RO           13    i.Error_Handler     main.o
    0x08000924   0x08000924   0x00000090   Code   RO         5172    i.Global_Init       global_control.o
    0x080009b4   0x080009b4   0x00000012   Code   RO         5173    i.Global_Loop       global_control.o
    0x080009c6   0x080009c6   0x00000002   Code   RO          630    i.HAL_ADCEx_EndOfSamplingCallback  stm32g4xx_hal_adc_ex.o
    0x080009c8   0x080009c8   0x00000510   Code   RO          632    i.HAL_ADCEx_InjectedConfigChannel  stm32g4xx_hal_adc_ex.o
    0x08000ed8   0x08000ed8   0x00000070   Code   RO         5174    i.HAL_ADCEx_InjectedConvCpltCallback  global_control.o
    0x08000f48   0x08000f48   0x00000002   Code   RO          636    i.HAL_ADCEx_InjectedQueueOverflowCallback  stm32g4xx_hal_adc_ex.o
    0x08000f4a   0x08000f4a   0x00000002   PAD
    0x08000f4c   0x08000f4c   0x00000128   Code   RO          638    i.HAL_ADCEx_InjectedStart_IT  stm32g4xx_hal_adc_ex.o
    0x08001074   0x08001074   0x00000002   Code   RO          641    i.HAL_ADCEx_LevelOutOfWindow2Callback  stm32g4xx_hal_adc_ex.o
    0x08001076   0x08001076   0x00000002   Code   RO          642    i.HAL_ADCEx_LevelOutOfWindow3Callback  stm32g4xx_hal_adc_ex.o
    0x08001078   0x08001078   0x0000041c   Code   RO          390    i.HAL_ADC_ConfigChannel  stm32g4xx_hal_adc.o
    0x08001494   0x08001494   0x00000002   Code   RO          391    i.HAL_ADC_ConvCpltCallback  stm32g4xx_hal_adc.o
    0x08001496   0x08001496   0x00000002   Code   RO          394    i.HAL_ADC_ErrorCallback  stm32g4xx_hal_adc.o
    0x08001498   0x08001498   0x0000026c   Code   RO          398    i.HAL_ADC_IRQHandler  stm32g4xx_hal_adc.o
    0x08001704   0x08001704   0x000001f0   Code   RO          399    i.HAL_ADC_Init      stm32g4xx_hal_adc.o
    0x080018f4   0x080018f4   0x00000002   Code   RO          400    i.HAL_ADC_LevelOutOfWindowCallback  stm32g4xx_hal_adc.o
    0x080018f6   0x080018f6   0x00000002   PAD
    0x080018f8   0x080018f8   0x000000c8   Code   RO          294    i.HAL_ADC_MspInit   stm32g4xx_hal_msp.o
    0x080019c0   0x080019c0   0x00000024   Code   RO          847    i.HAL_Delay         stm32g4xx_hal.o
    0x080019e4   0x080019e4   0x000001b0   Code   RO         1556    i.HAL_GPIO_Init     stm32g4xx_hal_gpio.o
    0x08001b94   0x08001b94   0x00000010   Code   RO         1559    i.HAL_GPIO_TogglePin  stm32g4xx_hal_gpio.o
    0x08001ba4   0x08001ba4   0x0000000a   Code   RO         1560    i.HAL_GPIO_WritePin  stm32g4xx_hal_gpio.o
    0x08001bae   0x08001bae   0x00000002   PAD
    0x08001bb0   0x08001bb0   0x0000000c   Code   RO          851    i.HAL_GetTick       stm32g4xx_hal.o
    0x08001bbc   0x08001bbc   0x00000010   Code   RO          857    i.HAL_IncTick       stm32g4xx_hal.o
    0x08001bcc   0x08001bcc   0x0000001e   Code   RO          858    i.HAL_Init          stm32g4xx_hal.o
    0x08001bea   0x08001bea   0x00000002   PAD
    0x08001bec   0x08001bec   0x00000044   Code   RO          859    i.HAL_InitTick      stm32g4xx_hal.o
    0x08001c30   0x08001c30   0x00000030   Code   RO          295    i.HAL_MspInit       stm32g4xx_hal_msp.o
    0x08001c60   0x08001c60   0x0000001a   Code   RO         2205    i.HAL_NVIC_EnableIRQ  stm32g4xx_hal_cortex.o
    0x08001c7a   0x08001c7a   0x00000002   PAD
    0x08001c7c   0x08001c7c   0x00000040   Code   RO         2211    i.HAL_NVIC_SetPriority  stm32g4xx_hal_cortex.o
    0x08001cbc   0x08001cbc   0x00000024   Code   RO         2212    i.HAL_NVIC_SetPriorityGrouping  stm32g4xx_hal_cortex.o
    0x08001ce0   0x08001ce0   0x000000bc   Code   RO         1959    i.HAL_PWREx_ControlVoltageScaling  stm32g4xx_hal_pwr_ex.o
    0x08001d9c   0x08001d9c   0x00000010   Code   RO         1971    i.HAL_PWREx_DisableUCPDDeadBattery  stm32g4xx_hal_pwr_ex.o
    0x08001dac   0x08001dac   0x0000029c   Code   RO         1218    i.HAL_RCCEx_PeriphCLKConfig  stm32g4xx_hal_rcc_ex.o
    0x08002048   0x08002048   0x000001cc   Code   RO         1093    i.HAL_RCC_ClockConfig  stm32g4xx_hal_rcc.o
    0x08002214   0x08002214   0x00000024   Code   RO         1101    i.HAL_RCC_GetPCLK1Freq  stm32g4xx_hal_rcc.o
    0x08002238   0x08002238   0x00000024   Code   RO         1102    i.HAL_RCC_GetPCLK2Freq  stm32g4xx_hal_rcc.o
    0x0800225c   0x0800225c   0x00000058   Code   RO         1103    i.HAL_RCC_GetSysClockFreq  stm32g4xx_hal_rcc.o
    0x080022b4   0x080022b4   0x000003f4   Code   RO         1106    i.HAL_RCC_OscConfig  stm32g4xx_hal_rcc.o
    0x080026a8   0x080026a8   0x000000ea   Code   RO         2356    i.HAL_SPI_Init      stm32g4xx_hal_spi.o
    0x08002792   0x08002792   0x00000002   PAD
    0x08002794   0x08002794   0x00000068   Code   RO          297    i.HAL_SPI_MspInit   stm32g4xx_hal_msp.o
    0x080027fc   0x080027fc   0x0000018a   Code   RO         2364    i.HAL_SPI_Transmit  stm32g4xx_hal_spi.o
    0x08002986   0x08002986   0x00000028   Code   RO         2216    i.HAL_SYSTICK_Config  stm32g4xx_hal_cortex.o
    0x080029ae   0x080029ae   0x00000002   Code   RO         3412    i.HAL_TIMEx_Break2Callback  stm32g4xx_hal_tim_ex.o
    0x080029b0   0x080029b0   0x00000002   Code   RO         3413    i.HAL_TIMEx_BreakCallback  stm32g4xx_hal_tim_ex.o
    0x080029b2   0x080029b2   0x00000002   Code   RO         3414    i.HAL_TIMEx_CommutCallback  stm32g4xx_hal_tim_ex.o
    0x080029b4   0x080029b4   0x0000009c   Code   RO         3417    i.HAL_TIMEx_ConfigBreakDeadTime  stm32g4xx_hal_tim_ex.o
    0x08002a50   0x08002a50   0x00000002   Code   RO         3425    i.HAL_TIMEx_DirectionChangeCallback  stm32g4xx_hal_tim_ex.o
    0x08002a52   0x08002a52   0x00000002   Code   RO         3439    i.HAL_TIMEx_EncoderIndexCallback  stm32g4xx_hal_tim_ex.o
    0x08002a54   0x08002a54   0x00000002   Code   RO         3453    i.HAL_TIMEx_IndexErrorCallback  stm32g4xx_hal_tim_ex.o
    0x08002a56   0x08002a56   0x00000002   PAD
    0x08002a58   0x08002a58   0x0000009c   Code   RO         3454    i.HAL_TIMEx_MasterConfigSynchronization  stm32g4xx_hal_tim_ex.o
    0x08002af4   0x08002af4   0x00000002   Code   RO         3475    i.HAL_TIMEx_TransitionErrorCallback  stm32g4xx_hal_tim_ex.o
    0x08002af6   0x08002af6   0x00000062   Code   RO         2698    i.HAL_TIM_Base_Init  stm32g4xx_hal_tim.o
    0x08002b58   0x08002b58   0x0000003c   Code   RO          299    i.HAL_TIM_Base_MspInit  stm32g4xx_hal_msp.o
    0x08002b94   0x08002b94   0x00000078   Code   RO         2703    i.HAL_TIM_Base_Start_IT  stm32g4xx_hal_tim.o
    0x08002c0c   0x08002c0c   0x00000100   Code   RO         2707    i.HAL_TIM_ConfigClockSource  stm32g4xx_hal_tim.o
    0x08002d0c   0x08002d0c   0x000000a8   Code   RO         2719    i.HAL_TIM_Encoder_Init  stm32g4xx_hal_tim.o
    0x08002db4   0x08002db4   0x00000064   Code   RO          301    i.HAL_TIM_Encoder_MspInit  stm32g4xx_hal_msp.o
    0x08002e18   0x08002e18   0x00000092   Code   RO         2722    i.HAL_TIM_Encoder_Start  stm32g4xx_hal_tim.o
    0x08002eaa   0x08002eaa   0x00000002   Code   RO         2732    i.HAL_TIM_IC_CaptureCallback  stm32g4xx_hal_tim.o
    0x08002eac   0x08002eac   0x000001a2   Code   RO         2746    i.HAL_TIM_IRQHandler  stm32g4xx_hal_tim.o
    0x0800304e   0x0800304e   0x00000002   PAD
    0x08003050   0x08003050   0x00000054   Code   RO          302    i.HAL_TIM_MspPostInit  stm32g4xx_hal_msp.o
    0x080030a4   0x080030a4   0x00000002   Code   RO         2749    i.HAL_TIM_OC_DelayElapsedCallback  stm32g4xx_hal_tim.o
    0x080030a6   0x080030a6   0x00000124   Code   RO         2770    i.HAL_TIM_PWM_ConfigChannel  stm32g4xx_hal_tim.o
    0x080031ca   0x080031ca   0x00000062   Code   RO         2773    i.HAL_TIM_PWM_Init  stm32g4xx_hal_tim.o
    0x0800322c   0x0800322c   0x00000002   Code   RO         2775    i.HAL_TIM_PWM_MspInit  stm32g4xx_hal_tim.o
    0x0800322e   0x0800322e   0x00000002   Code   RO         2776    i.HAL_TIM_PWM_PulseFinishedCallback  stm32g4xx_hal_tim.o
    0x08003230   0x08003230   0x00000108   Code   RO         2778    i.HAL_TIM_PWM_Start  stm32g4xx_hal_tim.o
    0x08003338   0x08003338   0x00000040   Code   RO         5175    i.HAL_TIM_PeriodElapsedCallback  global_control.o
    0x08003378   0x08003378   0x00000002   Code   RO         2789    i.HAL_TIM_TriggerCallback  stm32g4xx_hal_tim.o
    0x0800337a   0x0800337a   0x0000003e   Code   RO         4261    i.HAL_UARTEx_DisableFifoMode  stm32g4xx_hal_uart_ex.o
    0x080033b8   0x080033b8   0x0000004c   Code   RO         4270    i.HAL_UARTEx_SetRxFifoThreshold  stm32g4xx_hal_uart_ex.o
    0x08003404   0x08003404   0x0000004c   Code   RO         4271    i.HAL_UARTEx_SetTxFifoThreshold  stm32g4xx_hal_uart_ex.o
    0x08003450   0x08003450   0x0000006a   Code   RO         3870    i.HAL_UART_Init     stm32g4xx_hal_uart.o
    0x080034ba   0x080034ba   0x00000002   PAD
    0x080034bc   0x080034bc   0x0000007c   Code   RO          304    i.HAL_UART_MspInit  stm32g4xx_hal_msp.o
    0x08003538   0x08003538   0x0000019c   Code   RO         4935    i.HFI_Calculate     observer_drv.o
    0x080036d4   0x080036d4   0x00000002   Code   RO          205    i.HardFault_Handler  stm32g4xx_it.o
    0x080036d6   0x080036d6   0x0000002a   Code   RO         5102    i.IPack_Transform   foc_drv.o
    0x08003700   0x08003700   0x0000003e   Code   RO         4448    i.LCD_Address_Set   lcd_drv.o
    0x0800373e   0x0800373e   0x0000003e   Code   RO         4452    i.LCD_Fill          lcd_drv.o
    0x0800377c   0x0800377c   0x00000218   Code   RO         4453    i.LCD_Init          lcd_drv.o
    0x08003994   0x08003994   0x00000050   Code   RO         4462    i.LCD_ShowPicture   lcd_drv.o
    0x080039e4   0x080039e4   0x00000014   Code   RO         4464    i.LCD_WR_DATA       lcd_drv.o
    0x080039f8   0x080039f8   0x00000028   Code   RO         4466    i.LCD_WR_REG        lcd_drv.o
    0x08003a20   0x08003a20   0x00000030   Code   RO         4467    i.LCD_Writ_Bus      lcd_drv.o
    0x08003a50   0x08003a50   0x0000000c   Code   RO          413    i.LL_ADC_GetOffsetChannel  stm32g4xx_hal_adc.o
    0x08003a5c   0x08003a5c   0x0000000c   Code   RO          651    i.LL_ADC_GetOffsetChannel  stm32g4xx_hal_adc_ex.o
    0x08003a68   0x08003a68   0x00000008   Code   RO          414    i.LL_ADC_INJ_IsConversionOngoing  stm32g4xx_hal_adc.o
    0x08003a70   0x08003a70   0x00000008   Code   RO          652    i.LL_ADC_INJ_IsConversionOngoing  stm32g4xx_hal_adc_ex.o
    0x08003a78   0x08003a78   0x00000008   Code   RO          415    i.LL_ADC_IsEnabled  stm32g4xx_hal_adc.o
    0x08003a80   0x08003a80   0x00000008   Code   RO          653    i.LL_ADC_IsEnabled  stm32g4xx_hal_adc_ex.o
    0x08003a88   0x08003a88   0x00000008   Code   RO          416    i.LL_ADC_REG_IsConversionOngoing  stm32g4xx_hal_adc.o
    0x08003a90   0x08003a90   0x00000008   Code   RO          654    i.LL_ADC_REG_IsConversionOngoing  stm32g4xx_hal_adc_ex.o
    0x08003a98   0x08003a98   0x00000010   Code   RO          417    i.LL_ADC_REG_IsTriggerSourceSWStart  stm32g4xx_hal_adc.o
    0x08003aa8   0x08003aa8   0x0000001e   Code   RO          419    i.LL_ADC_SetChannelSamplingTime  stm32g4xx_hal_adc.o
    0x08003ac6   0x08003ac6   0x0000001e   Code   RO          655    i.LL_ADC_SetChannelSamplingTime  stm32g4xx_hal_adc_ex.o
    0x08003ae4   0x08003ae4   0x00000010   Code   RO          420    i.LL_ADC_SetOffsetState  stm32g4xx_hal_adc.o
    0x08003af4   0x08003af4   0x00000010   Code   RO          656    i.LL_ADC_SetOffsetState  stm32g4xx_hal_adc_ex.o
    0x08003b04   0x08003b04   0x00000028   Code   RO         4601    i.Lcd_Task          lcd_task.o
    0x08003b2c   0x08003b2c   0x00000038   Code   RO         4417    i.Led_Task          led_task.o
    0x08003b64   0x08003b64   0x00000148   Code   RO           14    i.MX_ADC2_Init      main.o
    0x08003cac   0x08003cac   0x00000120   Code   RO           15    i.MX_GPIO_Init      main.o
    0x08003dcc   0x08003dcc   0x00000050   Code   RO           16    i.MX_SPI3_Init      main.o
    0x08003e1c   0x08003e1c   0x00000110   Code   RO           17    i.MX_TIM1_Init      main.o
    0x08003f2c   0x08003f2c   0x0000006c   Code   RO           18    i.MX_TIM3_Init      main.o
    0x08003f98   0x08003f98   0x00000064   Code   RO           19    i.MX_USART1_UART_Init  main.o
    0x08003ffc   0x08003ffc   0x00000002   Code   RO          206    i.MemManage_Handler  stm32g4xx_it.o
    0x08003ffe   0x08003ffe   0x00000002   PAD
    0x08004000   0x08004000   0x0000024c   Code   RO         4808    i.Motor_Identify    motor_identify.o
    0x0800424c   0x0800424c   0x00000194   Code   RO         4881    i.Motor_Struct_Init  motor_publicdata.o
    0x080043e0   0x080043e0   0x00000004   Code   RO         4738    i.Motor_System_Init  motor_system.o
    0x080043e4   0x080043e4   0x000000d8   Code   RO         4739    i.Motor_System_Run  motor_system.o
    0x080044bc   0x080044bc   0x00000002   Code   RO          207    i.NMI_Handler       stm32g4xx_it.o
    0x080044be   0x080044be   0x0000008c   Code   RO         5143    i.PID_Control       pid_drv.o
    0x0800454a   0x0800454a   0x00000002   PAD
    0x0800454c   0x0800454c   0x000000e8   Code   RO         4936    i.PLL_Calculate     observer_drv.o
    0x08004634   0x08004634   0x0000002a   Code   RO         5103    i.Pack_Transform    foc_drv.o
    0x0800465e   0x0800465e   0x00000002   Code   RO          208    i.PendSV_Handler    stm32g4xx_it.o
    0x08004660   0x08004660   0x000000e4   Code   RO         4937    i.SMO_Calculate     observer_drv.o
    0x08004744   0x08004744   0x00000048   Code   RO         2394    i.SPI_EndRxTxTransaction  stm32g4xx_hal_spi.o
    0x0800478c   0x0800478c   0x000000dc   Code   RO         2399    i.SPI_WaitFifoStateUntilTimeout  stm32g4xx_hal_spi.o
    0x08004868   0x08004868   0x000000b8   Code   RO         2400    i.SPI_WaitFlagStateUntilTimeout  stm32g4xx_hal_spi.o
    0x08004920   0x08004920   0x00000002   Code   RO          209    i.SVC_Handler       stm32g4xx_it.o
    0x08004922   0x08004922   0x00000002   PAD
    0x08004924   0x08004924   0x000007f8   Code   RO         4856    i.Sensorless_Control  motor_sensorless.o
    0x0800511c   0x0800511c   0x0000030c   Code   RO         4832    i.Sensoruse_Control  motor_sensoruse.o
    0x08005428   0x08005428   0x00000004   Code   RO          210    i.SysTick_Handler   stm32g4xx_it.o
    0x0800542c   0x0800542c   0x00000066   Code   RO           20    i.SystemClock_Config  main.o
    0x08005492   0x08005492   0x00000002   PAD
    0x08005494   0x08005494   0x00000010   Code   RO         4380    i.SystemInit        system_stm32g4xx.o
    0x080054a4   0x080054a4   0x0000000c   Code   RO          211    i.TIM1_UP_TIM16_IRQHandler  stm32g4xx_it.o
    0x080054b0   0x080054b0   0x000000bc   Code   RO         2791    i.TIM_Base_SetConfig  stm32g4xx_hal_tim.o
    0x0800556c   0x0800556c   0x0000001a   Code   RO         2792    i.TIM_CCxChannelCmd  stm32g4xx_hal_tim.o
    0x08005586   0x08005586   0x00000014   Code   RO         2802    i.TIM_ETR_SetConfig  stm32g4xx_hal_tim.o
    0x0800559a   0x0800559a   0x00000002   PAD
    0x0800559c   0x0800559c   0x00000014   Code   RO         2803    i.TIM_ITRx_SetConfig  stm32g4xx_hal_tim.o
    0x080055b0   0x080055b0   0x0000009c   Code   RO         2804    i.TIM_OC1_SetConfig  stm32g4xx_hal_tim.o
    0x0800564c   0x0800564c   0x00000090   Code   RO         2805    i.TIM_OC2_SetConfig  stm32g4xx_hal_tim.o
    0x080056dc   0x080056dc   0x00000090   Code   RO         2806    i.TIM_OC3_SetConfig  stm32g4xx_hal_tim.o
    0x0800576c   0x0800576c   0x00000090   Code   RO         2807    i.TIM_OC4_SetConfig  stm32g4xx_hal_tim.o
    0x080057fc   0x080057fc   0x00000070   Code   RO         2808    i.TIM_OC5_SetConfig  stm32g4xx_hal_tim.o
    0x0800586c   0x0800586c   0x00000070   Code   RO         2809    i.TIM_OC6_SetConfig  stm32g4xx_hal_tim.o
    0x080058dc   0x080058dc   0x00000022   Code   RO         2811    i.TIM_TI1_ConfigInputStage  stm32g4xx_hal_tim.o
    0x080058fe   0x080058fe   0x00000024   Code   RO         2813    i.TIM_TI2_ConfigInputStage  stm32g4xx_hal_tim.o
    0x08005922   0x08005922   0x00000002   PAD
    0x08005924   0x08005924   0x00000090   Code   RO         5038    i.T_Shaped_Acc_Dec  speed_drv.o
    0x080059b4   0x080059b4   0x00000044   Code   RO         4275    i.UARTEx_SetNbDataToProcess  stm32g4xx_hal_uart_ex.o
    0x080059f8   0x080059f8   0x000000c8   Code   RO         3884    i.UART_AdvFeatureConfig  stm32g4xx_hal_uart.o
    0x08005ac0   0x08005ac0   0x000000ac   Code   RO         3885    i.UART_CheckIdleState  stm32g4xx_hal_uart.o
    0x08005b6c   0x08005b6c   0x00000054   Code   RO         3896    i.UART_EndRxTransfer  stm32g4xx_hal_uart.o
    0x08005bc0   0x08005bc0   0x00000270   Code   RO         3902    i.UART_SetConfig    stm32g4xx_hal_uart.o
    0x08005e30   0x08005e30   0x00000092   Code   RO         3909    i.UART_WaitOnFlagUntilTimeout  stm32g4xx_hal_uart.o
    0x08005ec2   0x08005ec2   0x00000002   Code   RO          212    i.UsageFault_Handler  stm32g4xx_it.o
    0x08005ec4   0x08005ec4   0x00000024   Code   RO         4668    i.Usart_Task        usart_task.o
    0x08005ee8   0x08005ee8   0x00000020   Code   RO         2218    i.__NVIC_SetPriority  stm32g4xx_hal_cortex.o
    0x08005f08   0x08005f08   0x0000000e   Code   RO         5258    i.__scatterload_copy  mc_w.l(handlers.o)
    0x08005f16   0x08005f16   0x00000002   Code   RO         5259    i.__scatterload_null  mc_w.l(handlers.o)
    0x08005f18   0x08005f18   0x0000000e   Code   RO         5260    i.__scatterload_zeroinit  mc_w.l(handlers.o)
    0x08005f26   0x08005f26   0x0000002a   Code   RO           21    i.main              main.o
    0x08005f50   0x08005f50   0x00000018   Data   RO         3910    .constdata          stm32g4xx_hal_uart.o
    0x08005f68   0x08005f68   0x00000010   Data   RO         4276    .constdata          stm32g4xx_hal_uart_ex.o
    0x08005f78   0x08005f78   0x00000010   Data   RO         4381    .constdata          system_stm32g4xx.o
    0x08005f88   0x08005f88   0x00000008   Data   RO         4382    .constdata          system_stm32g4xx.o
    0x08005f90   0x08005f90   0x00006ad2   Data   RO         4469    .constdata          lcd_drv.o
    0x0800ca62   0x0800ca62   0x00000200   Data   RO         5069    .constdata          math_drv.o
    0x0800cc62   0x0800cc62   0x00000002   PAD
    0x0800cc64   0x0800cc64   0x00000020   Data   RO         5256    Region$$Table       anon$$obj.o


    Execution Region RW_IRAM1 (Exec base: 0x20000000, Load base: 0x0800cc84, Size: 0x00000980, Max: 0x00008000, ABSOLUTE)

    Exec Addr    Load Addr    Size         Type   Attr      Idx    E Section Name        Object

    0x20000000   0x0800cc84   0x0000000c   Data   RW          878    .data               stm32g4xx_hal.o
    0x2000000c   0x0800cc90   0x00000004   Data   RW         4383    .data               system_stm32g4xx.o
    0x20000010   0x0800cc94   0x00000004   Data   RW         4418    .data               led_task.o
    0x20000014   0x0800cc98   0x00000004   Data   RW         4602    .data               lcd_task.o
    0x20000018   0x0800cc9c   0x00000004   Data   RW         4669    .data               usart_task.o
    0x2000001c   0x0800cca0   0x0000000a   Data   RW         4857    .data               motor_sensorless.o
    0x20000026   0x0800ccaa   0x00000002   PAD
    0x20000028        -       0x000001fc   Zero   RW           22    .bss                main.o
    0x20000224        -       0x00000358   Zero   RW         4882    .bss                motor_publicdata.o
    0x2000057c   0x0800ccaa   0x00000004   PAD
    0x20000580        -       0x00000400   Zero   RW            1    STACK               startup_stm32g431xx.o


==============================================================================

Image component sizes


      Code (inc. data)   RO Data    RW Data    ZI Data      Debug   Object Name

       142         10          0          0          0       1422   encoder_drv.o
       636         42          0          0          0       3351   foc_drv.o
       338         48          0          0          0       2974   global_control.o
       848         16      27346          0          0       8502   lcd_drv.o
        40          6          0          4          0       1046   lcd_task.o
        56         10          0          4          0       1058   led_task.o
      1324         94          0          0        508     693498   main.o
       276          8        512          0          0       1894   math_drv.o
       588         42          0          0          0        969   motor_identify.o
       404         80          0          0        856       3153   motor_publicdata.o
      2040        106          0         10          0       1973   motor_sensorless.o
       780         32          0          0          0       1116   motor_sensoruse.o
       220         28          0          0          0       6163   motor_system.o
       872         22          0          0          0       2400   observer_drv.o
       140          0          0          0          0        858   pid_drv.o
        96          0          0          0          0        865   position_drv.o
       206          0          0          0          0       1965   sample_drv.o
       252          6          0          0          0       1433   speed_drv.o
        36          8        472          0       1024        824   startup_stm32g431xx.o
       162         24          0         12          0       4285   stm32g4xx_hal.o
      2444        112          0          0          0      78995   stm32g4xx_hal_adc.o
      1682         72          0          0          0      76155   stm32g4xx_hal_adc_ex.o
       198         14          0          0          0      33775   stm32g4xx_hal_cortex.o
       458         32          0          0          0       2845   stm32g4xx_hal_gpio.o
       720         86          0          0          0       5256   stm32g4xx_hal_msp.o
       204         18          0          0          0       1425   stm32g4xx_hal_pwr_ex.o
      1632         82          0          0          0       6436   stm32g4xx_hal_rcc.o
       668          8          0          0          0       1980   stm32g4xx_hal_rcc_ex.o
      1104         10          0          0          0       5782   stm32g4xx_hal_spi.o
      3006        264          0          0          0      21533   stm32g4xx_hal_tim.o
       326         32          0          0          0       6528   stm32g4xx_hal_tim_ex.o
      1332         70         24          0          0      25154   stm32g4xx_hal_uart.o
       282          6         16          0          0       3653   stm32g4xx_hal_uart_ex.o
        44         12          0          0          0       5602   stm32g4xx_it.o
        16          4         24          4          0       1115   system_stm32g4xx.o
        36          4          0          4          0       1128   usart_task.o

    ----------------------------------------------------------------------
     23642       1408      28428         40       2392    1017111   Object Totals
         0          0         32          0          0          0   (incl. Generated)
        34          0          2          2          4          0   (incl. Padding)

    ----------------------------------------------------------------------

      Code (inc. data)   RO Data    RW Data    ZI Data      Debug   Library Member Name

         0          0          0          0          0          0   entry.o
         0          0          0          0          0          0   entry10a.o
         0          0          0          0          0          0   entry11a.o
         4          0          0          0          0          0   entry12b.o
         8          4          0          0          0          0   entry2.o
         4          0          0          0          0          0   entry5.o
         0          0          0          0          0          0   entry7b.o
         0          0          0          0          0          0   entry8b.o
         8          4          0          0          0          0   entry9a.o
        30          0          0          0          0          0   handlers.o
        36          8          0          0          0         68   init.o
        30          0          0          0          0         68   llshl.o
        32          0          0          0          0         68   llushr.o
        36          0          0          0          0        108   memseta.o
        98          0          0          0          0         92   uldiv.o

    ----------------------------------------------------------------------
       286         16          0          0          0        404   Library Totals
         0          0          0          0          0          0   (incl. Padding)

    ----------------------------------------------------------------------

      Code (inc. data)   RO Data    RW Data    ZI Data      Debug   Library Name

       286         16          0          0          0        404   mc_w.l

    ----------------------------------------------------------------------
       286         16          0          0          0        404   Library Totals

    ----------------------------------------------------------------------

==============================================================================


      Code (inc. data)   RO Data    RW Data    ZI Data      Debug   

     23928       1424      28428         40       2392    1003015   Grand Totals
     23928       1424      28428         40       2392    1003015   ELF Image Totals
     23928       1424      28428         40          0          0   ROM Totals

==============================================================================

    Total RO  Size (Code + RO Data)                52356 (  51.13kB)
    Total RW  Size (RW Data + ZI Data)              2432 (   2.38kB)
    Total ROM Size (Code + RO Data + RW Data)      52396 (  51.17kB)

==============================================================================

